Component: ARM Compiler 5.06 (build 20) Tool: armlink [4d35a3]

==============================================================================

Section Cross References

    startup_stm32f10x_hd.o(RESET) refers to startup_stm32f10x_hd.o(.text) for Reset_Handler
    startup_stm32f10x_hd.o(RESET) refers to stm32f10x_it.o(.text) for NMI_Handler
    startup_stm32f10x_hd.o(RESET) refers to systick.o(.text) for SysTick_Handler
    startup_stm32f10x_hd.o(RESET) refers to tim.o(.text) for TIM3_IRQHandler
    startup_stm32f10x_hd.o(RESET) refers to usart.o(.text) for USART1_IRQHandler
    startup_stm32f10x_hd.o(.text) refers to startup_stm32f10x_hd.o(STACK) for __initial_sp
    startup_stm32f10x_hd.o(.text) refers to entry.o(.ARM.Collect$$$$00000000) for __main
    system_stm32f10x.o(.text) refers to system_stm32f10x.o(.data) for SystemCoreClock
    stm32f10x_rcc.o(.text) refers to stm32f10x_rcc.o(.data) for APBAHBPrescTable
    stm32f10x_gpio.o(.text) refers to stm32f10x_rcc.o(.text) for RCC_APB2PeriphResetCmd
    stm32f10x_usart.o(.text) refers to stm32f10x_rcc.o(.text) for RCC_APB2PeriphResetCmd
    stm32f10x_adc.o(.text) refers to stm32f10x_rcc.o(.text) for RCC_APB2PeriphResetCmd
    stm32f10x_tim.o(.text) refers to stm32f10x_rcc.o(.text) for RCC_APB2PeriphResetCmd
    stm32f10x_pwr.o(.text) refers to stm32f10x_rcc.o(.text) for RCC_APB1PeriphResetCmd
    stm32f10x_dac.o(.text) refers to stm32f10x_rcc.o(.text) for RCC_APB1PeriphResetCmd
    ioinput.o(.text) refers to stm32f10x_rcc.o(.text) for RCC_APB2PeriphClockCmd
    ioinput.o(.text) refers to stm32f10x_gpio.o(.text) for GPIO_Init
    ioinput.o(.text) refers to ioinput.o(.data) for InPinTable
    iooutput.o(.text) refers to stm32f10x_rcc.o(.text) for RCC_APB2PeriphClockCmd
    iooutput.o(.text) refers to stm32f10x_gpio.o(.text) for GPIO_Init
    iooutput.o(.text) refers to iooutput.o(.data) for OutPinTable
    encoder.o(.text) refers to stm32f10x_rcc.o(.text) for RCC_APB2PeriphClockCmd
    encoder.o(.text) refers to stm32f10x_gpio.o(.text) for GPIO_Init
    encoder.o(.text) refers to stm32f10x_tim.o(.text) for TIM_DeInit
    encoder.o(.text) refers to dflti.o(.text) for __aeabi_i2d
    encoder.o(.text) refers to dadd.o(.text) for __aeabi_dadd
    encoder.o(.text) refers to fmul.o(.text) for __aeabi_fmul
    encoder.o(.text) refers to f2d.o(.text) for __aeabi_f2d
    encoder.o(.text) refers to ddiv.o(.text) for __aeabi_ddiv
    encoder.o(.text) refers to d2f.o(.text) for __aeabi_d2f
    encoder.o(.text) refers to cfrcmple.o(.text) for __aeabi_cfrcmple
    encoder.o(.text) refers to fadd.o(.text) for __aeabi_fsub
    encoder.o(.text) refers to cfcmple.o(.text) for __aeabi_cfcmple
    encoder.o(.text) refers to cos.o(i.cos) for cos
    encoder.o(.text) refers to dmul.o(.text) for __aeabi_dmul
    encoder.o(.text) refers to sin.o(i.sin) for sin
    encoder.o(.text) refers to encoder.o(.data) for PrePulse
    encoder.o(.text) refers to pid.o(.bss) for left
    encoder.o(.text) refers to encoder.o(.bss) for rl
    motor.o(.text) refers to stm32f10x_rcc.o(.text) for RCC_APB2PeriphClockCmd
    motor.o(.text) refers to stm32f10x_gpio.o(.text) for GPIO_Init
    motor.o(.text) refers to stm32f10x_tim.o(.text) for TIM_DeInit
    sensor.o(.text) refers to stm32f10x_rcc.o(.text) for RCC_APB2PeriphClockCmd
    sensor.o(.text) refers to stm32f10x_gpio.o(.text) for GPIO_Init
    sensor.o(.text) refers to stm32f10x_adc.o(.text) for ADC_Init
    sensor.o(.text) refers to sensor.o(.constdata) for AD_Map
    servo.o(.text) refers to stm32f10x_rcc.o(.text) for RCC_APB2PeriphClockCmd
    servo.o(.text) refers to stm32f10x_gpio.o(.text) for GPIO_Init
    servo.o(.text) refers to stm32f10x_tim.o(.text) for TIM_TimeBaseInit
    usart.o(.text) refers to stm32f10x_rcc.o(.text) for RCC_APB2PeriphClockCmd
    usart.o(.text) refers to stm32f10x_gpio.o(.text) for GPIO_Init
    usart.o(.text) refers to stm32f10x_usart.o(.text) for USART_Init
    usart.o(.text) refers to misc.o(.text) for NVIC_PriorityGroupConfig
    usart.o(.text) refers to stm32f10x_dma.o(.text) for DMA_DeInit
    usart.o(.text) refers to printfa.o(i.__0vsprintf) for vsprintf
    usart.o(.text) refers to main.o(.bss) for UART4recdma
    usart.o(.text) refers to usart.o(.data) for rece
    usart.o(.text) refers to main.o(.data) for UART4_RecvFin
    pid.o(.text) refers to fflti.o(.text) for __aeabi_i2f
    pid.o(.text) refers to fmul.o(.text) for __aeabi_fmul
    pid.o(.text) refers to ffixi.o(.text) for __aeabi_f2iz
    pid.o(.text) refers to fadd.o(.text) for __aeabi_fadd
    pid.o(.text) refers to pid.o(.bss) for left
    pid.o(.text) refers to pid.o(.data) for VV_DEADLINE
    tim.o(.text) refers to stm32f10x_rcc.o(.text) for RCC_APB1PeriphClockCmd
    tim.o(.text) refers to stm32f10x_tim.o(.text) for TIM_TimeBaseInit
    tim.o(.text) refers to misc.o(.text) for NVIC_Init
    tim.o(.text) refers to encoder.o(.text) for GetEncoder2_Pulse
    tim.o(.text) refers to fflti.o(.text) for __aeabi_i2f
[...]
    ../fplib/microlib/d2f.c                  0x00000000   Number         0  d2f.o ABSOLUTE
    ../fplib/microlib/f2d.c                  0x00000000   Number         0  f2d.o ABSOLUTE
    ../fplib/microlib/fpadd.c                0x00000000   Number         0  dadd.o ABSOLUTE
    ../fplib/microlib/fpadd.c                0x00000000   Number         0  fadd.o ABSOLUTE
    ../fplib/microlib/fpdiv.c                0x00000000   Number         0  ddiv.o ABSOLUTE
    ../fplib/microlib/fpdiv.c                0x00000000   Number         0  fdiv.o ABSOLUTE
    ../fplib/microlib/fpepilogue.c           0x00000000   Number         0  depilogue.o ABSOLUTE
    ../fplib/microlib/fpepilogue.c           0x00000000   Number         0  fepilogue.o ABSOLUTE
    ../fplib/microlib/fpfix.c                0x00000000   Number         0  ffixi.o ABSOLUTE
    ../fplib/microlib/fpfix.c                0x00000000   Number         0  dfixi.o ABSOLUTE
    ../fplib/microlib/fpfix.c                0x00000000   Number         0  dfixul.o ABSOLUTE
    ../fplib/microlib/fpflt.c                0x00000000   Number         0  fflti.o ABSOLUTE
    ../fplib/microlib/fpflt.c                0x00000000   Number         0  ffltul.o ABSOLUTE
    ../fplib/microlib/fpflt.c                0x00000000   Number         0  dflti.o ABSOLUTE
    ../fplib/microlib/fpflt.c                0x00000000   Number         0  dfltui.o ABSOLUTE
    ../fplib/microlib/fpmul.c                0x00000000   Number         0  fmul.o ABSOLUTE
    ../fplib/microlib/fpmul.c                0x00000000   Number         0  dmul.o ABSOLUTE
    ../fplib/microlib/fpscalb.c              0x00000000   Number         0  dscalb.o ABSOLUTE
    ../mathlib/cos.c                         0x00000000   Number         0  cos_x.o ABSOLUTE
    ../mathlib/cos.c                         0x00000000   Number         0  cos.o ABSOLUTE
    ../mathlib/cos_i.c                       0x00000000   Number         0  cos_i.o ABSOLUTE
    ../mathlib/dunder.c                      0x00000000   Number         0  dunder.o ABSOLUTE
    ../mathlib/fpclassify.c                  0x00000000   Number         0  fpclassify.o ABSOLUTE
    ../mathlib/poly.c                        0x00000000   Number         0  poly.o ABSOLUTE
    ../mathlib/rred.c                        0x00000000   Number         0  rred.o ABSOLUTE
    ../mathlib/sin.c                         0x00000000   Number         0  sin_x.o ABSOLUTE
    ../mathlib/sin.c                         0x00000000   Number         0  sin.o ABSOLUTE
    ../mathlib/sin_i.c                       0x00000000   Number         0  sin_i.o ABSOLUTE
    ../mathlib/sin_i.c                       0x00000000   Number         0  sin_i_x.o ABSOLUTE
    CMSIS\\core_cm3.c                        0x00000000   Number         0  core_cm3.o ABSOLUTE
    CMSIS\core_cm3.c                         0x00000000   Number         0  core_cm3.o ABSOLUTE
    CMSIS\system_stm32f10x.c                 0x00000000   Number         0  system_stm32f10x.o ABSOLUTE
    Drivers\Delay.c                          0x00000000   Number         0  delay.o ABSOLUTE
    Drivers\Encoder.c                        0x00000000   Number         0  encoder.o ABSOLUTE
    Drivers\IOinput.c                        0x00000000   Number         0  ioinput.o ABSOLUTE
    Drivers\IOoutput.c                       0x00000000   Number         0  iooutput.o ABSOLUTE
    Drivers\Motor.c                          0x00000000   Number         0  motor.o ABSOLUTE
    Drivers\Pid.c                            0x00000000   Number         0  pid.o ABSOLUTE
    Drivers\Sensor.c                         0x00000000   Number         0  sensor.o ABSOLUTE
    Drivers\Servo.c                          0x00000000   Number         0  servo.o ABSOLUTE
    Drivers\Tim.c                            0x00000000   Number         0  tim.o ABSOLUTE
    Drivers\Usart.c                          0x00000000   Number         0  usart.o ABSOLUTE
    Drivers\mpu9250.c                        0x00000000   Number         0  mpu9250.o ABSOLUTE
    Libraries\src\misc.c                     0x00000000   Number         0  misc.o ABSOLUTE
    Libraries\src\stm32f10x_adc.c            0x00000000   Number         0  stm32f10x_adc.o ABSOLUTE
    Libraries\src\stm32f10x_dac.c            0x00000000   Number         0  stm32f10x_dac.o ABSOLUTE
    Libraries\src\stm32f10x_dma.c            0x00000000   Number         0  stm32f10x_dma.o ABSOLUTE
    Libraries\src\stm32f10x_exti.c           0x00000000   Number         0  stm32f10x_exti.o ABSOLUTE
    Libraries\src\stm32f10x_flash.c          0x00000000   Number         0  stm32f10x_flash.o ABSOLUTE
    Libraries\src\stm32f10x_gpio.c           0x00000000   Number         0  stm32f10x_gpio.o ABSOLUTE
    Libraries\src\stm32f10x_pwr.c            0x00000000   Number         0  stm32f10x_pwr.o ABSOLUTE
    Libraries\src\stm32f10x_rcc.c            0x00000000   Number         0  stm32f10x_rcc.o ABSOLUTE
    Libraries\src\stm32f10x_tim.c            0x00000000   Number         0  stm32f10x_tim.o ABSOLUTE
    Libraries\src\stm32f10x_usart.c          0x00000000   Number         0  stm32f10x_usart.o ABSOLUTE
    Startup\startup_stm32f10x_hd.s           0x00000000   Number         0  startup_stm32f10x_hd.o ABSOLUTE
    User\datatrans.c                         0x00000000   Number         0  datatrans.o ABSOLUTE
    User\main.c                              0x00000000   Number         0  main.o ABSOLUTE
    User\schedule.c                          0x00000000   Number         0  schedule.o ABSOLUTE
    User\stm32f10x_it.c                      0x00000000   Number         0  stm32f10x_it.o ABSOLUTE
    User\systick.c                           0x00000000   Number         0  systick.o ABSOLUTE
    cdrcmple.s                               0x00000000   Number         0  cdrcmple.o ABSOLUTE
    cfcmple.s                                0x00000000   Number         0  cfcmple.o ABSOLUTE
    cfrcmple.s                               0x00000000   Number         0  cfrcmple.o ABSOLUTE
    dc.s                                     0x00000000   Number         0  dc.o ABSOLUTE
    handlers.s                               0x00000000   Number         0  handlers.o ABSOLUTE
    init.s                                   0x00000000   Number         0  init.o ABSOLUTE
    RESET                                    0x08000000   Section      304  startup_stm32f10x_hd.o(RESET)
    .ARM.Collect$$$$00000000                 0x08000130   Section        0  entry.o(.ARM.Collect$$$$00000000)
    .ARM.Collect$$$$00000001                 0x08000130   Section        4  entry2.o(.ARM.Collect$$$$00000001)
    .ARM.Collect$$$$00000004                 0x08000134   Section        4  entry5.o(.ARM.Collect$$$$00000004)
    .ARM.Collect$$$$00000008                 0x08000138   Section        0  entry7b.o(.ARM.Collect$$$$00000008)
    .ARM.Collect$$$$0000000A                 0x08000138   Section        0  entry8b.o(.ARM.Collect$$$$0000000A)
    .ARM.Collect$$$$0000000B                 0x08000138   Section        8  entry9a.o(.ARM.Collect$$$$0000000B)
    .ARM.Collect$$$$0000000D                 0x08000140   Section        0  entry10a.o(.ARM.Collect$$$$0000000D)
    .ARM.Collect$$$$0000000F                 0x08000140   Section        0  entry11a.o(.ARM.Collect$$$$0000000F)
    .ARM.Collect$$$$00002712                 0x08000140   Section        4  entry2.o(.ARM.Collect$$$$00002712)
    __lit__00000000                          0x08000140   Data           4  entry2.o(.ARM.Collect$$$$00002712)
    .text                                    0x08000144   Section       48  startup_stm32f10x_hd.o(.text)
    .text                                    0x08000174   Section        0  system_stm32f10x.o(.text)
    SetSysClockTo72                          0x08000175   Thumb Code   214  system_stm32f10x.o(.text)
    SetSysClock                              0x0800024b   Thumb Code     8  system_stm32f10x.o(.text)
    .text                                    0x08000354   Section        0  misc.o(.text)
    .text                                    0x08000430   Section        0  stm32f10x_rcc.o(.text)
    .text                                    0x080007d4   Section        0  stm32f10x_gpio.o(.text)
    .text                                    0x08000b30   Section        0  stm32f10x_dma.o(.text)
    .text                                    0x08000d84   Section        0  stm32f10x_usart.o(.text)
    .text                                    0x0800118c   Section        0  stm32f10x_adc.o(.text)
    .text                                    0x080015dc   Section        0  stm32f10x_tim.o(.text)
    TI4_Config                               0x08001a83   Thumb Code   130  stm32f10x_tim.o(.text)
    TI3_Config                               0x08001b17   Thumb Code   122  stm32f10x_tim.o(.text)
    TI2_Config                               0x08001bab   Thumb Code   130  stm32f10x_tim.o(.text)
    TI1_Config                               0x08001c3f   Thumb Code   108  stm32f10x_tim.o(.text)
    .text                                    0x080023f6   Section        0  delay.o(.text)
    .text                                    0x08002434   Section        0  ioinput.o(.text)
    .text                                    0x08002518   Section        0  iooutput.o(.text)
    .text                                    0x08002634   Section        0  encoder.o(.text)
    .text                                    0x08002ad8   Section        0  motor.o(.text)
    .text                                    0x08002c34   Section        0  sensor.o(.text)
    .text                                    0x08002d3c   Section        0  servo.o(.text)
    .text                                    0x08002e28   Section        0  usart.o(.text)
    BSP_dmaInit                              0x08002ed1   Thumb Code    90  usart.o(.text)
    .text                                    0x0800306c   Section        0  pid.o(.text)
    .text                                    0x08003364   Section        0  tim.o(.text)
    .text                                    0x080034fc   Section        0  mpu9250.o(.text)
    .text                                    0x08003fec   Section        0  main.o(.text)
    .text                                    0x080042f0   Section        0  stm32f10x_it.o(.text)
    .text                                    0x0800442c   Section        0  schedule.o(.text)
    .text                                    0x0800460c   Section        0  systick.o(.text)
    .text                                    0x080047ac   Section        0  datatrans.o(.text)
    .text                                    0x08004b0c   Section        0  fadd.o(.text)
    .text                                    0x08004bbc   Section        0  fmul.o(.text)
    .text                                    0x08004c20   Section        0  fdiv.o(.text)
    .text                                    0x08004c9c   Section        0  dadd.o(.text)
    .text                                    0x08004dea   Section        0  dmul.o(.text)
    .text                                    0x08004ece   Section        0  ddiv.o(.text)
    .text                                    0x08004fac   Section        0  fflti.o(.text)
    .text                                    0x08004fbe   Section        0  ffltul.o(.text)
    .text                                    0x08004fda   Section        0  dflti.o(.text)
    .text                                    0x08004ffc   Section        0  ffixi.o(.text)
    .text                                    0x0800502e   Section        0  f2d.o(.text)
    .text                                    0x08005054   Section        0  d2f.o(.text)
    .text                                    0x0800508c   Section       20  cfcmple.o(.text)
    .text                                    0x080050a0   Section       20  cfrcmple.o(.text)
    .text                                    0x080050b4   Section        0  uidiv.o(.text)
    .text                                    0x080050e0   Section        0  uldiv.o(.text)
    .text                                    0x08005142   Section        0  llshl.o(.text)
    .text                                    0x08005160   Section        0  llsshr.o(.text)
    .text                                    0x08005184   Section        0  fepilogue.o(.text)
    .text                                    0x08005184   Section        0  iusefp.o(.text)
    .text                                    0x080051f2   Section        0  depilogue.o(.text)
    .text                                    0x080052ac   Section        0  dfixul.o(.text)
    .text                                    0x080052dc   Section       48  cdrcmple.o(.text)
    .text                                    0x0800530c   Section       36  init.o(.text)
    .text                                    0x08005330   Section        0  llushr.o(.text)
    .text                                    0x08005350   Section        0  dscalb.o(.text)
    .text                                    0x0800537e   Section        0  dfltui.o(.text)
    .text                                    0x08005398   Section        0  dfixi.o(.text)
    .text                                    0x080053d6   Section        0  __dczerorl2.o(.text)
    i.__0vsprintf                            0x0800542c   Section        0  printfa.o(i.__0vsprintf)
    i.__ARM_fpclassify                       0x08005450   Section        0  fpclassify.o(i.__ARM_fpclassify)
    i.__ieee754_rem_pio2                     0x08005478   Section        0  rred.o(i.__ieee754_rem_pio2)
    i.__kernel_cos                           0x08005800   Section        0  cos_i.o(i.__kernel_cos)
    i.__kernel_poly                          0x080058fc   Section        0  poly.o(i.__kernel_poly)
    i.__kernel_sin                           0x080059a8   Section        0  sin_i.o(i.__kernel_sin)
    i.__mathlib_dbl_infnan                   0x08005a94   Section        0  dunder.o(i.__mathlib_dbl_infnan)
    i.__mathlib_dbl_invalid                  0x08005a9a   Section        0  dunder.o(i.__mathlib_dbl_invalid)
    i.__mathlib_dbl_underflow                0x08005aa8   Section        0  dunder.o(i.__mathlib_dbl_underflow)
    i.__scatterload_copy                     0x08005ab8   Section       14  handlers.o(i.__scatterload_copy)
    i.__scatterload_null                     0x08005ac6   Section        2  handlers.o(i.__scatterload_null)
    i.__scatterload_zeroinit                 0x08005ac8   Section       14  handlers.o(i.__scatterload_zeroinit)
    i.__set_errno                            0x08005ad8   Section        0  errno.o(i.__set_errno)
    i._fp_digits                             0x08005ae4   Section        0  printfa.o(i._fp_digits)
    _fp_digits                               0x08005ae5   Thumb Code   334  printfa.o(i._fp_digits)
    i._printf_core                           0x08005c48   Section        0  printfa.o(i._printf_core)
    _printf_core                             0x08005c49   Thumb Code  1744  printfa.o(i._printf_core)
    i._printf_post_padding                   0x08006324   Section        0  printfa.o(i._printf_post_padding)
    _printf_post_padding                     0x08006325   Thumb Code    36  printfa.o(i._printf_post_padding)
    i._printf_pre_padding                    0x08006348   Section        0  printfa.o(i._printf_pre_padding)
    _printf_pre_padding                      0x08006349   Thumb Code    46  printfa.o(i._printf_pre_padding)
    i._sputc                                 0x08006376   Section        0  printfa.o(i._sputc)
    _sputc                                   0x08006377   Thumb Code    10  printfa.o(i._sputc)
    i.cos                                    0x08006380   Section        0  cos.o(i.cos)
    i.sin                                    0x0800641c   Section        0  sin.o(i.sin)
    .constdata                               0x080064bc   Section        6  sensor.o(.constdata)
    .constdata                               0x080064c8   Section       48  cos_i.o(.constdata)
    C                                        0x080064c8   Data          48  cos_i.o(.constdata)
    .constdata                               0x080064f8   Section      200  rred.o(.constdata)
    pio2s                                    0x080064f8   Data          48  rred.o(.constdata)
    twooverpi                                0x08006528   Data         152  rred.o(.constdata)
    .constdata                               0x080065c0   Section       40  sin_i.o(.constdata)
    S                                        0x080065c0   Data          40  sin_i.o(.constdata)
    .data                                    0x20000000   Section       20  system_stm32f10x.o(.data)
    .data                                    0x20000014   Section       20  stm32f10x_rcc.o(.data)
    APBAHBPrescTable                         0x20000014   Data          16  stm32f10x_rcc.o(.data)
    ADCPrescTable                            0x20000024   Data           4  stm32f10x_rcc.o(.data)
    .data                                    0x20000028   Section       34  ioinput.o(.data)
    .data                                    0x2000004a   Section       18  iooutput.o(.data)
    .data                                    0x20000060   Section       76  encoder.o(.data)
    PrePulse                                 0x2000009c   Data           4  encoder.o(.data)
    PrePulse                                 0x200000a0   Data           4  encoder.o(.data)
    PrePulse                                 0x200000a4   Data           4  encoder.o(.data)
    PrePulse                                 0x200000a8   Data           4  encoder.o(.data)
    .data                                    0x200000ac   Section        1  usart.o(.data)
    .data                                    0x200000b0   Section       28  pid.o(.data)
    .data                                    0x200000cc   Section       12  tim.o(.data)
    .data                                    0x200000d8   Section       45  mpu9250.o(.data)
    magFilterCnt                             0x20000100   Data           4  mpu9250.o(.data)
    magFilterIsFull                          0x20000104   Data           1  mpu9250.o(.data)
    .data                                    0x20000108   Section       71  main.o(.data)
    .data                                    0x2000014f   Section        1  stm32f10x_it.o(.data)
    rCnt                                     0x2000014f   Data           1  stm32f10x_it.o(.data)
    .data                                    0x20000150   Section       24  systick.o(.data)
    .data                                    0x20000168   Section       23  datatrans.o(.data)
    u4_sta                                   0x20000172   Data           1  datatrans.o(.data)
    u4_cnt                                   0x20000173   Data           1  datatrans.o(.data)
    u4_len                                   0x20000174   Data           1  datatrans.o(.data)
    u4_tx_cnt                                0x20000178   Data           4  datatrans.o(.data)
    u4_sta                                   0x2000017c   Data           1  datatrans.o(.data)
    u4_cnt                                   0x2000017d   Data           1  datatrans.o(.data)
    u4_len                                   0x2000017e   Data           1  datatrans.o(.data)
    .data                                    0x20000180   Section        4  errno.o(.data)
    _errno                                   0x20000180   Data           4  errno.o(.data)
    .bss                                     0x20000184   Section       12  encoder.o(.bss)
    .bss                                     0x20000190   Section      240  pid.o(.bss)
    .bss                                     0x20000280   Section      204  mpu9250.o(.bss)
    magFilter                                0x200002e0   Data          96  mpu9250.o(.bss)
    magSum                                   0x20000340   Data          12  mpu9250.o(.bss)
    .bss                                     0x2000034c   Section       44  main.o(.bss)
    .bss                                     0x20000378   Section       32  schedule.o(.bss)
    .bss                                     0x20000398   Section       60  systick.o(.bss)
    .bss                                     0x200003d4   Section      128  datatrans.o(.bss)
    STACK                                    0x20000458   Section     2048  startup_stm32f10x_hd.o(STACK)

    Global Symbols

    Symbol Name                              Value     Ov Type        Size  Object(Section)

    BuildAttributes$$THM_ISAv4$P$D$K$B$S$PE$A:L22UL41UL21$X:L11$S22US41US21$IEEE1$IW$USESV6$~STKCKD$USESV7$~SHL$OTIME$ROPI$IEEEX$EBA8$MICROLIB$REQ8$PRES8$EABIv2 0x00000000   Number         0  anon$$obj.o ABSOLUTE
    __ARM_use_no_argv                        0x00000000   Number         0  main.o ABSOLUTE
    __cpp_initialize__aeabi_                  - Undefined Weak Reference
    __cxa_finalize                            - Undefined Weak Reference
    _clock_init                               - Undefined Weak Reference
    _microlib_exit                            - Undefined Weak Reference
    __Vectors_Size                           0x00000130   Number         0  startup_stm32f10x_hd.o ABSOLUTE
    __Vectors                                0x08000000   Data           4  startup_stm32f10x_hd.o(RESET)
    __Vectors_End                            0x08000130   Data           0  startup_stm32f10x_hd.o(RESET)
    __main                                   0x08000131   Thumb Code     0  entry.o(.ARM.Collect$$$$00000000)
    _main_stk                                0x08000131   Thumb Code     0  entry2.o(.ARM.Collect$$$$00000001)
    _main_scatterload                        0x08000135   Thumb Code     0  entry5.o(.ARM.Collect$$$$00000004)
    __main_after_scatterload                 0x08000139   Thumb Code     0  entry5.o(.ARM.Collect$$$$00000004)
    _main_clock                              0x08000139   Thumb Code     0  entry7b.o(.ARM.Collect$$$$00000008)
    _main_cpp_init                           0x08000139   Thumb Code     0  entry8b.o(.ARM.Collect$$$$0000000A)
    _main_init                               0x08000139   Thumb Code     0  entry9a.o(.ARM.Collect$$$$0000000B)
    __rt_final_cpp                           0x08000141   Thumb Code     0  entry10a.o(.ARM.Collect$$$$0000000D)
    __rt_final_exit                          0x08000141   Thumb Code     0  entry11a.o(.ARM.Collect$$$$0000000F)
    SystemInit_ExtMemCtl                     0x08000145   Thumb Code     2  startup_stm32f10x_hd.o(.text)
    Reset_Handler                            0x08000147   Thumb Code    14  startup_stm32f10x_hd.o(.text)
    ADC1_2_IRQHandler                        0x08000167   Thumb Code     0  startup_stm32f10x_hd.o(.text)
    ADC3_IRQHandler                          0x08000167   Thumb Code     0  startup_stm32f10x_hd.o(.text)
    CAN1_RX1_IRQHandler                      0x08000167   Thumb Code     0  startup_stm32f10x_hd.o(.text)
    CAN1_SCE_IRQHandler                      0x08000167   Thumb Code     0  startup_stm32f10x_hd.o(.text)
    DMA1_Channel1_IRQHandler                 0x08000167   Thumb Code     0  startup_stm32f10x_hd.o(.text)
    DMA1_Channel2_IRQHandler                 0x08000167   Thumb Code     0  startup_stm32f10x_hd.o(.text)
    DMA1_Channel3_IRQHandler                 0x08000167   Thumb Code     0  startup_stm32f10x_hd.o(.text)
    DMA1_Channel4_IRQHandler                 0x08000167   Thumb Code     0  startup_stm32f10x_hd.o(.text)
    DMA1_Channel5_IRQHandler                 0x08000167   Thumb Code     0  startup_stm32f10x_hd.o(.text)
    DMA1_Channel6_IRQHandler                 0x08000167   Thumb Code     0  startup_stm32f10x_hd.o(.text)
    DMA1_Channel7_IRQHandler                 0x08000167   Thumb Code     0  startup_stm32f10x_hd.o(.text)
    DMA2_Channel1_IRQHandler                 0x08000167   Thumb Code     0  startup_stm32f10x_hd.o(.text)
    DMA2_Channel2_IRQHandler                 0x08000167   Thumb Code     0  startup_stm32f10x_hd.o(.text)
    DMA2_Channel3_IRQHandler                 0x08000167   Thumb Code     0  startup_stm32f10x_hd.o(.text)
    DMA2_Channel4_5_IRQHandler               0x08000167   Thumb Code     0  startup_stm32f10x_hd.o(.text)
    EXTI0_IRQHandler                         0x08000167   Thumb Code     0  startup_stm32f10x_hd.o(.text)
    EXTI15_10_IRQHandler                     0x08000167   Thumb Code     0  startup_stm32f10x_hd.o(.text)
    EXTI1_IRQHandler                         0x08000167   Thumb Code     0  startup_stm32f10x_hd.o(.text)
    EXTI2_IRQHandler                         0x08000167   Thumb Code     0  startup_stm32f10x_hd.o(.text)
    EXTI3_IRQHandler                         0x08000167   Thumb Code     0  startup_stm32f10x_hd.o(.text)
    EXTI4_IRQHandler                         0x08000167   Thumb Code     0  startup_stm32f10x_hd.o(.text)
    EXTI9_5_IRQHandler                       0x08000167   Thumb Code     0  startup_stm32f10x_hd.o(.text)
    FLASH_IRQHandler                         0x08000167   Thumb Code     0  startup_stm32f10x_hd.o(.text)
    FSMC_IRQHandler                          0x08000167   Thumb Code     0  startup_stm32f10x_hd.o(.text)
    I2C1_ER_IRQHandler                       0x08000167   Thumb Code     0  startup_stm32f10x_hd.o(.text)
    I2C1_EV_IRQHandler                       0x08000167   Thumb Code     0  startup_stm32f10x_hd.o(.text)
    I2C2_ER_IRQHandler                       0x08000167   Thumb Code     0  startup_stm32f10x_hd.o(.text)
    I2C2_EV_IRQHandler                       0x08000167   Thumb Code     0  startup_stm32f10x_hd.o(.text)
    PVD_IRQHandler                           0x08000167   Thumb Code     0  startup_stm32f10x_hd.o(.text)
    RCC_IRQHandler                           0x08000167   Thumb Code     0  startup_stm32f10x_hd.o(.text)
    RTCAlarm_IRQHandler                      0x08000167   Thumb Code     0  startup_stm32f10x_hd.o(.text)
    RTC_IRQHandler                           0x08000167   Thumb Code     0  startup_stm32f10x_hd.o(.text)
    SDIO_IRQHandler                          0x08000167   Thumb Code     0  startup_stm32f10x_hd.o(.text)
    SPI1_IRQHandler                          0x08000167   Thumb Code     0  startup_stm32f10x_hd.o(.text)
    SPI2_IRQHandler                          0x08000167   Thumb Code     0  startup_stm32f10x_hd.o(.text)
    SPI3_IRQHandler                          0x08000167   Thumb Code     0  startup_stm32f10x_hd.o(.text)
    TAMPER_IRQHandler                        0x08000167   Thumb Code     0  startup_stm32f10x_hd.o(.text)
    TIM1_BRK_IRQHandler                      0x08000167   Thumb Code     0  startup_stm32f10x_hd.o(.text)
    TIM1_CC_IRQHandler                       0x08000167   Thumb Code     0  startup_stm32f10x_hd.o(.text)
    TIM1_TRG_COM_IRQHandler                  0x08000167   Thumb Code     0  startup_stm32f10x_hd.o(.text)
    TIM1_UP_IRQHandler                       0x08000167   Thumb Code     0  startup_stm32f10x_hd.o(.text)
    TIM5_IRQHandler                          0x08000167   Thumb Code     0  startup_stm32f10x_hd.o(.text)
    TIM6_IRQHandler                          0x08000167   Thumb Code     0  startup_stm32f10x_hd.o(.text)
    TIM7_IRQHandler                          0x08000167   Thumb Code     0  startup_stm32f10x_hd.o(.text)
    TIM8_BRK_IRQHandler                      0x08000167   Thumb Code     0  startup_stm32f10x_hd.o(.text)
    TIM8_CC_IRQHandler                       0x08000167   Thumb Code     0  startup_stm32f10x_hd.o(.text)
    TIM8_TRG_COM_IRQHandler                  0x08000167   Thumb Code     0  startup_stm32f10x_hd.o(.text)
    TIM8_UP_IRQHandler                       0x08000167   Thumb Code     0  startup_stm32f10x_hd.o(.text)
    UART5_IRQHandler                         0x08000167   Thumb Code     0  startup_stm32f10x_hd.o(.text)
    USART2_IRQHandler                        0x08000167   Thumb Code     0  startup_stm32f10x_hd.o(.text)
    USART3_IRQHandler                        0x08000167   Thumb Code     0  startup_stm32f10x_hd.o(.text)
    USBWakeUp_IRQHandler                     0x08000167   Thumb Code     0  startup_stm32f10x_hd.o(.text)
    USB_HP_CAN1_TX_IRQHandler                0x08000167   Thumb Code     0  startup_stm32f10x_hd.o(.text)
    USB_LP_CAN1_RX0_IRQHandler               0x08000167   Thumb Code     0  startup_stm32f10x_hd.o(.text)
    WWDG_IRQHandler                          0x08000167   Thumb Code     0  startup_stm32f10x_hd.o(.text)
    SystemInit                               0x08000253   Thumb Code    78  system_stm32f10x.o(.text)
    SystemCoreClockUpdate                    0x080002a1   Thumb Code   142  system_stm32f10x.o(.text)
    NVIC_PriorityGroupConfig                 0x08000355   Thumb Code    10  misc.o(.text)
    NVIC_Init                                0x0800035f   Thumb Code   100  misc.o(.text)
    NVIC_SetVectorTable                      0x080003c3   Thumb Code    14  misc.o(.text)
    NVIC_SystemLPConfig                      0x080003d1   Thumb Code    34  misc.o(.text)
    SysTick_CLKSourceConfig                  0x080003f3   Thumb Code    40  misc.o(.text)
    RCC_DeInit                               0x08000431   Thumb Code    64  stm32f10x_rcc.o(.text)
    RCC_HSEConfig                            0x08000471   Thumb Code    70  stm32f10x_rcc.o(.text)
    RCC_GetFlagStatus                        0x080004b7   Thumb Code    56  stm32f10x_rcc.o(.text)
    RCC_WaitForHSEStartUp                    0x080004ef   Thumb Code    56  stm32f10x_rcc.o(.text)
    RCC_AdjustHSICalibrationValue            0x08000527   Thumb Code    20  stm32f10x_rcc.o(.text)
    RCC_HSICmd                               0x0800053b   Thumb Code     6  stm32f10x_rcc.o(.text)
    RCC_PLLConfig                            0x08000541   Thumb Code    24  stm32f10x_rcc.o(.text)
    RCC_PLLCmd                               0x08000559   Thumb Code     6  stm32f10x_rcc.o(.text)
    RCC_SYSCLKConfig                         0x0800055f   Thumb Code    18  stm32f10x_rcc.o(.text)
    RCC_GetSYSCLKSource                      0x08000571   Thumb Code    10  stm32f10x_rcc.o(.text)
    RCC_HCLKConfig                           0x0800057b   Thumb Code    18  stm32f10x_rcc.o(.text)
    RCC_PCLK1Config                          0x0800058d   Thumb Code    18  stm32f10x_rcc.o(.text)
    RCC_PCLK2Config                          0x0800059f   Thumb Code    20  stm32f10x_rcc.o(.text)
    RCC_ITConfig                             0x080005b3   Thumb Code    26  stm32f10x_rcc.o(.text)
    RCC_USBCLKConfig                         0x080005cd   Thumb Code     8  stm32f10x_rcc.o(.text)
    RCC_ADCCLKConfig                         0x080005d5   Thumb Code    18  stm32f10x_rcc.o(.text)
    RCC_LSEConfig                            0x080005e7   Thumb Code    50  stm32f10x_rcc.o(.text)
    RCC_LSICmd                               0x08000619   Thumb Code     6  stm32f10x_rcc.o(.text)
    RCC_RTCCLKConfig                         0x0800061f   Thumb Code    12  stm32f10x_rcc.o(.text)
    RCC_RTCCLKCmd                            0x0800062b   Thumb Code     8  stm32f10x_rcc.o(.text)
    RCC_GetClocksFreq                        0x08000633   Thumb Code   192  stm32f10x_rcc.o(.text)
    RCC_AHBPeriphClockCmd                    0x080006f3   Thumb Code    26  stm32f10x_rcc.o(.text)
    RCC_APB2PeriphClockCmd                   0x0800070d   Thumb Code    26  stm32f10x_rcc.o(.text)
    RCC_APB1PeriphClockCmd                   0x08000727   Thumb Code    26  stm32f10x_rcc.o(.text)
    RCC_APB2PeriphResetCmd                   0x08000741   Thumb Code    26  stm32f10x_rcc.o(.text)
    RCC_APB1PeriphResetCmd                   0x0800075b   Thumb Code    26  stm32f10x_rcc.o(.text)
    RCC_BackupResetCmd                       0x08000775   Thumb Code     8  stm32f10x_rcc.o(.text)
    RCC_ClockSecuritySystemCmd               0x0800077d   Thumb Code     6  stm32f10x_rcc.o(.text)
    RCC_MCOConfig                            0x08000783   Thumb Code     6  stm32f10x_rcc.o(.text)
    RCC_ClearFlag                            0x08000789   Thumb Code    14  stm32f10x_rcc.o(.text)
    RCC_GetITStatus                          0x08000797   Thumb Code    20  stm32f10x_rcc.o(.text)
    RCC_ClearITPendingBit                    0x080007ab   Thumb Code     6  stm32f10x_rcc.o(.text)
    GPIO_DeInit                              0x080007d5   Thumb Code   172  stm32f10x_gpio.o(.text)
    GPIO_AFIODeInit                          0x08000881   Thumb Code    20  stm32f10x_gpio.o(.text)
    GPIO_Init                                0x08000895   Thumb Code   278  stm32f10x_gpio.o(.text)
    GPIO_StructInit                          0x080009ab   Thumb Code    16  stm32f10x_gpio.o(.text)
    GPIO_ReadInputDataBit                    0x080009bb   Thumb Code    18  stm32f10x_gpio.o(.text)
    GPIO_ReadInputData                       0x080009cd   Thumb Code     8  stm32f10x_gpio.o(.text)
    GPIO_ReadOutputDataBit                   0x080009d5   Thumb Code    18  stm32f10x_gpio.o(.text)
    GPIO_ReadOutputData                      0x080009e7   Thumb Code     8  stm32f10x_gpio.o(.text)
    GPIO_SetBits                             0x080009ef   Thumb Code     4  stm32f10x_gpio.o(.text)
    GPIO_ResetBits                           0x080009f3   Thumb Code     4  stm32f10x_gpio.o(.text)
    GPIO_WriteBit                            0x080009f7   Thumb Code    10  stm32f10x_gpio.o(.text)
    GPIO_Write                               0x08000a01   Thumb Code     4  stm32f10x_gpio.o(.text)
    GPIO_PinLockConfig                       0x08000a05   Thumb Code    18  stm32f10x_gpio.o(.text)
    GPIO_EventOutputConfig                   0x08000a17   Thumb Code    26  stm32f10x_gpio.o(.text)
    GPIO_EventOutputCmd                      0x08000a31   Thumb Code     6  stm32f10x_gpio.o(.text)
    GPIO_PinRemapConfig                      0x08000a37   Thumb Code   138  stm32f10x_gpio.o(.text)
    GPIO_EXTILineConfig                      0x08000ac1   Thumb Code    66  stm32f10x_gpio.o(.text)
    GPIO_ETH_MediaInterfaceConfig            0x08000b03   Thumb Code     8  stm32f10x_gpio.o(.text)
    DMA_DeInit                               0x08000b31   Thumb Code   324  stm32f10x_dma.o(.text)
    DMA_Init                                 0x08000c75   Thumb Code    60  stm32f10x_dma.o(.text)
    DMA_StructInit                           0x08000cb1   Thumb Code    26  stm32f10x_dma.o(.text)
    DMA_Cmd                                  0x08000ccb   Thumb Code    24  stm32f10x_dma.o(.text)
    DMA_ITConfig                             0x08000ce3   Thumb Code    18  stm32f10x_dma.o(.text)
    DMA_SetCurrDataCounter                   0x08000cf5   Thumb Code     4  stm32f10x_dma.o(.text)
    DMA_GetCurrDataCounter                   0x08000cf9   Thumb Code     8  stm32f10x_dma.o(.text)
    DMA_GetFlagStatus                        0x08000d01   Thumb Code    40  stm32f10x_dma.o(.text)
    DMA_ClearFlag                            0x08000d29   Thumb Code    22  stm32f10x_dma.o(.text)
    DMA_GetITStatus                          0x08000d3f   Thumb Code    40  stm32f10x_dma.o(.text)
    DMA_ClearITPendingBit                    0x08000d67   Thumb Code    22  stm32f10x_dma.o(.text)
    USART_DeInit                             0x08000d85   Thumb Code   134  stm32f10x_usart.o(.text)
    USART_Init                               0x08000e0b   Thumb Code   210  stm32f10x_usart.o(.text)
    USART_StructInit                         0x08000edd   Thumb Code    24  stm32f10x_usart.o(.text)
    USART_ClockInit                          0x08000ef5   Thumb Code    34  stm32f10x_usart.o(.text)
    USART_ClockStructInit                    0x08000f17   Thumb Code    12  stm32f10x_usart.o(.text)
    USART_Cmd                                0x08000f23   Thumb Code    24  stm32f10x_usart.o(.text)
    USART_ITConfig                           0x08000f3b   Thumb Code    74  stm32f10x_usart.o(.text)
    USART_DMACmd                             0x08000f85   Thumb Code    18  stm32f10x_usart.o(.text)
    USART_SetAddress                         0x08000f97   Thumb Code    18  stm32f10x_usart.o(.text)
    USART_WakeUpConfig                       0x08000fa9   Thumb Code    18  stm32f10x_usart.o(.text)
    USART_ReceiverWakeUpCmd                  0x08000fbb   Thumb Code    24  stm32f10x_usart.o(.text)
    USART_LINBreakDetectLengthConfig         0x08000fd3   Thumb Code    18  stm32f10x_usart.o(.text)
    USART_LINCmd                             0x08000fe5   Thumb Code    24  stm32f10x_usart.o(.text)
    USART_SendData                           0x08000ffd   Thumb Code     8  stm32f10x_usart.o(.text)
    USART_ReceiveData                        0x08001005   Thumb Code    10  stm32f10x_usart.o(.text)
    USART_SendBreak                          0x0800100f   Thumb Code    10  stm32f10x_usart.o(.text)
    USART_SetGuardTime                       0x08001019   Thumb Code    16  stm32f10x_usart.o(.text)
    USART_SetPrescaler                       0x08001029   Thumb Code    16  stm32f10x_usart.o(.text)
    USART_SmartCardCmd                       0x08001039   Thumb Code    24  stm32f10x_usart.o(.text)
    USART_SmartCardNACKCmd                   0x08001051   Thumb Code    24  stm32f10x_usart.o(.text)
    USART_HalfDuplexCmd                      0x08001069   Thumb Code    24  stm32f10x_usart.o(.text)
    USART_OverSampling8Cmd                   0x08001081   Thumb Code    22  stm32f10x_usart.o(.text)
    USART_OneBitMethodCmd                    0x08001097   Thumb Code    24  stm32f10x_usart.o(.text)
    USART_IrDAConfig                         0x080010af   Thumb Code    18  stm32f10x_usart.o(.text)
    USART_IrDACmd                            0x080010c1   Thumb Code    24  stm32f10x_usart.o(.text)
    USART_GetFlagStatus                      0x080010d9   Thumb Code    26  stm32f10x_usart.o(.text)
    USART_ClearFlag                          0x080010f3   Thumb Code    18  stm32f10x_usart.o(.text)
    USART_GetITStatus                        0x08001105   Thumb Code    84  stm32f10x_usart.o(.text)
    USART_ClearITPendingBit                  0x08001159   Thumb Code    52  stm32f10x_usart.o(.text)
    ADC_DeInit                               0x0800118d   Thumb Code    78  stm32f10x_adc.o(.text)
    ADC_Init                                 0x080011db   Thumb Code    70  stm32f10x_adc.o(.text)
    ADC_StructInit                           0x08001221   Thumb Code    18  stm32f10x_adc.o(.text)
    ADC_Cmd                                  0x08001233   Thumb Code    22  stm32f10x_adc.o(.text)
    ADC_DMACmd                               0x08001249   Thumb Code    22  stm32f10x_adc.o(.text)
    ADC_ITConfig                             0x0800125f   Thumb Code    24  stm32f10x_adc.o(.text)
    ADC_ResetCalibration                     0x08001277   Thumb Code    10  stm32f10x_adc.o(.text)
    ADC_GetResetCalibrationStatus            0x08001281   Thumb Code    20  stm32f10x_adc.o(.text)
    ADC_StartCalibration                     0x08001295   Thumb Code    10  stm32f10x_adc.o(.text)
    ADC_GetCalibrationStatus                 0x0800129f   Thumb Code    20  stm32f10x_adc.o(.text)
    ADC_SoftwareStartConvCmd                 0x080012b3   Thumb Code    22  stm32f10x_adc.o(.text)
    ADC_GetSoftwareStartConvStatus           0x080012c9   Thumb Code    20  stm32f10x_adc.o(.text)
    ADC_DiscModeChannelCountConfig           0x080012dd   Thumb Code    24  stm32f10x_adc.o(.text)
    ADC_DiscModeCmd                          0x080012f5   Thumb Code    22  stm32f10x_adc.o(.text)
    ADC_RegularChannelConfig                 0x0800130b   Thumb Code   184  stm32f10x_adc.o(.text)
    ADC_ExternalTrigConvCmd                  0x080013c3   Thumb Code    22  stm32f10x_adc.o(.text)
    ADC_GetConversionValue                   0x080013d9   Thumb Code     8  stm32f10x_adc.o(.text)
    ADC_GetDualModeConversionValue           0x080013e1   Thumb Code     8  stm32f10x_adc.o(.text)
    ADC_AutoInjectedConvCmd                  0x080013e9   Thumb Code    22  stm32f10x_adc.o(.text)
    ADC_InjectedDiscModeCmd                  0x080013ff   Thumb Code    22  stm32f10x_adc.o(.text)
    ADC_ExternalTrigInjectedConvConfig       0x08001415   Thumb Code    16  stm32f10x_adc.o(.text)
    ADC_ExternalTrigInjectedConvCmd          0x08001425   Thumb Code    22  stm32f10x_adc.o(.text)
    ADC_SoftwareStartInjectedConvCmd         0x0800143b   Thumb Code    22  stm32f10x_adc.o(.text)
    ADC_GetSoftwareStartInjectedConvCmdStatus 0x08001451   Thumb Code    20  stm32f10x_adc.o(.text)
    ADC_InjectedChannelConfig                0x08001465   Thumb Code   130  stm32f10x_adc.o(.text)
    ADC_InjectedSequencerLengthConfig        0x080014e7   Thumb Code    24  stm32f10x_adc.o(.text)
    ADC_SetInjectedOffset                    0x080014ff   Thumb Code    20  stm32f10x_adc.o(.text)
    ADC_GetInjectedConversionValue           0x08001513   Thumb Code    28  stm32f10x_adc.o(.text)
    ADC_AnalogWatchdogCmd                    0x0800152f   Thumb Code    16  stm32f10x_adc.o(.text)
    ADC_AnalogWatchdogThresholdsConfig       0x0800153f   Thumb Code     6  stm32f10x_adc.o(.text)
    ADC_AnalogWatchdogSingleChannelConfig    0x08001545   Thumb Code    16  stm32f10x_adc.o(.text)
    ADC_TempSensorVrefintCmd                 0x08001555   Thumb Code    64  stm32f10x_adc.o(.text)
    ADC_GetFlagStatus                        0x08001595   Thumb Code    18  stm32f10x_adc.o(.text)
    ADC_ClearFlag                            0x080015a7   Thumb Code     6  stm32f10x_adc.o(.text)
    ADC_GetITStatus                          0x080015ad   Thumb Code    36  stm32f10x_adc.o(.text)
    ADC_ClearITPendingBit                    0x080015d1   Thumb Code    10  stm32f10x_adc.o(.text)
    TIM_DeInit                               0x080015dd   Thumb Code   424  stm32f10x_tim.o(.text)
    TIM_TimeBaseInit                         0x08001785   Thumb Code   122  stm32f10x_tim.o(.text)
    TIM_OC1Init                              0x080017ff   Thumb Code   132  stm32f10x_tim.o(.text)
    TIM_OC2Init                              0x08001883   Thumb Code   154  stm32f10x_tim.o(.text)
    TIM_OC3Init                              0x0800191d   Thumb Code   150  stm32f10x_tim.o(.text)
    TIM_OC4Init                              0x080019b3   Thumb Code   182  stm32f10x_tim.o(.text)
    TIM_SetIC4Prescaler                      0x08001a69   Thumb Code    26  stm32f10x_tim.o(.text)
    TIM_SetIC3Prescaler                      0x08001b05   Thumb Code    18  stm32f10x_tim.o(.text)
    TIM_SetIC2Prescaler                      0x08001b91   Thumb Code    26  stm32f10x_tim.o(.text)
    TIM_SetIC1Prescaler                      0x08001c2d   Thumb Code    18  stm32f10x_tim.o(.text)
    TIM_ICInit                               0x08001cab   Thumb Code   150  stm32f10x_tim.o(.text)
    TIM_PWMIConfig                           0x08001d41   Thumb Code   124  stm32f10x_tim.o(.text)
    TIM_BDTRConfig                           0x08001dbd   Thumb Code    32  stm32f10x_tim.o(.text)
    TIM_TimeBaseStructInit                   0x08001ddd   Thumb Code    18  stm32f10x_tim.o(.text)
    TIM_OCStructInit                         0x08001def   Thumb Code    20  stm32f10x_tim.o(.text)
    TIM_ICStructInit                         0x08001e03   Thumb Code    18  stm32f10x_tim.o(.text)
    TIM_BDTRStructInit                       0x08001e15   Thumb Code    40  stm32f10x_tim.o(.text)
    TIM_Cmd                                  0x08001e3d   Thumb Code    24  stm32f10x_tim.o(.text)
    TIM_CtrlPWMOutputs                       0x08001e55   Thumb Code    30  stm32f10x_tim.o(.text)
    TIM_ITConfig                             0x08001e73   Thumb Code    18  stm32f10x_tim.o(.text)
    TIM_GenerateEvent                        0x08001e85   Thumb Code     4  stm32f10x_tim.o(.text)
    TIM_DMAConfig                            0x08001e89   Thumb Code    10  stm32f10x_tim.o(.text)
    TIM_DMACmd                               0x08001e93   Thumb Code    18  stm32f10x_tim.o(.text)
    TIM_InternalClockConfig                  0x08001ea5   Thumb Code    12  stm32f10x_tim.o(.text)
    TIM_SelectInputTrigger                   0x08001eb1   Thumb Code    18  stm32f10x_tim.o(.text)
    TIM_ITRxExternalClockConfig              0x08001ec3   Thumb Code    24  stm32f10x_tim.o(.text)
    TIM_TIxExternalClockConfig               0x08001edb   Thumb Code    62  stm32f10x_tim.o(.text)
    TIM_ETRConfig                            0x08001f19   Thumb Code    28  stm32f10x_tim.o(.text)
    TIM_ETRClockMode1Config                  0x08001f35   Thumb Code    54  stm32f10x_tim.o(.text)
    TIM_ETRClockMode2Config                  0x08001f6b   Thumb Code    32  stm32f10x_tim.o(.text)
    TIM_PrescalerConfig                      0x08001f8b   Thumb Code     6  stm32f10x_tim.o(.text)
    TIM_CounterModeConfig                    0x08001f91   Thumb Code    18  stm32f10x_tim.o(.text)
    TIM_EncoderInterfaceConfig               0x08001fa3   Thumb Code    66  stm32f10x_tim.o(.text)
    TIM_ForcedOC1Config                      0x08001fe5   Thumb Code    18  stm32f10x_tim.o(.text)
    TIM_ForcedOC2Config                      0x08001ff7   Thumb Code    26  stm32f10x_tim.o(.text)
    TIM_ForcedOC3Config                      0x08002011   Thumb Code    18  stm32f10x_tim.o(.text)
    TIM_ForcedOC4Config                      0x08002023   Thumb Code    26  stm32f10x_tim.o(.text)
    TIM_ARRPreloadConfig                     0x0800203d   Thumb Code    24  stm32f10x_tim.o(.text)
    TIM_SelectCOM                            0x08002055   Thumb Code    24  stm32f10x_tim.o(.text)
    TIM_SelectCCDMA                          0x0800206d   Thumb Code    24  stm32f10x_tim.o(.text)
    TIM_CCPreloadControl                     0x08002085   Thumb Code    24  stm32f10x_tim.o(.text)
    TIM_OC1PreloadConfig                     0x0800209d   Thumb Code    18  stm32f10x_tim.o(.text)
    TIM_OC2PreloadConfig                     0x080020af   Thumb Code    26  stm32f10x_tim.o(.text)
    TIM_OC3PreloadConfig                     0x080020c9   Thumb Code    18  stm32f10x_tim.o(.text)
    TIM_OC4PreloadConfig                     0x080020db   Thumb Code    26  stm32f10x_tim.o(.text)
    TIM_OC1FastConfig                        0x080020f5   Thumb Code    18  stm32f10x_tim.o(.text)
    TIM_OC2FastConfig                        0x08002107   Thumb Code    26  stm32f10x_tim.o(.text)
    TIM_OC3FastConfig                        0x08002121   Thumb Code    18  stm32f10x_tim.o(.text)
    TIM_OC4FastConfig                        0x08002133   Thumb Code    26  stm32f10x_tim.o(.text)
    TIM_ClearOC1Ref                          0x0800214d   Thumb Code    18  stm32f10x_tim.o(.text)
    TIM_ClearOC2Ref                          0x0800215f   Thumb Code    24  stm32f10x_tim.o(.text)
    TIM_ClearOC3Ref                          0x08002177   Thumb Code    18  stm32f10x_tim.o(.text)
    TIM_ClearOC4Ref                          0x08002189   Thumb Code    24  stm32f10x_tim.o(.text)
    TIM_OC1PolarityConfig                    0x080021a1   Thumb Code    18  stm32f10x_tim.o(.text)
    TIM_OC1NPolarityConfig                   0x080021b3   Thumb Code    18  stm32f10x_tim.o(.text)
    TIM_OC2PolarityConfig                    0x080021c5   Thumb Code    26  stm32f10x_tim.o(.text)
    TIM_OC2NPolarityConfig                   0x080021df   Thumb Code    26  stm32f10x_tim.o(.text)
    TIM_OC3PolarityConfig                    0x080021f9   Thumb Code    26  stm32f10x_tim.o(.text)
    TIM_OC3NPolarityConfig                   0x08002213   Thumb Code    26  stm32f10x_tim.o(.text)
    TIM_OC4PolarityConfig                    0x0800222d   Thumb Code    26  stm32f10x_tim.o(.text)
    TIM_CCxCmd                               0x08002247   Thumb Code    30  stm32f10x_tim.o(.text)
    TIM_CCxNCmd                              0x08002265   Thumb Code    30  stm32f10x_tim.o(.text)
    TIM_SelectOCxM                           0x08002283   Thumb Code    82  stm32f10x_tim.o(.text)
    TIM_UpdateDisableConfig                  0x080022d5   Thumb Code    24  stm32f10x_tim.o(.text)
    TIM_UpdateRequestConfig                  0x080022ed   Thumb Code    24  stm32f10x_tim.o(.text)
    TIM_SelectHallSensor                     0x08002305   Thumb Code    24  stm32f10x_tim.o(.text)
    TIM_SelectOnePulseMode                   0x0800231d   Thumb Code    18  stm32f10x_tim.o(.text)
    TIM_SelectOutputTrigger                  0x0800232f   Thumb Code    18  stm32f10x_tim.o(.text)
    TIM_SelectSlaveMode                      0x08002341   Thumb Code    18  stm32f10x_tim.o(.text)
    TIM_SelectMasterSlaveMode                0x08002353   Thumb Code    18  stm32f10x_tim.o(.text)
    TIM_SetCounter                           0x08002365   Thumb Code     4  stm32f10x_tim.o(.text)
    TIM_SetAutoreload                        0x08002369   Thumb Code     4  stm32f10x_tim.o(.text)
    TIM_SetCompare1                          0x0800236d   Thumb Code     4  stm32f10x_tim.o(.text)
    TIM_SetCompare2                          0x08002371   Thumb Code     4  stm32f10x_tim.o(.text)
    TIM_SetCompare3                          0x08002375   Thumb Code     4  stm32f10x_tim.o(.text)
    TIM_SetCompare4                          0x08002379   Thumb Code     6  stm32f10x_tim.o(.text)
    TIM_SetClockDivision                     0x0800237f   Thumb Code    18  stm32f10x_tim.o(.text)
    TIM_GetCapture1                          0x08002391   Thumb Code     6  stm32f10x_tim.o(.text)
    TIM_GetCapture2                          0x08002397   Thumb Code     6  stm32f10x_tim.o(.text)
    TIM_GetCapture3                          0x0800239d   Thumb Code     6  stm32f10x_tim.o(.text)
    TIM_GetCapture4                          0x080023a3   Thumb Code     8  stm32f10x_tim.o(.text)
    TIM_GetCounter                           0x080023ab   Thumb Code     6  stm32f10x_tim.o(.text)
    TIM_GetPrescaler                         0x080023b1   Thumb Code     6  stm32f10x_tim.o(.text)
    TIM_GetFlagStatus                        0x080023b7   Thumb Code    18  stm32f10x_tim.o(.text)
    TIM_ClearFlag                            0x080023c9   Thumb Code     6  stm32f10x_tim.o(.text)
    TIM_GetITStatus                          0x080023cf   Thumb Code    34  stm32f10x_tim.o(.text)
    TIM_ClearITPendingBit                    0x080023f1   Thumb Code     6  stm32f10x_tim.o(.text)
    Delay_us                                 0x080023f7   Thumb Code    30  delay.o(.text)
    Delay_ms                                 0x08002415   Thumb Code    32  delay.o(.text)
    InputIOInit                              0x08002435   Thumb Code    92  ioinput.o(.text)
    GetKeyState                              0x08002491   Thumb Code   120  ioinput.o(.text)
    OutputIOInit                             0x08002519   Thumb Code   112  iooutput.o(.text)
    SetHigh                                  0x08002589   Thumb Code    78  iooutput.o(.text)
    SetLow                                   0x080025d7   Thumb Code    78  iooutput.o(.text)
    EncoderIOInit                            0x08002635   Thumb Code    74  encoder.o(.text)
    EncoderTIMInit                           0x0800267f   Thumb Code   208  encoder.o(.text)
    EncoderInit                              0x0800274f   Thumb Code    12  encoder.o(.text)
    GetSpeedL                                0x0800275b   Thumb Code    56  encoder.o(.text)
    GetSpeedR                                0x08002793   Thumb Code    56  encoder.o(.text)
    GetSpeed                                 0x080027cb   Thumb Code   236  encoder.o(.text)
    GetEncoder1_Pulse                        0x080028b7   Thumb Code    56  encoder.o(.text)
    GetEncoder2_Pulse                        0x080028ef   Thumb Code    56  encoder.o(.text)
    Robot_Loaction                           0x08002927   Thumb Code   430  encoder.o(.text)
    MotorIOInit                              0x08002ad9   Thumb Code    72  motor.o(.text)
    MotorTIMInit                             0x08002b21   Thumb Code   136  motor.o(.text)
    SetMotor2PWM                             0x08002ba9   Thumb Code    58  motor.o(.text)
    SetMotor1PWM                             0x08002be3   Thumb Code    54  motor.o(.text)
    MotorInit                                0x08002c19   Thumb Code    24  motor.o(.text)
    SensorIOInit                             0x08002c35   Thumb Code    60  sensor.o(.text)
    SensorADCInit                            0x08002c71   Thumb Code   106  sensor.o(.text)
    SensorInit                               0x08002cdb   Thumb Code    12  sensor.o(.text)
    GetADCValue                              0x08002ce7   Thumb Code    70  sensor.o(.text)
    ServoIOInit                              0x08002d3d   Thumb Code    38  servo.o(.text)
    ServoTIMInit                             0x08002d63   Thumb Code   150  servo.o(.text)
    ServoInit                                0x08002df9   Thumb Code    12  servo.o(.text)
    SetServo1PWM                             0x08002e05   Thumb Code    14  servo.o(.text)
    SetServo2PWM                             0x08002e13   Thumb Code    14  servo.o(.text)
    UsartIOInit                              0x08002e29   Thumb Code    62  usart.o(.text)
    UsartConfig                              0x08002e67   Thumb Code   106  usart.o(.text)
    UsartInit                                0x08002f2b   Thumb Code    16  usart.o(.text)
    fun_usartSend                            0x08002f3b   Thumb Code    30  usart.o(.text)
    fun_printf                               0x08002f59   Thumb Code    66  usart.o(.text)
    SendData                                 0x08002f9b   Thumb Code    28  usart.o(.text)
    Send1Data                                0x08002fb7   Thumb Code    28  usart.o(.text)
    USART1_IRQHandler                        0x08002fd3   Thumb Code    46  usart.o(.text)
    Code_receive_speed                       0x08003001   Thumb Code    74  usart.o(.text)
    V_PIDreset                               0x0800306d   Thumb Code    18  pid.o(.text)
    final_PIDInit                            0x0800307f   Thumb Code    48  pid.o(.text)
    V_PIDInit                                0x080030af   Thumb Code   152  pid.o(.text)
    V_PIDCalc                                0x08003147   Thumb Code   138  pid.o(.text)
    TURN_PIDCalc                             0x080031d1   Thumb Code   162  pid.o(.text)
    POSE_PIDCalc                             0x08003273   Thumb Code   162  pid.o(.text)
    TimerInit                                0x08003365   Thumb Code    92  tim.o(.text)
    TIM3_IRQHandler                          0x080033c1   Thumb Code   268  tim.o(.text)
    iic_delay                                0x080034fd   Thumb Code    12  mpu9250.o(.text)
    iic_stop                                 0x08003509   Thumb Code    42  mpu9250.o(.text)
    IIC_SCL_OUT                              0x08003533   Thumb Code    40  mpu9250.o(.text)
    IIC_SDA_IN                               0x0800355b   Thumb Code    40  mpu9250.o(.text)
    iic_recv_ack                             0x08003583   Thumb Code    70  mpu9250.o(.text)
    iic_send_byte                            0x080035c9   Thumb Code    82  mpu9250.o(.text)
    iic_start                                0x0800361b   Thumb Code    52  mpu9250.o(.text)
    iic_write                                0x0800364f   Thumb Code    56  mpu9250.o(.text)
    mpu9250_write_reg                        0x08003687   Thumb Code    22  mpu9250.o(.text)
    iic_send_ack                             0x0800369d   Thumb Code    58  mpu9250.o(.text)
    iic_recv_byte                            0x080036d7   Thumb Code    92  mpu9250.o(.text)
    iic_read                                 0x08003733   Thumb Code    90  mpu9250.o(.text)
    mpu9250_read_reg                         0x0800378d   Thumb Code    22  mpu9250.o(.text)
    MPU9250_iic_init                         0x080037a3   Thumb Code    62  mpu9250.o(.text)
    init_mpu9250                             0x080037e1   Thumb Code   328  mpu9250.o(.text)
    get_mpu9250_dat                          0x08003929   Thumb Code   230  mpu9250.o(.text)
    sensorCalibrate                          0x08003a0f   Thumb Code   354  mpu9250.o(.text)
    mpu_data_prepare                         0x08003b71   Thumb Code   368  mpu9250.o(.text)
    xbm_atan                                 0x08003ce1   Thumb Code   496  mpu9250.o(.text)
    xbm_atan2                                0x08003ed1   Thumb Code   122  mpu9250.o(.text)
    sensor_process                           0x08003f4b   Thumb Code    38  mpu9250.o(.text)
    Motor_CtrlLR2                            0x08003fed   Thumb Code    56  main.o(.text)
    Motor_CtrlLR                             0x08004025   Thumb Code    60  main.o(.text)
    SpeedSeed                                0x08004061   Thumb Code    96  main.o(.text)
    main                                     0x080040c1   Thumb Code   226  main.o(.text)
    Test_InputIO                             0x080041a3   Thumb Code    28  main.o(.text)
    Test_OutputIO                            0x080041bf   Thumb Code   116  main.o(.text)
    Test_Sensor                              0x08004233   Thumb Code    34  main.o(.text)
    Test_Usart                               0x08004255   Thumb Code    24  main.o(.text)
    Test_Motor                               0x0800426d   Thumb Code    24  main.o(.text)
    Test_Servo                               0x08004285   Thumb Code    24  main.o(.text)
    Test_Encoder                             0x0800429d   Thumb Code    16  main.o(.text)
    Test_V_PID                               0x080042ad   Thumb Code     2  main.o(.text)
    NMI_Handler                              0x080042f1   Thumb Code     2  stm32f10x_it.o(.text)
    HardFault_Handler                        0x080042f3   Thumb Code     4  stm32f10x_it.o(.text)
    MemManage_Handler                        0x080042f7   Thumb Code     4  stm32f10x_it.o(.text)
    BusFault_Handler                         0x080042fb   Thumb Code     4  stm32f10x_it.o(.text)
    UsageFault_Handler                       0x080042ff   Thumb Code     4  stm32f10x_it.o(.text)
    SVC_Handler                              0x08004303   Thumb Code     2  stm32f10x_it.o(.text)
    DebugMon_Handler                         0x08004305   Thumb Code     2  stm32f10x_it.o(.text)
    PendSV_Handler                           0x08004307   Thumb Code     2  stm32f10x_it.o(.text)
    TIM2_IRQHandler                          0x08004309   Thumb Code    22  stm32f10x_it.o(.text)
    TIM4_IRQHandler                          0x0800431f   Thumb Code    22  stm32f10x_it.o(.text)
    UART4_IRQHandler                         0x08004335   Thumb Code   228  stm32f10x_it.o(.text)
    schedule_init                            0x0800442d   Thumb Code    34  schedule.o(.text)
    schedule_check                           0x0800444f   Thumb Code    84  schedule.o(.text)
    system_init                              0x080044a3   Thumb Code    18  schedule.o(.text)
    duty_1ms                                 0x080044b5   Thumb Code    36  schedule.o(.text)
    duty_2ms                                 0x080044d9   Thumb Code     2  schedule.o(.text)
    duty_5ms                                 0x080044db   Thumb Code     8  schedule.o(.text)
    duty_10ms                                0x080044e3   Thumb Code   154  schedule.o(.text)
    duty_20ms                                0x0800457d   Thumb Code     2  schedule.o(.text)
    duty_50ms                                0x0800457f   Thumb Code     2  schedule.o(.text)
    Duty_Loop                                0x08004581   Thumb Code   120  schedule.o(.text)
    Systick_Init                             0x0800460d   Thumb Code    92  systick.o(.text)
    GetSysTime_us                            0x08004669   Thumb Code    56  systick.o(.text)
    delay_us                                 0x080046a1   Thumb Code    32  systick.o(.text)
    delay_ms                                 0x080046c1   Thumb Code    26  systick.o(.text)
    sys_time                                 0x080046db   Thumb Code    48  systick.o(.text)
    SysTick_Handler                          0x0800470b   Thumb Code    18  systick.o(.text)
    getCycleTime                             0x0800471d   Thumb Code   110  systick.o(.text)
    DT_Analysis                              0x080047ad   Thumb Code    92  datatrans.o(.text)
    uart4_receiveProcess                     0x08004809   Thumb Code   294  datatrans.o(.text)
    DT_U4_Send                               0x0800492f   Thumb Code    62  datatrans.o(.text)
    DT_SetMagData                            0x0800496d   Thumb Code    80  datatrans.o(.text)
    uart4_receiveProcessNew                  0x080049bd   Thumb Code   260  datatrans.o(.text)
    __aeabi_fadd                             0x08004b0d   Thumb Code   164  fadd.o(.text)
    __aeabi_fsub                             0x08004bb1   Thumb Code     6  fadd.o(.text)
    __aeabi_frsub                            0x08004bb7   Thumb Code     6  fadd.o(.text)
    __aeabi_fmul                             0x08004bbd   Thumb Code   100  fmul.o(.text)
    __aeabi_fdiv                             0x08004c21   Thumb Code   124  fdiv.o(.text)
    __aeabi_dadd                             0x08004c9d   Thumb Code   322  dadd.o(.text)
    __aeabi_dsub                             0x08004ddf   Thumb Code     6  dadd.o(.text)
    __aeabi_drsub                            0x08004de5   Thumb Code     6  dadd.o(.text)
    __aeabi_dmul                             0x08004deb   Thumb Code   228  dmul.o(.text)
    __aeabi_ddiv                             0x08004ecf   Thumb Code   222  ddiv.o(.text)
    __aeabi_i2f                              0x08004fad   Thumb Code    18  fflti.o(.text)
    __aeabi_ul2f                             0x08004fbf   Thumb Code    28  ffltul.o(.text)
    __aeabi_i2d                              0x08004fdb   Thumb Code    34  dflti.o(.text)
    __aeabi_f2iz                             0x08004ffd   Thumb Code    50  ffixi.o(.text)
    __aeabi_f2d                              0x0800502f   Thumb Code    38  f2d.o(.text)
    __aeabi_d2f                              0x08005055   Thumb Code    56  d2f.o(.text)
    __aeabi_cfcmpeq                          0x0800508d   Thumb Code     0  cfcmple.o(.text)
    __aeabi_cfcmple                          0x0800508d   Thumb Code    20  cfcmple.o(.text)
    __aeabi_cfrcmple                         0x080050a1   Thumb Code    20  cfrcmple.o(.text)
    __aeabi_uidiv                            0x080050b5   Thumb Code     0  uidiv.o(.text)
    __aeabi_uidivmod                         0x080050b5   Thumb Code    44  uidiv.o(.text)
    __aeabi_uldivmod                         0x080050e1   Thumb Code    98  uldiv.o(.text)
    __aeabi_llsl                             0x08005143   Thumb Code    30  llshl.o(.text)
    _ll_shift_l                              0x08005143   Thumb Code     0  llshl.o(.text)
    __aeabi_lasr                             0x08005161   Thumb Code    36  llsshr.o(.text)
    _ll_sshift_r                             0x08005161   Thumb Code     0  llsshr.o(.text)
    __I$use$fp                               0x08005185   Thumb Code     0  iusefp.o(.text)
    _float_round                             0x08005185   Thumb Code    18  fepilogue.o(.text)
    _float_epilogue                          0x08005197   Thumb Code    92  fepilogue.o(.text)
    _double_round                            0x080051f3   Thumb Code    30  depilogue.o(.text)
    _double_epilogue                         0x08005211   Thumb Code   156  depilogue.o(.text)
    __aeabi_d2ulz                            0x080052ad   Thumb Code    48  dfixul.o(.text)
    __aeabi_cdrcmple                         0x080052dd   Thumb Code    48  cdrcmple.o(.text)
    __scatterload                            0x0800530d   Thumb Code    28  init.o(.text)
    __scatterload_rt2                        0x0800530d   Thumb Code     0  init.o(.text)
    __aeabi_llsr                             0x08005331   Thumb Code    32  llushr.o(.text)
    _ll_ushift_r                             0x08005331   Thumb Code     0  llushr.o(.text)
    __ARM_scalbn                             0x08005351   Thumb Code    46  dscalb.o(.text)
    scalbn                                   0x08005351   Thumb Code     0  dscalb.o(.text)
    __aeabi_ui2d                             0x0800537f   Thumb Code    26  dfltui.o(.text)
    __aeabi_d2iz                             0x08005399   Thumb Code    62  dfixi.o(.text)
    __decompress                             0x080053d7   Thumb Code     0  __dczerorl2.o(.text)
    __decompress1                            0x080053d7   Thumb Code    86  __dczerorl2.o(.text)
    __0vsprintf                              0x0800542d   Thumb Code    30  printfa.o(i.__0vsprintf)
    __1vsprintf                              0x0800542d   Thumb Code     0  printfa.o(i.__0vsprintf)
    __2vsprintf                              0x0800542d   Thumb Code     0  printfa.o(i.__0vsprintf)
    __c89vsprintf                            0x0800542d   Thumb Code     0  printfa.o(i.__0vsprintf)
    vsprintf                                 0x0800542d   Thumb Code     0  printfa.o(i.__0vsprintf)
    __ARM_fpclassify                         0x08005451   Thumb Code    40  fpclassify.o(i.__ARM_fpclassify)
    __ieee754_rem_pio2                       0x08005479   Thumb Code   828  rred.o(i.__ieee754_rem_pio2)
    __kernel_cos                             0x08005801   Thumb Code   230  cos_i.o(i.__kernel_cos)
    __kernel_poly                            0x080058fd   Thumb Code   170  poly.o(i.__kernel_poly)
    __kernel_sin                             0x080059a9   Thumb Code   224  sin_i.o(i.__kernel_sin)
    __mathlib_dbl_infnan                     0x08005a95   Thumb Code     6  dunder.o(i.__mathlib_dbl_infnan)
    __mathlib_dbl_invalid                    0x08005a9b   Thumb Code    12  dunder.o(i.__mathlib_dbl_invalid)
    __mathlib_dbl_underflow                  0x08005aa9   Thumb Code    10  dunder.o(i.__mathlib_dbl_underflow)
    __scatterload_copy                       0x08005ab9   Thumb Code    14  handlers.o(i.__scatterload_copy)
    __scatterload_null                       0x08005ac7   Thumb Code     2  handlers.o(i.__scatterload_null)
    __scatterload_zeroinit                   0x08005ac9   Thumb Code    14  handlers.o(i.__scatterload_zeroinit)
    __set_errno                              0x08005ad9   Thumb Code     6  errno.o(i.__set_errno)
    cos                                      0x08006381   Thumb Code   148  cos.o(i.cos)
    sin                                      0x0800641d   Thumb Code   150  sin.o(i.sin)
    AD_Map                                   0x080064bc   Data           6  sensor.o(.constdata)
    Region$$Table$$Base                      0x080065e8   Number         0  anon$$obj.o(Region$$Table)
    Region$$Table$$Limit                     0x08006608   Number         0  anon$$obj.o(Region$$Table)
    SystemCoreClock                          0x20000000   Data           4  system_stm32f10x.o(.data)
    AHBPrescTable                            0x20000004   Data          16  system_stm32f10x.o(.data)
    InPinTable                               0x20000028   Data          34  ioinput.o(.data)
    OutPinTable                              0x2000004a   Data          18  iooutput.o(.data)
    Speed_L_Get                              0x20000060   Data           4  encoder.o(.data)
    Speed_R_Get                              0x20000064   Data           4  encoder.o(.data)
    Speed_L_Get_NEW                          0x20000068   Data           4  encoder.o(.data)
    Speed_R_Get_NEW                          0x2000006c   Data           4  encoder.o(.data)
    Last_Speed_L_Get                         0x20000070   Data           4  encoder.o(.data)
    Last_Speed_R_Get                         0x20000074   Data           4  encoder.o(.data)
    R_Sum_Step                               0x20000078   Data           8  encoder.o(.data)
    L_Sum_Step                               0x20000080   Data           8  encoder.o(.data)
    Sum_Step                                 0x20000088   Data           8  encoder.o(.data)
    motorflag                                0x20000090   Data           4  encoder.o(.data)
    SpeedL                                   0x20000094   Data           4  encoder.o(.data)
    SpeedR                                   0x20000098   Data           4  encoder.o(.data)
    rece                                     0x200000ac   Data           1  usart.o(.data)
    VV_MAX                                   0x200000b0   Data           4  pid.o(.data)
    VV_MIN                                   0x200000b4   Data           4  pid.o(.data)
    TV_ADD_MAX                               0x200000b8   Data           2  pid.o(.data)
    TV_ADD_MIN                               0x200000ba   Data           2  pid.o(.data)
    PV_ADD_MAX                               0x200000bc   Data           2  pid.o(.data)
    PV_ADD_MIN                               0x200000be   Data           2  pid.o(.data)
    POSE_DEADLINE                            0x200000c0   Data           4  pid.o(.data)
    VV_DEADLINE                              0x200000c4   Data           4  pid.o(.data)
    TT_DEADLINE                              0x200000c8   Data           4  pid.o(.data)
    num                                      0x200000cc   Data           4  tim.o(.data)
    flag                                     0x200000d0   Data           4  tim.o(.data)
    l                                        0x200000d4   Data           4  tim.o(.data)
    flag_cali_mag                            0x200000d8   Data           4  mpu9250.o(.data)
    AK8975_ADDR                              0x200000dc   Data           1  mpu9250.o(.data)
    ak87                                     0x200000dd   Data           1  mpu9250.o(.data)
    magCaliNum                               0x200000e0   Data           4  mpu9250.o(.data)
    magMax                                   0x200000e4   Data          12  mpu9250.o(.data)
    magMin                                   0x200000f0   Data          12  mpu9250.o(.data)
    ack                                      0x200000fc   Data           1  mpu9250.o(.data)
    Test_count                               0x20000108   Data           4  main.o(.data)
    Test_ZLG7290_Data                        0x2000010c   Data           4  main.o(.data)
    Test_Motor_PWM                           0x20000110   Data           4  main.o(.data)
    Test_Sover_PWM                           0x20000114   Data           4  main.o(.data)
    speedEx                                  0x20000118   Data           4  main.o(.data)
    turnFlag                                 0x2000011c   Data           4  main.o(.data)
    turnState                                0x20000120   Data           1  main.o(.data)
    lastState                                0x20000121   Data           1  main.o(.data)
    speedLeft                                0x20000124   Data           4  main.o(.data)
    speedRight                               0x20000128   Data           4  main.o(.data)
    speedBase                                0x2000012c   Data           4  main.o(.data)
    jkFlag                                   0x20000130   Data           4  main.o(.data)
    lastFlag                                 0x20000134   Data           4  main.o(.data)
    recvSpeed                                0x20000138   Data           2  main.o(.data)
    recvAngle                                0x2000013a   Data           2  main.o(.data)
    deltaSpeed                               0x2000013c   Data           4  main.o(.data)
    UART4_RecvFin                            0x20000140   Data           4  main.o(.data)
    speedLeftGet                             0x20000144   Data           4  main.o(.data)
    speedRightGet                            0x20000148   Data           4  main.o(.data)
    speedLsend                               0x2000014c   Data           1  main.o(.data)
    speedRsend                               0x2000014d   Data           1  main.o(.data)
    rrr                                      0x2000014e   Data           1  main.o(.data)
    Init_Status                              0x20000150   Data           1  systick.o(.data)
    sysTickUptime                            0x20000154   Data           4  systick.o(.data)
    time_1h                                  0x20000158   Data           4  systick.o(.data)
    time_1m                                  0x2000015c   Data           4  systick.o(.data)
    time_1s                                  0x20000160   Data           4  systick.o(.data)
    time_1ms                                 0x20000164   Data           4  systick.o(.data)
    u4_dat_buf                               0x20000168   Data           4  datatrans.o(.data)
    recangelhigh                             0x2000016c   Data           1  datatrans.o(.data)
    recangellow                              0x2000016d   Data           1  datatrans.o(.data)
    recspeedhigh                             0x2000016e   Data           1  datatrans.o(.data)
    recspeedlow                              0x2000016f   Data           1  datatrans.o(.data)
    sum                                      0x20000170   Data           1  datatrans.o(.data)
    sumHead                                  0x20000171   Data           1  datatrans.o(.data)
    rl                                       0x20000184   Data          12  encoder.o(.bss)
    L_PID                                    0x20000190   Data          40  pid.o(.bss)
    R_PID                                    0x200001b8   Data          40  pid.o(.bss)
    TURN_PID                                 0x200001e0   Data          40  pid.o(.bss)
    POSE_PID                                 0x20000208   Data          40  pid.o(.bss)
    left                                     0x20000230   Data          40  pid.o(.bss)
    right                                    0x20000258   Data          40  pid.o(.bss)
    MPU_DAT_BUF                              0x20000280   Data          14  mpu9250.o(.bss)
    mpu_data_orign                           0x2000028e   Data          20  mpu9250.o(.bss)
    mag_raw_data                             0x200002a4   Data          12  mpu9250.o(.bss)
    magData                                  0x200002b0   Data          12  mpu9250.o(.bss)
    mag_param                                0x200002bc   Data          24  mpu9250.o(.bss)
    Angle                                    0x200002d4   Data          12  mpu9250.o(.bss)
    Test_InputIO_Data                        0x2000034c   Data          16  main.o(.bss)
    Test_Sensor_Data                         0x2000035c   Data          10  main.o(.bss)
    UART4rec                                 0x20000366   Data           9  main.o(.bss)
    UART4recdma                              0x2000036f   Data           9  main.o(.bss)
    loop                                     0x20000378   Data          20  schedule.o(.bss)
    local_data                               0x2000038c   Data          12  schedule.o(.bss)
    cycleTime                                0x20000398   Data          60  systick.o(.bss)
    USART4_TX_BUF                            0x200003d4   Data          64  datatrans.o(.bss)
    USART4_RX_BUF                            0x20000414   Data          64  datatrans.o(.bss)
    __initial_sp                             0x20000c58   Data           0  startup_stm32f10x_hd.o(STACK)



==============================================================================

Memory Map of the image

  Image Entry point : 0x08000147

  Load Region LR_1 (Base: 0x08000000, Size: 0x0000678c, Max: 0xffffffff, ABSOLUTE, COMPRESSED[0x00006684])

    Execution Region ER_RO (Base: 0x08000000, Size: 0x00006608, Max: 0xffffffff, ABSOLUTE)

    Base Addr    Size         Type   Attr      Idx    E Section Name        Object

    0x08000000   0x00000130   Data   RO            3    RESET               startup_stm32f10x_hd.o
    0x08000130   0x00000000   Code   RO          638  * .ARM.Collect$$$$00000000  mc_w.l(entry.o)
    0x08000130   0x00000004   Code   RO          725    .ARM.Collect$$$$00000001  mc_w.l(entry2.o)
    0x08000134   0x00000004   Code   RO          728    .ARM.Collect$$$$00000004  mc_w.l(entry5.o)
    0x08000138   0x00000000   Code   RO          730    .ARM.Collect$$$$00000008  mc_w.l(entry7b.o)
    0x08000138   0x00000000   Code   RO          732    .ARM.Collect$$$$0000000A  mc_w.l(entry8b.o)
    0x08000138   0x00000008   Code   RO          733    .ARM.Collect$$$$0000000B  mc_w.l(entry9a.o)
    0x08000140   0x00000000   Code   RO          735    .ARM.Collect$$$$0000000D  mc_w.l(entry10a.o)
    0x08000140   0x00000000   Code   RO          737    .ARM.Collect$$$$0000000F  mc_w.l(entry11a.o)
    0x08000140   0x00000004   Code   RO          726    .ARM.Collect$$$$00002712  mc_w.l(entry2.o)
    0x08000144   0x00000030   Code   RO            4  * .text               startup_stm32f10x_hd.o
    0x08000174   0x000001e0   Code   RO           24    .text               system_stm32f10x.o
    0x08000354   0x000000dc   Code   RO           76    .text               misc.o
    0x08000430   0x000003a4   Code   RO          105    .text               stm32f10x_rcc.o
    0x080007d4   0x0000035c   Code   RO          119    .text               stm32f10x_gpio.o
    0x08000b30   0x00000254   Code   RO          131    .text               stm32f10x_dma.o
    0x08000d84   0x00000408   Code   RO          143    .text               stm32f10x_usart.o
    0x0800118c   0x0000044e   Code   RO          155    .text               stm32f10x_adc.o
    0x080015da   0x00000002   PAD
    0x080015dc   0x00000e1a   Code   RO          167    .text               stm32f10x_tim.o
    0x080023f6   0x0000003e   Code   RO          236    .text               delay.o
    0x08002434   0x000000e4   Code   RO          319    .text               ioinput.o
    0x08002518   0x0000011c   Code   RO          340    .text               iooutput.o
    0x08002634   0x000004a4   Code   RO          358    .text               encoder.o
    0x08002ad8   0x0000015c   Code   RO          377    .text               motor.o
    0x08002c34   0x00000108   Code   RO          392    .text               sensor.o
    0x08002d3c   0x000000ec   Code   RO          410    .text               servo.o
    0x08002e28   0x00000244   Code   RO          425    .text               usart.o
    0x0800306c   0x000002f8   Code   RO          450    .text               pid.o
    0x08003364   0x00000198   Code   RO          469    .text               tim.o
    0x080034fc   0x00000af0   Code   RO          484    .text               mpu9250.o
    0x08003fec   0x00000304   Code   RO          503    .text               main.o
    0x080042f0   0x0000013c   Code   RO          547    .text               stm32f10x_it.o
    0x0800442c   0x000001e0   Code   RO          564    .text               schedule.o
    0x0800460c   0x000001a0   Code   RO          583    .text               systick.o
    0x080047ac   0x00000360   Code   RO          606    .text               datatrans.o
    0x08004b0c   0x000000b0   Code   RO          669    .text               mf_w.l(fadd.o)
    0x08004bbc   0x00000064   Code   RO          671    .text               mf_w.l(fmul.o)
    0x08004c20   0x0000007c   Code   RO          673    .text               mf_w.l(fdiv.o)
    0x08004c9c   0x0000014e   Code   RO          675    .text               mf_w.l(dadd.o)
    0x08004dea   0x000000e4   Code   RO          677    .text               mf_w.l(dmul.o)
    0x08004ece   0x000000de   Code   RO          679    .text               mf_w.l(ddiv.o)
    0x08004fac   0x00000012   Code   RO          681    .text               mf_w.l(fflti.o)
    0x08004fbe   0x0000001c   Code   RO          683    .text               mf_w.l(ffltul.o)
    0x08004fda   0x00000022   Code   RO          685    .text               mf_w.l(dflti.o)
    0x08004ffc   0x00000032   Code   RO          687    .text               mf_w.l(ffixi.o)
    0x0800502e   0x00000026   Code   RO          689    .text               mf_w.l(f2d.o)
    0x08005054   0x00000038   Code   RO          691    .text               mf_w.l(d2f.o)
    0x0800508c   0x00000014   Code   RO          693    .text               mf_w.l(cfcmple.o)
    0x080050a0   0x00000014   Code   RO          695    .text               mf_w.l(cfrcmple.o)
    0x080050b4   0x0000002c   Code   RO          742    .text               mc_w.l(uidiv.o)
    0x080050e0   0x00000062   Code   RO          744    .text               mc_w.l(uldiv.o)
    0x08005142   0x0000001e   Code   RO          746    .text               mc_w.l(llshl.o)
    0x08005160   0x00000024   Code   RO          748    .text               mc_w.l(llsshr.o)
    0x08005184   0x00000000   Code   RO          757    .text               mc_w.l(iusefp.o)
    0x08005184   0x0000006e   Code   RO          758    .text               mf_w.l(fepilogue.o)
    0x080051f2   0x000000ba   Code   RO          760    .text               mf_w.l(depilogue.o)
    0x080052ac   0x00000030   Code   RO          762    .text               mf_w.l(dfixul.o)
    0x080052dc   0x00000030   Code   RO          764    .text               mf_w.l(cdrcmple.o)
    0x0800530c   0x00000024   Code   RO          770    .text               mc_w.l(init.o)
    0x08005330   0x00000020   Code   RO          773    .text               mc_w.l(llushr.o)
    0x08005350   0x0000002e   Code   RO          776    .text               mf_w.l(dscalb.o)
    0x0800537e   0x0000001a   Code   RO          778    .text               mf_w.l(dfltui.o)
    0x08005398   0x0000003e   Code   RO          780    .text               mf_w.l(dfixi.o)
    0x080053d6   0x00000056   Code   RO          790    .text               mc_w.l(__dczerorl2.o)
    0x0800542c   0x00000024   Code   RO          648    i.__0vsprintf       mc_w.l(printfa.o)
    0x08005450   0x00000028   Code   RO          766    i.__ARM_fpclassify  m_ws.l(fpclassify.o)
    0x08005478   0x00000388   Code   RO          714    i.__ieee754_rem_pio2  m_ws.l(rred.o)
    0x08005800   0x000000fc   Code   RO          697    i.__kernel_cos      m_ws.l(cos_i.o)
    0x080058fc   0x000000aa   Code   RO          768    i.__kernel_poly     m_ws.l(poly.o)
    0x080059a6   0x00000002   PAD
    0x080059a8   0x000000ec   Code   RO          719    i.__kernel_sin      m_ws.l(sin_i.o)
    0x08005a94   0x00000006   Code   RO          701    i.__mathlib_dbl_infnan  m_ws.l(dunder.o)
    0x08005a9a   0x0000000c   Code   RO          703    i.__mathlib_dbl_invalid  m_ws.l(dunder.o)
    0x08005aa6   0x00000002   PAD
    0x08005aa8   0x00000010   Code   RO          706    i.__mathlib_dbl_underflow  m_ws.l(dunder.o)
    0x08005ab8   0x0000000e   Code   RO          784    i.__scatterload_copy  mc_w.l(handlers.o)
    0x08005ac6   0x00000002   Code   RO          785    i.__scatterload_null  mc_w.l(handlers.o)
    0x08005ac8   0x0000000e   Code   RO          786    i.__scatterload_zeroinit  mc_w.l(handlers.o)
    0x08005ad6   0x00000002   PAD
    0x08005ad8   0x0000000c   Code   RO          752    i.__set_errno       mc_w.l(errno.o)
    0x08005ae4   0x00000164   Code   RO          649    i._fp_digits        mc_w.l(printfa.o)
    0x08005c48   0x000006dc   Code   RO          650    i._printf_core      mc_w.l(printfa.o)
    0x08006324   0x00000024   Code   RO          651    i._printf_post_padding  mc_w.l(printfa.o)
    0x08006348   0x0000002e   Code   RO          652    i._printf_pre_padding  mc_w.l(printfa.o)
    0x08006376   0x0000000a   Code   RO          654    i._sputc            mc_w.l(printfa.o)
    0x08006380   0x0000009c   Code   RO          623    i.cos               m_ws.l(cos.o)
    0x0800641c   0x000000a0   Code   RO          631    i.sin               m_ws.l(sin.o)
    0x080064bc   0x00000006   Data   RO          393    .constdata          sensor.o
    0x080064c2   0x00000006   PAD
    0x080064c8   0x00000030   Data   RO          698    .constdata          m_ws.l(cos_i.o)
    0x080064f8   0x000000c8   Data   RO          716    .constdata          m_ws.l(rred.o)
    0x080065c0   0x00000028   Data   RO          720    .constdata          m_ws.l(sin_i.o)
    0x080065e8   0x00000020   Data   RO          782    Region$$Table       anon$$obj.o


    Execution Region ER_RW (Base: 0x20000000, Size: 0x00000184, Max: 0xffffffff, ABSOLUTE, COMPRESSED[0x0000007c])

    Base Addr    Size         Type   Attr      Idx    E Section Name        Object

    0x20000000   0x00000014   Data   RW           25    .data               system_stm32f10x.o
    0x20000014   0x00000014   Data   RW          106    .data               stm32f10x_rcc.o
    0x20000028   0x00000022   Data   RW          320    .data               ioinput.o
    0x2000004a   0x00000012   Data   RW          341    .data               iooutput.o
    0x2000005c   0x00000004   PAD
    0x20000060   0x0000004c   Data   RW          360    .data               encoder.o
    0x200000ac   0x00000001   Data   RW          426    .data               usart.o
    0x200000ad   0x00000003   PAD
    0x200000b0   0x0000001c   Data   RW          452    .data               pid.o
    0x200000cc   0x0000000c   Data   RW          470    .data               tim.o
    0x200000d8   0x0000002d   Data   RW          486    .data               mpu9250.o
    0x20000105   0x00000003   PAD
    0x20000108   0x00000047   Data   RW          505    .data               main.o
    0x2000014f   0x00000001   Data   RW          548    .data               stm32f10x_it.o
    0x20000150   0x00000018   Data   RW          585    .data               systick.o
    0x20000168   0x00000017   Data   RW          608    .data               datatrans.o
    0x2000017f   0x00000001   PAD
    0x20000180   0x00000004   Data   RW          753    .data               mc_w.l(errno.o)


    Execution Region ER_ZI (Base: 0x20000184, Size: 0x00000ad4, Max: 0xffffffff, ABSOLUTE)

    Base Addr    Size         Type   Attr      Idx    E Section Name        Object

    0x20000184   0x0000000c   Zero   RW          359    .bss                encoder.o
    0x20000190   0x000000f0   Zero   RW          451    .bss                pid.o
    0x20000280   0x000000cc   Zero   RW          485    .bss                mpu9250.o
    0x2000034c   0x0000002c   Zero   RW          504    .bss                main.o
    0x20000378   0x00000020   Zero   RW          565    .bss                schedule.o
    0x20000398   0x0000003c   Zero   RW          584    .bss                systick.o
    0x200003d4   0x00000080   Zero   RW          607    .bss                datatrans.o
    0x20000454   0x00000004   PAD
    0x20000458   0x00000800   Zero   RW            1    STACK               startup_stm32f10x_hd.o


==============================================================================

Image component sizes


      Code (inc. data)   RO Data    RW Data    ZI Data      Debug   Object Name

         0          0          0          0          0       4492   core_cm3.o
       864         92          0         23        128       2699   datatrans.o
        62          0          0          0          0       1696   delay.o
      1188        106          0         76         12       4153   encoder.o
       228         16          0         34          0       1223   ioinput.o
       284         16          0         18          0       1356   iooutput.o
       772         66          0         71         44       3742   main.o
       220         22          0          0          0     215373   misc.o
       348          4          0          0          0       1235   motor.o
      2800        234          0         45        204       7613   mpu9250.o
       760         80          0         28        240       2676   pid.o
       480         20          0          0         32       2582   schedule.o
       264         16          6          0          0       1477   sensor.o
       236          8          0          0          0       1175   servo.o
        48         12        304          0       2048        832   startup_stm32f10x_hd.o
      1102         26          0          0          0      10925   stm32f10x_adc.o
       596          8          0          0          0       4250   stm32f10x_dma.o
       860         38          0          0          0       5621   stm32f10x_gpio.o
       316         20          0          1          0       1787   stm32f10x_it.o
       932         36          0         20          0       8752   stm32f10x_rcc.o
      3610         88          0          0          0      22728   stm32f10x_tim.o
      1032         22          0          0          0       8344   stm32f10x_usart.o
       480         38          0         20          0      54759   system_stm32f10x.o
       416         34          0         24         60      17475   systick.o
       408         48          0         12          0        901   tim.o
       580         34          0          1          0       3556   usart.o

    ----------------------------------------------------------------------
     18888       1084        348        384       2772     391422   Object Totals
         0          0         32          0          0          0   (incl. Generated)
         2          0          6         11          4          0   (incl. Padding)

    ----------------------------------------------------------------------

      Code (inc. data)   RO Data    RW Data    ZI Data      Debug   Library Member Name

       156          8          0          0          0        104   cos.o
       252         22         48          0          0        124   cos_i.o
        34          6          0          0          0        204   dunder.o
        40          0          0          0          0         68   fpclassify.o
       170          0          0          0          0         96   poly.o
       904         76        200          0          0        140   rred.o
       160         10          0          0          0        108   sin.o
       236         12         40          0          0        128   sin_i.o
        86          0          0          0          0          0   __dczerorl2.o
         0          0          0          0          0          0   entry.o
         0          0          0          0          0          0   entry10a.o
         0          0          0          0          0          0   entry11a.o
         8          4          0          0          0          0   entry2.o
         4          0          0          0          0          0   entry5.o
         0          0          0          0          0          0   entry7b.o
         0          0          0          0          0          0   entry8b.o
         8          4          0          0          0          0   entry9a.o
        12          6          0          4          0         68   errno.o
        30          0          0          0          0          0   handlers.o
        36          8          0          0          0         68   init.o
         0          0          0          0          0          0   iusefp.o
        30          0          0          0          0         68   llshl.o
        36          0          0          0          0         68   llsshr.o
        32          0          0          0          0         68   llushr.o
      2240         86          0          0          0        508   printfa.o
        44          0          0          0          0         80   uidiv.o
        98          0          0          0          0         92   uldiv.o
        48          0          0          0          0         68   cdrcmple.o
        20          0          0          0          0         68   cfcmple.o
        20          0          0          0          0         68   cfrcmple.o
        56          0          0          0          0         88   d2f.o
       334          0          0          0          0        148   dadd.o
       222          0          0          0          0        100   ddiv.o
       186          0          0          0          0        176   depilogue.o
        62          0          0          0          0         80   dfixi.o
        48          0          0          0          0         68   dfixul.o
        34          0          0          0          0         76   dflti.o
        26          0          0          0          0         76   dfltui.o
       228          0          0          0          0         96   dmul.o
        46          0          0          0          0         80   dscalb.o
        38          0          0          0          0         68   f2d.o
       176          0          0          0          0        140   fadd.o
       124          0          0          0          0         88   fdiv.o
       110          0          0          0          0        168   fepilogue.o
        50          0          0          0          0         68   ffixi.o
        18          0          0          0          0         68   fflti.o
        28          0          0          0          0         84   ffltul.o
       100          0          0          0          0         76   fmul.o

    ----------------------------------------------------------------------
      6596        242        288          4          0       3944   Library Totals
         6          0          0          0          0          0   (incl. Padding)

    ----------------------------------------------------------------------

      Code (inc. data)   RO Data    RW Data    ZI Data      Debug   Library Name

      1952        134        288          0          0        972   m_ws.l
      2664        108          0          4          0       1020   mc_w.l
      1974          0          0          0          0       1952   mf_w.l

    ----------------------------------------------------------------------
      6596        242        288          4          0       3944   Library Totals

    ----------------------------------------------------------------------

==============================================================================


      Code (inc. data)   RO Data    RW Data    ZI Data      Debug   

     25484       1326        636        388       2772     391230   Grand Totals
     25484       1326        636        124       2772     391230   ELF Image Totals (compressed)
     25484       1326        636        124          0          0   ROM Totals

==============================================================================

    Total RO  Size (Code + RO Data)                26120 (  25.51kB)
    Total RW  Size (RW Data + ZI Data)              3160 (   3.09kB)
    Total ROM Size (Code + RO Data + RW Data)      26244 (  25.63kB)

==============================================================================

