Component: ARM Compiler 5.06 (build 20) Tool: armlink [4d35a3]

==============================================================================

Section Cross References

    system_stm32f10x.o(i.SetSysClock) refers to system_stm32f10x.o(i.SetSysClockTo72) for SetSysClockTo72
    system_stm32f10x.o(i.SystemCoreClockUpdate) refers to system_stm32f10x.o(.data) for SystemCoreClock
    system_stm32f10x.o(i.SystemInit) refers to system_stm32f10x.o(i.SetSysClock) for SetSysClock
    startup_stm32f10x_hd.o(RESET) refers to startup_stm32f10x_hd.o(.text) for Reset_Handler
    startup_stm32f10x_hd.o(RESET) refers to stm32f10x_it.o(i.NMI_Handler) for NMI_Handler
    startup_stm32f10x_hd.o(RESET) refers to stm32f10x_it.o(i.HardFault_Handler) for HardFault_Handler
    startup_stm32f10x_hd.o(RESET) refers to stm32f10x_it.o(i.MemManage_Handler) for MemManage_Handler
    startup_stm32f10x_hd.o(RESET) refers to stm32f10x_it.o(i.BusFault_Handler) for BusFault_Handler
    startup_stm32f10x_hd.o(RESET) refers to stm32f10x_it.o(i.UsageFault_Handler) for UsageFault_Handler
    startup_stm32f10x_hd.o(RESET) refers to stm32f10x_it.o(i.SVC_Handler) for SVC_Handler
    startup_stm32f10x_hd.o(RESET) refers to stm32f10x_it.o(i.DebugMon_Handler) for DebugMon_Handler
    startup_stm32f10x_hd.o(RESET) refers to stm32f10x_it.o(i.PendSV_Handler) for PendSV_Handler
    startup_stm32f10x_hd.o(RESET) refers to stm32f10x_it.o(i.SysTick_Handler) for SysTick_Handler
    startup_stm32f10x_hd.o(RESET) refers to stm32f10x_it.o(i.TIM3_IRQHandler) for TIM3_IRQHandler
    startup_stm32f10x_hd.o(RESET) refers to stm32f10x_it.o(i.TIM4_IRQHandler) for TIM4_IRQHandler
    startup_stm32f10x_hd.o(.text) refers to startup_stm32f10x_hd.o(STACK) for __initial_sp
    startup_stm32f10x_hd.o(.text) refers to entry.o(.ARM.Collect$$$$00000000) for __main
    bsp.o(i.BSP_GPIOinit) refers to stm32f10x_rcc.o(i.RCC_APB2PeriphClockCmd) for RCC_APB2PeriphClockCmd
    bsp.o(i.BSP_GPIOinit) refers to stm32f10x_gpio.o(i.GPIO_Init) for GPIO_Init
    bsp.o(i.BSP_dmaInit) refers to stm32f10x_rcc.o(i.RCC_AHBPeriphClockCmd) for RCC_AHBPeriphClockCmd
    bsp.o(i.BSP_dmaInit) refers to stm32f10x_dma.o(i.DMA_DeInit) for DMA_DeInit
    bsp.o(i.BSP_dmaInit) refers to stm32f10x_dma.o(i.DMA_Init) for DMA_Init
    bsp.o(i.BSP_dmaInit) refers to stm32f10x_dma.o(i.DMA_Cmd) for DMA_Cmd
    bsp.o(i.BSP_dmaInit) refers to stm32f10x_dma.o(i.DMA_ClearFlag) for DMA_ClearFlag
    bsp.o(i.BSP_dmaInit) refers to main.o(.bss) for UART4recdma
    bsp.o(i.BSP_init) refers to bsp.o(i.Systick_Init) for Systick_Init
    bsp.o(i.BSP_init) refers to bsp.o(i.BSP_GPIOinit) for BSP_GPIOinit
    bsp.o(i.BSP_init) refers to bsp.o(i.BSP_usartInit) for BSP_usartInit
    bsp.o(i.BSP_init) refers to bsp.o(i.BSP_timerInit) for BSP_timerInit
    bsp.o(i.BSP_init) refers to bsp.o(i.BSP_nvicInit) for BSP_nvicInit
    bsp.o(i.BSP_init) refers to bsp.o(i.Bsp_adcInit) for Bsp_adcInit
    bsp.o(i.BSP_init) refers to bsp.o(i.BSP_dmaInit) for BSP_dmaInit
    bsp.o(i.BSP_init) refers to bsp.o(i.BSP_spiInit) for BSP_spiInit
    bsp.o(i.BSP_init) refers to bsp.o(i.Bsp_extiInit) for Bsp_extiInit
    bsp.o(i.BSP_nvicInit) refers to misc.o(i.NVIC_PriorityGroupConfig) for NVIC_PriorityGroupConfig
    bsp.o(i.BSP_nvicInit) refers to function.o(i.fun_nvicSetNormal) for fun_nvicSetNormal
    bsp.o(i.BSP_timerInit) refers to stm32f10x_rcc.o(i.RCC_APB1PeriphClockCmd) for RCC_APB1PeriphClockCmd
    bsp.o(i.BSP_timerInit) refers to stm32f10x_tim.o(i.TIM_TimeBaseInit) for TIM_TimeBaseInit
    bsp.o(i.BSP_timerInit) refers to stm32f10x_tim.o(i.TIM_ITConfig) for TIM_ITConfig
    bsp.o(i.BSP_timerInit) refers to stm32f10x_tim.o(i.TIM_Cmd) for TIM_Cmd
    bsp.o(i.BSP_timerInit) refers to stm32f10x_rcc.o(i.RCC_APB2PeriphClockCmd) for RCC_APB2PeriphClockCmd
    bsp.o(i.BSP_timerInit) refers to stm32f10x_tim.o(i.TIM_DeInit) for TIM_DeInit
    bsp.o(i.BSP_timerInit) refers to stm32f10x_tim.o(i.TIM_TimeBaseStructInit) for TIM_TimeBaseStructInit
    bsp.o(i.BSP_timerInit) refers to stm32f10x_tim.o(i.TIM_EncoderInterfaceConfig) for TIM_EncoderInterfaceConfig
    bsp.o(i.BSP_timerInit) refers to stm32f10x_tim.o(i.TIM_ICStructInit) for TIM_ICStructInit
    bsp.o(i.BSP_timerInit) refers to stm32f10x_tim.o(i.TIM_ICInit) for TIM_ICInit
    bsp.o(i.BSP_timerInit) refers to stm32f10x_tim.o(i.TIM_SetCounter) for TIM_SetCounter
    bsp.o(i.BSP_timerInit) refers to stm32f10x_tim.o(i.TIM_OC1Init) for TIM_OC1Init
    bsp.o(i.BSP_timerInit) refers to stm32f10x_tim.o(i.TIM_OC1PreloadConfig) for TIM_OC1PreloadConfig
    bsp.o(i.BSP_timerInit) refers to stm32f10x_tim.o(i.TIM_OC3Init) for TIM_OC3Init
    bsp.o(i.BSP_timerInit) refers to stm32f10x_tim.o(i.TIM_OC3PreloadConfig) for TIM_OC3PreloadConfig
    bsp.o(i.BSP_timerInit) refers to stm32f10x_tim.o(i.TIM_ARRPreloadConfig) for TIM_ARRPreloadConfig
    bsp.o(i.BSP_usartInit) refers to stm32f10x_rcc.o(i.RCC_APB1PeriphClockCmd) for RCC_APB1PeriphClockCmd
[...]
    inv_init_magnetic_disturbance            0x080034ed   Thumb Code    50  mag_disturb.o(.text)
    MagDisturbSetDisturbance                 0x0800351f   Thumb Code    98  mag_disturb.o(.text)
    MagDisturbCheckSettling                  0x08003581   Thumb Code    54  mag_disturb.o(.text)
    ComputeAngleVelocity                     0x080035b7   Thumb Code    94  mag_disturb.o(.text)
    inv_disable_dip_tracking                 0x08003615   Thumb Code    10  mag_disturb.o(.text)
    Mag3ofNormalizedLong                     0x0800361f   Thumb Code    72  mag_disturb.o(.text)
    inv_track_dip_angle                      0x08003667   Thumb Code   114  mag_disturb.o(.text)
    inv_check_magnetic_disturbance           0x080036d9   Thumb Code   690  mag_disturb.o(.text)
    inv_magnetic_disturbance_process         0x0800398b   Thumb Code    50  mag_disturb.o(.text)
    inv_start_magnetic_disturbance           0x080039bd   Thumb Code    14  mag_disturb.o(.text)
    inv_stop_magnetic_disturbance            0x080039cb   Thumb Code     8  mag_disturb.o(.text)
    inv_enable_magnetic_disturbance          0x080039d3   Thumb Code    40  mag_disturb.o(.text)
    inv_disable_magnetic_disturbance         0x080039fb   Thumb Code    22  mag_disturb.o(.text)
    inv_enable_dip_tracking                  0x08003a11   Thumb Code    14  mag_disturb.o(.text)
    inv_get_magnetic_disturbance_state       0x08003a1f   Thumb Code     8  mag_disturb.o(.text)
    inv_generate_gyro_quaternion             0x08003dbd   Thumb Code   260  quaternion_supervisor.o(.text)
    inv_set_quaternion                       0x080040af   Thumb Code    38  quaternion_supervisor.o(.text)
    inv_generate_accel_gyro_quaternion       0x080040d5   Thumb Code   428  quaternion_supervisor.o(.text)
    inv_stop_quaternion                      0x080042c9   Thumb Code     6  quaternion_supervisor.o(.text)
    inv_init_quaternion                      0x080042cf   Thumb Code    34  quaternion_supervisor.o(.text)
    inv_start_quaternion                     0x080042f1   Thumb Code    34  quaternion_supervisor.o(.text)
    inv_enable_quaternion                    0x08004313   Thumb Code    24  quaternion_supervisor.o(.text)
    inv_disable_quaternion                   0x0800432b   Thumb Code    20  quaternion_supervisor.o(.text)
    inv_init_accel_maxmin                    0x0800436d   Thumb Code    28  accel_auto_cal.o(.text)
    inv_record_good_accel_maxmin             0x08004389   Thumb Code    56  accel_auto_cal.o(.text)
    inv_get_current_calibrated_accel         0x080043c1   Thumb Code    70  accel_auto_cal.o(.text)
    inv_sort_order_4_T                       0x0800470f   Thumb Code   186  accel_auto_cal.o(.text)
    inv_init_check_sample_balance            0x080047c9   Thumb Code    30  accel_auto_cal.o(.text)
    inv_init_check_sample_balance_parameter  0x080047e7   Thumb Code    28  accel_auto_cal.o(.text)
    inv_add_accel_block_data                 0x08004803   Thumb Code   152  accel_auto_cal.o(.text)
    inv_add_vector_block_data                0x0800489b   Thumb Code   120  accel_auto_cal.o(.text)
    inv_check_sample_balance                 0x08004913   Thumb Code   344  accel_auto_cal.o(.text)
    inv_auto_calibrate                       0x08004aa1   Thumb Code   720  accel_auto_cal.o(.text)
    inv_init_in_use_auto_calibration         0x08004d71   Thumb Code    80  accel_auto_cal.o(.text)
    inv_start_in_use_auto_calibration        0x08004dc1   Thumb Code    14  accel_auto_cal.o(.text)
    inv_stop_in_use_auto_calibration         0x08004dcf   Thumb Code     8  accel_auto_cal.o(.text)
    inv_enable_in_use_auto_calibration       0x08004dd7   Thumb Code    24  accel_auto_cal.o(.text)
    inv_disable_in_use_auto_calibration      0x08004def   Thumb Code    94  accel_auto_cal.o(.text)
    inv_get_accel_bias_stage                 0x08004e4d   Thumb Code     6  accel_auto_cal.o(.text)
    __aeabi_ldivmod                          0x08004e59   Thumb Code    98  ldiv.o(.text)
    __aeabi_llsl                             0x08004ebb   Thumb Code    30  llshl.o(.text)
    _ll_shift_l                              0x08004ebb   Thumb Code     0  llshl.o(.text)
    __aeabi_lasr                             0x08004ed9   Thumb Code    36  llsshr.o(.text)
    _ll_sshift_r                             0x08004ed9   Thumb Code     0  llsshr.o(.text)
    ___aeabi_memcpy8$move                    0x08004efd   Thumb Code     0  memmovea.o(.text)
    __aeabi_memcpy                           0x08004efd   Thumb Code    64  memmovea.o(.text)
    __aeabi_memcpy4                          0x08004efd   Thumb Code     0  memmovea.o(.text)
    __aeabi_memmove                          0x08004efd   Thumb Code     0  memmovea.o(.text)
    __aeabi_memmove4                         0x08004efd   Thumb Code     0  memmovea.o(.text)
    __aeabi_memmove8                         0x08004efd   Thumb Code     0  memmovea.o(.text)
    __aeabi_memset                           0x08004f3d   Thumb Code    14  memseta.o(.text)
    __aeabi_memset4                          0x08004f3d   Thumb Code     0  memseta.o(.text)
    __aeabi_memset8                          0x08004f3d   Thumb Code     0  memseta.o(.text)
    __aeabi_memclr                           0x08004f4b   Thumb Code     4  memseta.o(.text)
    __aeabi_memclr4                          0x08004f4b   Thumb Code     0  memseta.o(.text)
    __aeabi_memclr8                          0x08004f4b   Thumb Code     0  memseta.o(.text)
    _memset$wrapper                          0x08004f4f   Thumb Code    18  memseta.o(.text)
    memcmp                                   0x08004f61   Thumb Code    26  memcmp.o(.text)
    __aeabi_fadd                             0x08004f7b   Thumb Code   164  fadd.o(.text)
    __aeabi_fsub                             0x0800501f   Thumb Code     6  fadd.o(.text)
    __aeabi_frsub                            0x08005025   Thumb Code     6  fadd.o(.text)
    __aeabi_fmul                             0x0800502b   Thumb Code   100  fmul.o(.text)
    __aeabi_fdiv                             0x0800508f   Thumb Code   124  fdiv.o(.text)
    __ARM_scalbnf                            0x0800510b   Thumb Code    24  fscalb.o(.text)
    scalbnf                                  0x0800510b   Thumb Code     0  fscalb.o(.text)
    __aeabi_dadd                             0x08005123   Thumb Code   322  dadd.o(.text)
    __aeabi_dsub                             0x08005265   Thumb Code     6  dadd.o(.text)
    __aeabi_drsub                            0x0800526b   Thumb Code     6  dadd.o(.text)
    __aeabi_dmul                             0x08005271   Thumb Code   228  dmul.o(.text)
    __aeabi_ddiv                             0x08005355   Thumb Code   222  ddiv.o(.text)
    __ARM_scalbn                             0x08005433   Thumb Code    46  dscalb.o(.text)
    scalbn                                   0x08005433   Thumb Code     0  dscalb.o(.text)
    __aeabi_i2f                              0x08005461   Thumb Code    18  fflti.o(.text)
    __aeabi_ui2f                             0x08005473   Thumb Code    10  ffltui.o(.text)
    __aeabi_l2f                              0x0800547d   Thumb Code    44  ffltl.o(.text)
    __aeabi_i2d                              0x080054a9   Thumb Code    34  dflti.o(.text)
    __aeabi_f2iz                             0x080054cb   Thumb Code    50  ffixi.o(.text)
    __aeabi_f2uiz                            0x080054fd   Thumb Code    40  ffixui.o(.text)
    __aeabi_f2lz                             0x08005525   Thumb Code    66  ffixl.o(.text)
    __aeabi_d2iz                             0x08005567   Thumb Code    62  dfixi.o(.text)
    __aeabi_f2d                              0x080055a5   Thumb Code    38  f2d.o(.text)
    __aeabi_cdcmpeq                          0x080055cd   Thumb Code     0  cdcmple.o(.text)
    __aeabi_cdcmple                          0x080055cd   Thumb Code    48  cdcmple.o(.text)
    __aeabi_cdrcmple                         0x080055fd   Thumb Code    48  cdrcmple.o(.text)
    __aeabi_d2f                              0x0800562d   Thumb Code    56  d2f.o(.text)
    __aeabi_cfcmpeq                          0x08005665   Thumb Code     0  cfcmple.o(.text)
    __aeabi_cfcmple                          0x08005665   Thumb Code    20  cfcmple.o(.text)
    __aeabi_cfrcmple                         0x08005679   Thumb Code    20  cfrcmple.o(.text)
    __aeabi_uidiv                            0x0800568d   Thumb Code     0  uidiv.o(.text)
    __aeabi_uidivmod                         0x0800568d   Thumb Code    44  uidiv.o(.text)
    __semihosting_library_function           0x0800568d   Thumb Code     0  semi.o(.text)
    __aeabi_uldivmod                         0x080056b9   Thumb Code    98  uldiv.o(.text)
    __aeabi_llsr                             0x0800571b   Thumb Code    32  llushr.o(.text)
    _ll_ushift_r                             0x0800571b   Thumb Code     0  llushr.o(.text)
    __I$use$fp                               0x0800573b   Thumb Code     0  iusefp.o(.text)
    __I$use$semihosting$fputc                0x0800573b   Thumb Code     0  iusesemip.o(.text)
    _float_round                             0x0800573b   Thumb Code    18  fepilogue.o(.text)
    _float_epilogue                          0x0800574d   Thumb Code    92  fepilogue.o(.text)
    _fsqrt                                   0x080057a9   Thumb Code    94  fsqrt.o(.text)
    _frnd                                    0x08005807   Thumb Code    60  frnd.o(.text)
    _double_round                            0x08005843   Thumb Code    30  depilogue.o(.text)
    _double_epilogue                         0x08005861   Thumb Code   156  depilogue.o(.text)
    _dsqrt                                   0x080058fd   Thumb Code   162  dsqrt.o(.text)
    __aeabi_d2ulz                            0x0800599f   Thumb Code    48  dfixul.o(.text)
    __scatterload                            0x080059d1   Thumb Code    28  init.o(.text)
    __scatterload_rt2                        0x080059d1   Thumb Code     0  init.o(.text)
    __aeabi_ui2d                             0x080059f5   Thumb Code    26  dfltui.o(.text)
    __decompress                             0x08005a0f   Thumb Code     0  __dclz77c.o(.text)
    __decompress2                            0x08005a0f   Thumb Code    94  __dclz77c.o(.text)
    BSP_init                                 0x08005ba1   Thumb Code    40  bsp.o(i.BSP_init)
    BusFault_Handler                         0x08005e11   Thumb Code     4  stm32f10x_it.o(i.BusFault_Handler)
    Cal_Robot_Location                       0x08005e15   Thumb Code   268  encoder.o(i.Cal_Robot_Location)
    Code_receive_speed                       0x08005f3d   Thumb Code    74  bsp.o(i.Code_receive_speed)
    DMA_ClearFlag                            0x08005f91   Thumb Code    18  stm32f10x_dma.o(i.DMA_ClearFlag)
    DMA_Cmd                                  0x08005fad   Thumb Code    24  stm32f10x_dma.o(i.DMA_Cmd)
    DMA_DeInit                               0x08005fc5   Thumb Code   324  stm32f10x_dma.o(i.DMA_DeInit)
    DMA_Init                                 0x08006111   Thumb Code    60  stm32f10x_dma.o(i.DMA_Init)
    DebugMon_Handler                         0x0800614d   Thumb Code     2  stm32f10x_it.o(i.DebugMon_Handler)
    Delay_ms                                 0x08006151   Thumb Code    28  bsp.o(i.Delay_ms)
    Delay_us                                 0x08006171   Thumb Code    18  bsp.o(i.Delay_us)
    GPIO_Init                                0x08006189   Thumb Code   278  stm32f10x_gpio.o(i.GPIO_Init)
    GPIO_ResetBits                           0x0800629f   Thumb Code     4  stm32f10x_gpio.o(i.GPIO_ResetBits)
    GPIO_SetBits                             0x080062a3   Thumb Code     4  stm32f10x_gpio.o(i.GPIO_SetBits)
    GetEncoder1_Pulse                        0x080062a9   Thumb Code    54  encoder.o(i.GetEncoder1_Pulse)
    GetEncoder2_Pulse                        0x080062e9   Thumb Code    54  encoder.o(i.GetEncoder2_Pulse)
    HardFault_Handler                        0x08006329   Thumb Code     4  stm32f10x_it.o(i.HardFault_Handler)
    IIC_Ack                                  0x0800632d   Thumb Code    66  mpuiic.o(i.IIC_Ack)
    IIC_Init                                 0x0800637d   Thumb Code    50  mpuiic.o(i.IIC_Init)
    IIC_NAck                                 0x080063b5   Thumb Code    66  mpuiic.o(i.IIC_NAck)
    IIC_Read_Byte                            0x08006405   Thumb Code    98  mpuiic.o(i.IIC_Read_Byte)
    IIC_Send_Byte                            0x08006475   Thumb Code    90  mpuiic.o(i.IIC_Send_Byte)
    IIC_Start                                0x080064dd   Thumb Code    64  mpuiic.o(i.IIC_Start)
    IIC_Stop                                 0x08006529   Thumb Code    62  mpuiic.o(i.IIC_Stop)
    IIC_Wait_Ack                             0x08006575   Thumb Code    86  mpuiic.o(i.IIC_Wait_Ack)
    MPU_Read_Len                             0x080065d9   Thumb Code   116  mpu9250.o(i.MPU_Read_Len)
    MPU_Write_Len                            0x0800664d   Thumb Code    96  mpu9250.o(i.MPU_Write_Len)
    MemManage_Handler                        0x080066ad   Thumb Code     4  stm32f10x_it.o(i.MemManage_Handler)
    Motor_CtrlLR                             0x080066b1   Thumb Code    60  motor.o(i.Motor_CtrlLR)
    Motor_CtrlLR2                            0x080066fd   Thumb Code    56  motor.o(i.Motor_CtrlLR2)
    MyCos                                    0x08006739   Thumb Code   120  trifunction.o(i.MyCos)
    MySin                                    0x080067b5   Thumb Code   126  trifunction.o(i.MySin)
    NMI_Handler                              0x08006839   Thumb Code     2  stm32f10x_it.o(i.NMI_Handler)
    NVIC_Init                                0x0800683d   Thumb Code   100  misc.o(i.NVIC_Init)
    NVIC_PriorityGroupConfig                 0x080068ad   Thumb Code    10  misc.o(i.NVIC_PriorityGroupConfig)
    PendSV_Handler                           0x080068c1   Thumb Code     2  stm32f10x_it.o(i.PendSV_Handler)
    RCC_AHBPeriphClockCmd                    0x080068c5   Thumb Code    26  stm32f10x_rcc.o(i.RCC_AHBPeriphClockCmd)
    RCC_APB1PeriphClockCmd                   0x080068e5   Thumb Code    26  stm32f10x_rcc.o(i.RCC_APB1PeriphClockCmd)
    RCC_APB1PeriphResetCmd                   0x08006905   Thumb Code    26  stm32f10x_rcc.o(i.RCC_APB1PeriphResetCmd)
    RCC_APB2PeriphClockCmd                   0x08006925   Thumb Code    26  stm32f10x_rcc.o(i.RCC_APB2PeriphClockCmd)
    RCC_APB2PeriphResetCmd                   0x08006945   Thumb Code    26  stm32f10x_rcc.o(i.RCC_APB2PeriphResetCmd)
    RCC_GetClocksFreq                        0x08006965   Thumb Code   192  stm32f10x_rcc.o(i.RCC_GetClocksFreq)
    SVC_Handler                              0x08006a39   Thumb Code     2  stm32f10x_it.o(i.SVC_Handler)
    SetMotor1PWM                             0x08006a3d   Thumb Code    54  motor.o(i.SetMotor1PWM)
    SetMotor2PWM                             0x08006a79   Thumb Code    58  motor.o(i.SetMotor2PWM)
    SysTick_Handler                          0x08006bf5   Thumb Code    12  stm32f10x_it.o(i.SysTick_Handler)
    SystemInit                               0x08006c05   Thumb Code    78  system_stm32f10x.o(i.SystemInit)
    Systick_Init                             0x08006c65   Thumb Code    26  bsp.o(i.Systick_Init)
    TIM3_IRQHandler                          0x08006ec9   Thumb Code   110  stm32f10x_it.o(i.TIM3_IRQHandler)
    TIM4_IRQHandler                          0x08006f51   Thumb Code   104  stm32f10x_it.o(i.TIM4_IRQHandler)
    TIM_ARRPreloadConfig                     0x08006fd5   Thumb Code    24  stm32f10x_tim.o(i.TIM_ARRPreloadConfig)
    TIM_ClearITPendingBit                    0x08006fed   Thumb Code     6  stm32f10x_tim.o(i.TIM_ClearITPendingBit)
    TIM_Cmd                                  0x08006ff3   Thumb Code    24  stm32f10x_tim.o(i.TIM_Cmd)
    TIM_DeInit                               0x0800700d   Thumb Code   424  stm32f10x_tim.o(i.TIM_DeInit)
    TIM_EncoderInterfaceConfig               0x080071f5   Thumb Code    66  stm32f10x_tim.o(i.TIM_EncoderInterfaceConfig)
    TIM_GetCounter                           0x08007237   Thumb Code     6  stm32f10x_tim.o(i.TIM_GetCounter)
    TIM_GetITStatus                          0x0800723d   Thumb Code    34  stm32f10x_tim.o(i.TIM_GetITStatus)
    TIM_ICInit                               0x08007261   Thumb Code   150  stm32f10x_tim.o(i.TIM_ICInit)
    TIM_ICStructInit                         0x0800730d   Thumb Code    18  stm32f10x_tim.o(i.TIM_ICStructInit)
    TIM_ITConfig                             0x0800731f   Thumb Code    18  stm32f10x_tim.o(i.TIM_ITConfig)
    TIM_OC1Init                              0x08007331   Thumb Code   132  stm32f10x_tim.o(i.TIM_OC1Init)
    TIM_OC1PreloadConfig                     0x080073c9   Thumb Code    18  stm32f10x_tim.o(i.TIM_OC1PreloadConfig)
    TIM_OC3Init                              0x080073dd   Thumb Code   150  stm32f10x_tim.o(i.TIM_OC3Init)
    TIM_OC3PreloadConfig                     0x0800747d   Thumb Code    18  stm32f10x_tim.o(i.TIM_OC3PreloadConfig)
    TIM_SetCompare1                          0x0800748f   Thumb Code     4  stm32f10x_tim.o(i.TIM_SetCompare1)
    TIM_SetCompare3                          0x08007493   Thumb Code     4  stm32f10x_tim.o(i.TIM_SetCompare3)
    TIM_SetCounter                           0x08007497   Thumb Code     4  stm32f10x_tim.o(i.TIM_SetCounter)
    TIM_SetIC1Prescaler                      0x0800749b   Thumb Code    18  stm32f10x_tim.o(i.TIM_SetIC1Prescaler)
    TIM_SetIC2Prescaler                      0x080074ad   Thumb Code    26  stm32f10x_tim.o(i.TIM_SetIC2Prescaler)
    TIM_SetIC3Prescaler                      0x080074c7   Thumb Code    18  stm32f10x_tim.o(i.TIM_SetIC3Prescaler)
    TIM_SetIC4Prescaler                      0x080074d9   Thumb Code    26  stm32f10x_tim.o(i.TIM_SetIC4Prescaler)
    TIM_TimeBaseInit                         0x080074f5   Thumb Code   122  stm32f10x_tim.o(i.TIM_TimeBaseInit)
    TIM_TimeBaseStructInit                   0x08007599   Thumb Code    18  stm32f10x_tim.o(i.TIM_TimeBaseStructInit)
    TwistSeed                                0x080075ad   Thumb Code   656  motor.o(i.TwistSeed)
    USART_Cmd                                0x08007845   Thumb Code    24  stm32f10x_usart.o(i.USART_Cmd)
    USART_DMACmd                             0x0800785d   Thumb Code    18  stm32f10x_usart.o(i.USART_DMACmd)
    USART_GetFlagStatus                      0x0800786f   Thumb Code    26  stm32f10x_usart.o(i.USART_GetFlagStatus)
    USART_Init                               0x08007889   Thumb Code   210  stm32f10x_usart.o(i.USART_Init)
    USART_SendData                           0x08007961   Thumb Code     8  stm32f10x_usart.o(i.USART_SendData)
    UsageFault_Handler                       0x08007969   Thumb Code     4  stm32f10x_it.o(i.UsageFault_Handler)
    V_PIDCalc                                0x0800796d   Thumb Code   136  pid.o(i.V_PIDCalc)
    V_PIDInit                                0x08007a01   Thumb Code    48  pid.o(i.V_PIDInit)
    V_PIDreset                               0x08007a39   Thumb Code    18  pid.o(i.V_PIDreset)
    _MLPrintLog                              0x08007a4b   Thumb Code   202  log_stm32.o(i._MLPrintLog)
    __0printf                                0x08007b15   Thumb Code    22  printfa.o(i.__0printf)
    __1printf                                0x08007b15   Thumb Code     0  printfa.o(i.__0printf)
    __2printf                                0x08007b15   Thumb Code     0  printfa.o(i.__0printf)
    __c89printf                              0x08007b15   Thumb Code     0  printfa.o(i.__0printf)
    printf                                   0x08007b15   Thumb Code     0  printfa.o(i.__0printf)
    __0vsprintf                              0x08007b35   Thumb Code    30  printfa.o(i.__0vsprintf)
    __1vsprintf                              0x08007b35   Thumb Code     0  printfa.o(i.__0vsprintf)
    __2vsprintf                              0x08007b35   Thumb Code     0  printfa.o(i.__0vsprintf)
    __c89vsprintf                            0x08007b35   Thumb Code     0  printfa.o(i.__0vsprintf)
    vsprintf                                 0x08007b35   Thumb Code     0  printfa.o(i.__0vsprintf)
    __ARM_fpclassify                         0x08007b59   Thumb Code    40  fpclassify.o(i.__ARM_fpclassify)
    __ARM_fpclassifyf                        0x08007b81   Thumb Code    38  fpclassifyf.o(i.__ARM_fpclassifyf)
    __ieee754_rem_pio2                       0x08007ba9   Thumb Code   828  rred.o(i.__ieee754_rem_pio2)
    __kernel_cos                             0x08007f31   Thumb Code   230  cos_i.o(i.__kernel_cos)
    __kernel_poly                            0x0800802d   Thumb Code   170  poly.o(i.__kernel_poly)
    __kernel_sin                             0x080080d9   Thumb Code   224  sin_i.o(i.__kernel_sin)
    __mathlib_dbl_divzero                    0x080081c5   Thumb Code    12  dunder.o(i.__mathlib_dbl_divzero)
    __mathlib_dbl_infnan                     0x080081d5   Thumb Code     6  dunder.o(i.__mathlib_dbl_infnan)
    __mathlib_dbl_invalid                    0x080081db   Thumb Code    12  dunder.o(i.__mathlib_dbl_invalid)
    __mathlib_dbl_underflow                  0x080081e9   Thumb Code    10  dunder.o(i.__mathlib_dbl_underflow)
    __mathlib_flt_infnan                     0x080081f9   Thumb Code     6  funder.o(i.__mathlib_flt_infnan)
    __mathlib_flt_infnan2                    0x080081ff   Thumb Code     4  funder.o(i.__mathlib_flt_infnan2)
    __mathlib_flt_invalid                    0x08008203   Thumb Code     8  funder.o(i.__mathlib_flt_invalid)
    __mathlib_flt_underflow                  0x0800820b   Thumb Code    10  funder.o(i.__mathlib_flt_underflow)
    __mathlib_rredf2                         0x08008215   Thumb Code   344  rredf.o(i.__mathlib_rredf2)
    __scatterload_copy                       0x080083b1   Thumb Code    14  handlers.o(i.__scatterload_copy)
    __scatterload_null                       0x080083bf   Thumb Code     2  handlers.o(i.__scatterload_null)
    __scatterload_zeroinit                   0x080083c1   Thumb Code    14  handlers.o(i.__scatterload_zeroinit)
    __set_errno                              0x080083d1   Thumb Code     6  errno.o(i.__set_errno)
    acosf                                    0x080091b5   Thumb Code   242  acosf.o(i.acosf)
    atan2f                                   0x080092d1   Thumb Code   528  atan2f.o(i.atan2f)
    cos                                      0x08009679   Thumb Code   148  cos.o(i.cos)
    cosf                                     0x08009715   Thumb Code   328  cosf.o(i.cosf)
    dmp_enable_6x_lp_quat                    0x080098f5   Thumb Code    60  inv_mpu_dmp_motion_driver.o(i.dmp_enable_6x_lp_quat)
    dmp_enable_feature                       0x08009931   Thumb Code   530  inv_mpu_dmp_motion_driver.o(i.dmp_enable_feature)
    dmp_enable_gyro_cal                      0x08009b4d   Thumb Code    62  inv_mpu_dmp_motion_driver.o(i.dmp_enable_gyro_cal)
    dmp_enable_lp_quat                       0x08009ba5   Thumb Code    60  inv_mpu_dmp_motion_driver.o(i.dmp_enable_lp_quat)
    dmp_load_motion_driver_firmware          0x08009be1   Thumb Code    20  inv_mpu_dmp_motion_driver.o(i.dmp_load_motion_driver_firmware)
    dmp_read_fifo                            0x08009bf9   Thumb Code   456  inv_mpu_dmp_motion_driver.o(i.dmp_read_fifo)
    dmp_set_accel_bias                       0x08009dc5   Thumb Code   300  inv_mpu_dmp_motion_driver.o(i.dmp_set_accel_bias)
    dmp_set_fifo_rate                        0x08009ef5   Thumb Code    96  inv_mpu_dmp_motion_driver.o(i.dmp_set_fifo_rate)
    dmp_set_gyro_bias                        0x08009f65   Thumb Code   294  inv_mpu_dmp_motion_driver.o(i.dmp_set_gyro_bias)
    dmp_set_orientation                      0x0800a095   Thumb Code   290  inv_mpu_dmp_motion_driver.o(i.dmp_set_orientation)
    dmp_set_shake_reject_thresh              0x0800a1cd   Thumb Code    56  inv_mpu_dmp_motion_driver.o(i.dmp_set_shake_reject_thresh)
    dmp_set_shake_reject_time                0x0800a205   Thumb Code    38  inv_mpu_dmp_motion_driver.o(i.dmp_set_shake_reject_time)
    dmp_set_shake_reject_timeout             0x0800a22b   Thumb Code    38  inv_mpu_dmp_motion_driver.o(i.dmp_set_shake_reject_timeout)
    dmp_set_tap_axes                         0x0800a251   Thumb Code    70  inv_mpu_dmp_motion_driver.o(i.dmp_set_tap_axes)
    dmp_set_tap_count                        0x0800a297   Thumb Code    38  inv_mpu_dmp_motion_driver.o(i.dmp_set_tap_count)
    dmp_set_tap_thresh                       0x0800a2bd   Thumb Code   396  inv_mpu_dmp_motion_driver.o(i.dmp_set_tap_thresh)
    dmp_set_tap_time                         0x0800a45d   Thumb Code    38  inv_mpu_dmp_motion_driver.o(i.dmp_set_tap_time)
    dmp_set_tap_time_multi                   0x0800a483   Thumb Code    38  inv_mpu_dmp_motion_driver.o(i.dmp_set_tap_time_multi)
    fputc                                    0x0800a4a9   Thumb Code    18  fputc.o(i.fputc)
    fun_nvicSetNormal                        0x0800a4bb   Thumb Code    34  function.o(i.fun_nvicSetNormal)
    fun_usartSend                            0x0800a4dd   Thumb Code    30  function.o(i.fun_usartSend)
    inv_apply_calibration                    0x0800b035   Thumb Code   106  data_builder.o(i.inv_apply_calibration)
    inv_build_accel                          0x0800b0a1   Thumb Code   128  data_builder.o(i.inv_build_accel)
    inv_build_compass                        0x0800b12d   Thumb Code   168  data_builder.o(i.inv_build_compass)
    inv_build_gyro                           0x0800b1dd   Thumb Code    46  data_builder.o(i.inv_build_gyro)
    inv_build_temp                           0x0800b215   Thumb Code    38  data_builder.o(i.inv_build_temp)
    inv_compass_angle                        0x0800b241   Thumb Code   162  ml_math_func.o(i.inv_compass_angle)
    inv_convert_to_body_with_scale           0x0800b2e3   Thumb Code   114  ml_math_func.o(i.inv_convert_to_body_with_scale)
    inv_disable_compass_soft_iron_matrix     0x0800b3bd   Thumb Code    10  data_builder.o(i.inv_disable_compass_soft_iron_matrix)
    inv_enable_eMPL_outputs                  0x0800b3cd   Thumb Code    22  empl_outputs.o(i.inv_enable_eMPL_outputs)
    inv_enable_results_holder                0x0800b3e9   Thumb Code    26  results_holder.o(i.inv_enable_results_holder)
    inv_execute_mpl_start_notification       0x0800b409   Thumb Code    40  start_manager.o(i.inv_execute_mpl_start_notification)
    inv_execute_on_data                      0x0800b435   Thumb Code   152  data_builder.o(i.inv_execute_on_data)
    inv_generate_results                     0x0800b5c5   Thumb Code    12  results_holder.o(i.inv_generate_results)
    inv_get_6axis_quaternion                 0x0800b5d5   Thumb Code    18  results_holder.o(i.inv_get_6axis_quaternion)
    inv_get_acc_state                        0x0800b5ed   Thumb Code     6  results_holder.o(i.inv_get_acc_state)
    inv_get_accel_accuracy                   0x0800b5f9   Thumb Code     6  data_builder.o(i.inv_get_accel_accuracy)
    inv_get_accel_on                         0x0800b605   Thumb Code    12  data_builder.o(i.inv_get_accel_on)
    inv_get_accel_set                        0x0800b615   Thumb Code    40  data_builder.o(i.inv_get_accel_set)
    inv_get_compass_bias                     0x0800b641   Thumb Code    18  data_builder.o(i.inv_get_compass_bias)
    inv_get_compass_correction               0x0800b659   Thumb Code    20  results_holder.o(i.inv_get_compass_correction)
    inv_get_compass_on                       0x0800b671   Thumb Code    12  data_builder.o(i.inv_get_compass_on)
    inv_get_compass_soft_iron_output_data    0x0800b681   Thumb Code    24  data_builder.o(i.inv_get_compass_soft_iron_output_data)
    inv_get_compass_state                    0x0800b69d   Thumb Code     6  results_holder.o(i.inv_get_compass_state)
    inv_get_gravity                          0x0800b6a9   Thumb Code    90  results_holder.o(i.inv_get_gravity)
    inv_get_gyro                             0x0800b709   Thumb Code    12  data_builder.o(i.inv_get_gyro)
    inv_get_gyro_accuracy                    0x0800b719   Thumb Code     6  data_builder.o(i.inv_get_gyro_accuracy)
    inv_get_gyro_bias                        0x0800b725   Thumb Code    32  data_builder.o(i.inv_get_gyro_bias)
    inv_get_gyro_bias_tc_set                 0x0800b749   Thumb Code    26  data_builder.o(i.inv_get_gyro_bias_tc_set)
    inv_get_gyro_on                          0x0800b769   Thumb Code    10  data_builder.o(i.inv_get_gyro_on)
    inv_get_gyro_sum_of_sqr                  0x0800b779   Thumb Code    28  ml_math_func.o(i.inv_get_gyro_sum_of_sqr)
    inv_get_large_mag_field                  0x0800b795   Thumb Code     6  results_holder.o(i.inv_get_large_mag_field)
    inv_get_last_timestamp                   0x0800b7a1   Thumb Code    98  data_builder.o(i.inv_get_last_timestamp)
    inv_get_linear_accel                     0x0800b809   Thumb Code    60  results_holder.o(i.inv_get_linear_accel)
    inv_get_linear_accel_float               0x0800b845   Thumb Code    56  results_holder.o(i.inv_get_linear_accel_float)
    inv_get_local_field                      0x0800b87d   Thumb Code    12  results_holder.o(i.inv_get_local_field)
    inv_get_mag_accuracy                     0x0800b88d   Thumb Code    20  data_builder.o(i.inv_get_mag_accuracy)
    inv_get_motion_state                     0x0800b8a9   Thumb Code    16  results_holder.o(i.inv_get_motion_state)
    inv_get_quaternion                       0x0800b8bd   Thumb Code    54  results_holder.o(i.inv_get_quaternion)
    inv_get_quaternion_set                   0x0800b8f9   Thumb Code    68  results_holder.o(i.inv_get_quaternion_set)
    inv_get_sensor_type_euler                0x0800b93d   Thumb Code   536  empl_outputs.o(i.inv_get_sensor_type_euler)
    inv_get_sensor_type_gravity              0x0800bb6d   Thumb Code    86  hal_outputs.o(i.inv_get_sensor_type_gravity)
    inv_got_compass_bias                     0x0800bbcd   Thumb Code     6  results_holder.o(i.inv_got_compass_bias)
    inv_init_data_builder                    0x0800bbd9   Thumb Code    42  data_builder.o(i.inv_init_data_builder)
    inv_init_mpl                             0x0800bc29   Thumb Code   106  mpl.o(i.inv_init_mpl)
    inv_init_results_holder                  0x0800bcb5   Thumb Code    46  results_holder.o(i.inv_init_results_holder)
    inv_init_start_manager                   0x0800bced   Thumb Code    14  start_manager.o(i.inv_init_start_manager)
    inv_init_storage_manager                 0x0800bd01   Thumb Code    20  storage_manager.o(i.inv_init_storage_manager)
    inv_orientation_matrix_to_scalar         0x0800bd19   Thumb Code    40  ml_math_func.o(i.inv_orientation_matrix_to_scalar)
    inv_q29_mult                             0x0800bd41   Thumb Code    18  ml_math_func.o(i.inv_q29_mult)
    inv_q30_mult                             0x0800bd53   Thumb Code    18  ml_math_func.o(i.inv_q30_mult)
    inv_q_add                                0x0800bd7b   Thumb Code    36  ml_math_func.o(i.inv_q_add)
    inv_q_addf                               0x0800bd9f   Thumb Code    50  ml_math_func.o(i.inv_q_addf)
    inv_q_invert                             0x0800bdd1   Thumb Code    24  ml_math_func.o(i.inv_q_invert)
    inv_q_invertf                            0x0800bde9   Thumb Code    30  ml_math_func.o(i.inv_q_invertf)
    inv_q_mult                               0x0800be07   Thumb Code   178  ml_math_func.o(i.inv_q_mult)
    inv_q_multf                              0x0800beb9   Thumb Code   270  ml_math_func.o(i.inv_q_multf)
    inv_q_norm4                              0x0800bfc7   Thumb Code   146  ml_math_func.o(i.inv_q_norm4)
    inv_q_normalizef                         0x0800c059   Thumb Code   366  ml_math_func.o(i.inv_q_normalizef)
    inv_q_rotate                             0x0800c1c7   Thumb Code    66  ml_math_func.o(i.inv_q_rotate)
    inv_quaternion_to_rotation               0x0800c209   Thumb Code   218  ml_math_func.o(i.inv_quaternion_to_rotation)
    inv_register_data_cb                     0x0800c2e5   Thumb Code   234  data_builder.o(i.inv_register_data_cb)
    inv_register_load_store                  0x0800c3dd   Thumb Code   138  storage_manager.o(i.inv_register_load_store)
    inv_register_mpl_start_notification      0x0800c46d   Thumb Code    38  start_manager.o(i.inv_register_mpl_start_notification)
    inv_reset_compass_soft_iron_matrix       0x0800c499   Thumb Code    70  data_builder.o(i.inv_reset_compass_soft_iron_matrix)
    inv_set_accel_accuracy                   0x0800c535   Thumb Code    26  data_builder.o(i.inv_set_accel_accuracy)
    inv_set_accel_bias_found                 0x0800c559   Thumb Code     6  results_holder.o(i.inv_set_accel_bias_found)
    inv_set_accel_bias_mask                  0x0800c565   Thumb Code    84  data_builder.o(i.inv_set_accel_bias_mask)
    inv_set_accel_orientation_and_scale      0x0800c5c5   Thumb Code    18  data_builder.o(i.inv_set_accel_orientation_and_scale)
    inv_set_accel_sample_rate                0x0800c5dd   Thumb Code    36  data_builder.o(i.inv_set_accel_sample_rate)
    inv_set_compass_bias                     0x0800c609   Thumb Code    66  data_builder.o(i.inv_set_compass_bias)
    inv_set_compass_bias_error               0x0800c655   Thumb Code    14  results_holder.o(i.inv_set_compass_bias_error)
    inv_set_compass_bias_found               0x0800c669   Thumb Code     6  results_holder.o(i.inv_set_compass_bias_found)
    inv_set_compass_correction               0x0800c675   Thumb Code    30  results_holder.o(i.inv_set_compass_correction)
    inv_set_compass_disturbance              0x0800c699   Thumb Code     8  data_builder.o(i.inv_set_compass_disturbance)
    inv_set_compass_orientation_and_scale    0x0800c6a5   Thumb Code    18  data_builder.o(i.inv_set_compass_orientation_and_scale)
    inv_set_compass_sample_rate              0x0800c6bd   Thumb Code    40  data_builder.o(i.inv_set_compass_sample_rate)
    inv_set_compass_soft_iron_input_data     0x0800c6ed   Thumb Code    74  data_builder.o(i.inv_set_compass_soft_iron_input_data)
    inv_set_compass_state                    0x0800c741   Thumb Code     6  results_holder.o(i.inv_set_compass_state)
    inv_set_gyro_bias                        0x0800c86d   Thumb Code   102  data_builder.o(i.inv_set_gyro_bias)
    inv_set_gyro_orientation_and_scale       0x0800c8e1   Thumb Code    18  data_builder.o(i.inv_set_gyro_orientation_and_scale)
    inv_set_gyro_sample_rate                 0x0800c8f9   Thumb Code    32  data_builder.o(i.inv_set_gyro_sample_rate)
    inv_set_message                          0x0800c921   Thumb Code    24  message_layer.o(i.inv_set_message)
    inv_set_motion_state                     0x0800c93d   Thumb Code    74  results_holder.o(i.inv_set_motion_state)
    inv_start_mpl                            0x0800c9a1   Thumb Code    38  mpl.o(i.inv_start_mpl)
    inv_start_results_holder                 0x0800c9e9   Thumb Code    18  results_holder.o(i.inv_start_results_holder)
    inv_store_gaming_quaternion              0x0800ca01   Thumb Code    30  results_holder.o(i.inv_store_gaming_quaternion)
    inv_unregister_data_cb                   0x0800ca25   Thumb Code    96  data_builder.o(i.inv_unregister_data_cb)
    inv_unregister_mpl_start_notification    0x0800ca89   Thumb Code    92  start_manager.o(i.inv_unregister_mpl_start_notification)
    log                                      0x0800cae9   Thumb Code   808  log.o(i.log)
    main                                     0x0800ce45   Thumb Code   302  main.o(i.main)
    mget_ms                                  0x0800cfb5   Thumb Code     2  inv_mpu.o(i.mget_ms)
    mlMatrixVectorMult                       0x0800cfb7   Thumb Code    62  ml_math_func.o(i.mlMatrixVectorMult)
    mpu_configure_fifo                       0x0800cff5   Thumb Code   106  inv_mpu.o(i.mpu_configure_fifo)
    mpu_dmp_init                             0x0800d065   Thumb Code   346  inv_mpu.o(i.mpu_dmp_init)
    mpu_get_accel_fsr                        0x0800d1d1   Thumb Code    72  inv_mpu.o(i.mpu_get_accel_fsr)
    mpu_get_accel_sens                       0x0800d21d   Thumb Code    78  inv_mpu.o(i.mpu_get_accel_sens)
    mpu_get_compass_fsr                      0x0800d271   Thumb Code    14  inv_mpu.o(i.mpu_get_compass_fsr)
    mpu_get_compass_reg                      0x0800d285   Thumb Code   208  inv_mpu.o(i.mpu_get_compass_reg)
    mpu_get_fifo_config                      0x0800d359   Thumb Code    12  inv_mpu.o(i.mpu_get_fifo_config)
    mpu_get_gyro_fsr                         0x0800d369   Thumb Code    64  inv_mpu.o(i.mpu_get_gyro_fsr)
    mpu_get_gyro_sens                        0x0800d3ad   Thumb Code    58  inv_mpu.o(i.mpu_get_gyro_sens)
    mpu_get_lpf                              0x0800d3fd   Thumb Code    74  inv_mpu.o(i.mpu_get_lpf)
    mpu_get_sample_rate                      0x0800d44d   Thumb Code    26  inv_mpu.o(i.mpu_get_sample_rate)
    mpu_get_temperature                      0x0800d46d   Thumb Code   150  inv_mpu.o(i.mpu_get_temperature)
    mpu_init                                 0x0800d50d   Thumb Code   294  inv_mpu.o(i.mpu_init)
    mpu_load_firmware                        0x0800d639   Thumb Code   180  inv_mpu.o(i.mpu_load_firmware)
    mpu_lp_accel_mode                        0x0800d6f1   Thumb Code   280  inv_mpu.o(i.mpu_lp_accel_mode)
    mpu_mpl_get_data                         0x0800d80d   Thumb Code   226  inv_mpu.o(i.mpu_mpl_get_data)
    mpu_read_fifo_stream                     0x0800d8f1   Thumb Code   186  inv_mpu.o(i.mpu_read_fifo_stream)
    mpu_read_mem                             0x0800d9b1   Thumb Code   122  inv_mpu.o(i.mpu_read_mem)
    mpu_reset_fifo                           0x0800da31   Thumb Code   450  inv_mpu.o(i.mpu_reset_fifo)
    mpu_run_6500_self_test                   0x0800dbf9   Thumb Code   384  inv_mpu.o(i.mpu_run_6500_self_test)
    mpu_set_accel_fsr                        0x0800de95   Thumb Code   126  inv_mpu.o(i.mpu_set_accel_fsr)
    mpu_set_bypass                           0x0800df19   Thumb Code   328  inv_mpu.o(i.mpu_set_bypass)
    mpu_set_compass_sample_rate              0x0800e065   Thumb Code    92  inv_mpu.o(i.mpu_set_compass_sample_rate)
    mpu_set_dmp_state                        0x0800e0c5   Thumb Code   138  inv_mpu.o(i.mpu_set_dmp_state)
    mpu_set_gyro_fsr                         0x0800e155   Thumb Code   132  inv_mpu.o(i.mpu_set_gyro_fsr)
    mpu_set_int_latched                      0x0800e1dd   Thumb Code   102  inv_mpu.o(i.mpu_set_int_latched)
    mpu_set_lpf                              0x0800e249   Thumb Code   126  inv_mpu.o(i.mpu_set_lpf)
    mpu_set_sample_rate                      0x0800e2cd   Thumb Code   174  inv_mpu.o(i.mpu_set_sample_rate)
    mpu_set_sensors                          0x0800e381   Thumb Code   354  inv_mpu.o(i.mpu_set_sensors)
    mpu_write_mem                            0x0800e4e9   Thumb Code   122  inv_mpu.o(i.mpu_write_mem)
    run_self_test                            0x0800e569   Thumb Code   150  inv_mpu.o(i.run_self_test)
    set_sensor_orientation_and_scale         0x0800e691   Thumb Code     6  data_builder.o(i.set_sensor_orientation_and_scale)
    sinf                                     0x0800e8d1   Thumb Code   338  sinf.o(i.sinf)
    sqrt                                     0x0800ea59   Thumb Code    76  sqrt.o(i.sqrt)
    sqrtf                                    0x0800eaa5   Thumb Code    44  sqrtf.o(i.sqrtf)
    ml_ver                                   0x0800ead0   Data          20  mpl.o(.constdata)
    reg                                      0x0800eb00   Data          42  inv_mpu.o(.constdata)
    hw                                       0x0800eb2a   Data          14  inv_mpu.o(.constdata)
    test                                     0x0800eb38   Data          48  inv_mpu.o(.constdata)
    __mathlib_zero                           0x0800f9c8   Data           8  qnan.o(.constdata)
    Region$$Table$$Base                      0x0800fb30   Number         0  anon$$obj.o(Region$$Table)
    Region$$Table$$Limit                     0x0800fb50   Number         0  anon$$obj.o(Region$$Table)
    SystemCoreClock                          0x20000000   Data           4  system_stm32f10x.o(.data)
    AHBPrescTable                            0x20000004   Data          16  system_stm32f10x.o(.data)
    bspData                                  0x20000014   Data           4  bsp.o(.data)
    Speed_L_Get                              0x20000018   Data           4  encoder.o(.data)
    Speed_R_Get                              0x2000001c   Data           4  encoder.o(.data)
    R_Sum_Step                               0x20000020   Data           8  encoder.o(.data)
    L_Sum_Step                               0x20000028   Data           8  encoder.o(.data)
    Sum_Step                                 0x20000030   Data           8  encoder.o(.data)
    VV_MAX                                   0x20000040   Data           4  pid.o(.data)
    VV_MIN                                   0x20000044   Data           4  pid.o(.data)
    VV_DEADLINE                              0x20000048   Data           4  pid.o(.data)
    recvSpeed                                0x20000e74   Data           2  main.o(.data)
    recvAngle                                0x20000e76   Data           2  main.o(.data)
    UART4_RecvFin                            0x20000e78   Data           4  main.o(.data)
    MPU_RecvFin                              0x20000e7c   Data           4  main.o(.data)
    speedLsend                               0x20000e80   Data           1  main.o(.data)
    speedRsend                               0x20000e81   Data           1  main.o(.data)
    angle_gyro                               0x20000e84   Data           4  main.o(.data)
    pitch                                    0x20000e88   Data           4  main.o(.data)
    roll                                     0x20000e8c   Data           4  main.o(.data)
    yaw                                      0x20000e90   Data           4  main.o(.data)
    yawG                                     0x20000e94   Data           4  main.o(.data)
    aacx                                     0x20000e98   Data           2  main.o(.data)
    aacy                                     0x20000e9a   Data           2  main.o(.data)
    aacz                                     0x20000e9c   Data           2  main.o(.data)
    gyrox                                    0x20000e9e   Data           2  main.o(.data)
    gyroy                                    0x20000ea0   Data           2  main.o(.data)
    gyroz                                    0x20000ea2   Data           2  main.o(.data)
    magx                                     0x20000ea4   Data           2  main.o(.data)
    magy                                     0x20000ea6   Data           2  main.o(.data)
    magz                                     0x20000ea8   Data           2  main.o(.data)
    temp                                     0x20000eaa   Data           2  main.o(.data)
    num                                      0x20000eac   Data           4  stm32f10x_it.o(.data)
    mpl_key                                  0x20000eb4   Data           4  inv_mpu.o(.data)
    __stdout                                 0x20000f14   Data           4  stdout.o(.data)
    rl                                       0x20000f1c   Data          28  encoder.o(.bss)
    left                                     0x20000f38   Data          40  pid.o(.bss)
    right                                    0x20000f60   Data          40  pid.o(.bss)
    UART4recdma                              0x20000f88   Data           9  main.o(.bss)
    cb                                       0x200015e0   Data         232  compass_vec_cal.o(.bss)
    cb_test                                  0x200016c8   Data         232  compass_vec_cal.o(.bss)
    cb_sim                                   0x200017b0   Data         232  compass_vec_cal.o(.bss)
    vc                                       0x20001898   Data         424  compass_vec_cal.o(.bss)
    fnm                                      0x20001a40   Data         608  fast_no_motion.o(.bss)
    s9axis                                   0x20001ce0   Data         312  fusion_9axis.o(.bss)
    mag_disturb                              0x20001fdc   Data         184  mag_disturb.o(.bss)
    __initial_sp                             0x200029b8   Data           0  startup_stm32f10x_hd.o(STACK)



==============================================================================

Memory Map of the image

  Image Entry point : 0x08000131

  Load Region LR_IROM1 (Base: 0x08000000, Size: 0x00010a6c, Max: 0x00080000, ABSOLUTE, COMPRESSED[0x000109d8])

    Execution Region ER_IROM1 (Base: 0x08000000, Size: 0x0000fb50, Max: 0x00080000, ABSOLUTE)

    Base Addr    Size         Type   Attr      Idx    E Section Name        Object

    0x08000000   0x00000130   Data   RO           87    RESET               startup_stm32f10x_hd.o
    0x08000130   0x00000000   Code   RO         5062  * .ARM.Collect$$$$00000000  mc_w.l(entry.o)
    0x08000130   0x00000004   Code   RO         5442    .ARM.Collect$$$$00000001  mc_w.l(entry2.o)
    0x08000134   0x00000004   Code   RO         5445    .ARM.Collect$$$$00000004  mc_w.l(entry5.o)
    0x08000138   0x00000000   Code   RO         5447    .ARM.Collect$$$$00000008  mc_w.l(entry7b.o)
    0x08000138   0x00000000   Code   RO         5449    .ARM.Collect$$$$0000000A  mc_w.l(entry8b.o)
    0x08000138   0x00000008   Code   RO         5450    .ARM.Collect$$$$0000000B  mc_w.l(entry9a.o)
    0x08000140   0x00000000   Code   RO         5452    .ARM.Collect$$$$0000000D  mc_w.l(entry10a.o)
    0x08000140   0x00000000   Code   RO         5454    .ARM.Collect$$$$0000000F  mc_w.l(entry11a.o)
    0x08000140   0x00000004   Code   RO         5443    .ARM.Collect$$$$00002712  mc_w.l(entry2.o)
    0x08000144   0x00000030   Code   RO           88    .text               startup_stm32f10x_hd.o
    0x08000174   0x00001e5c   Code   RO         4692    .text               libmpllib.lib(compass_vec_cal.o)
    0x08001fd0   0x000009f4   Code   RO         4782    .text               libmpllib.lib(fast_no_motion.o)
    0x080029c4   0x0000065c   Code   RO         4815    .text               libmpllib.lib(fusion_9axis.o)
    0x08003020   0x000004bc   Code   RO         4837    .text               libmpllib.lib(gyro_tc.o)
    0x080034dc   0x00000550   Code   RO         4855    .text               libmpllib.lib(mag_disturb.o)
    0x08003a2c   0x00000940   Code   RO         4877    .text               libmpllib.lib(quaternion_supervisor.o)
    0x0800436c   0x00000aec   Code   RO         4895    .text               libmpllib.lib(accel_auto_cal.o)
    0x08004e58   0x00000062   Code   RO         5067    .text               mc_w.l(ldiv.o)
    0x08004eba   0x0000001e   Code   RO         5069    .text               mc_w.l(llshl.o)
    0x08004ed8   0x00000024   Code   RO         5071    .text               mc_w.l(llsshr.o)
    0x08004efc   0x00000040   Code   RO         5075    .text               mc_w.l(memmovea.o)
    0x08004f3c   0x00000024   Code   RO         5077    .text               mc_w.l(memseta.o)
    0x08004f60   0x0000001a   Code   RO         5079    .text               mc_w.l(memcmp.o)
    0x08004f7a   0x000000b0   Code   RO         5346    .text               mf_w.l(fadd.o)
    0x0800502a   0x00000064   Code   RO         5348    .text               mf_w.l(fmul.o)
    0x0800508e   0x0000007c   Code   RO         5350    .text               mf_w.l(fdiv.o)
    0x0800510a   0x00000018   Code   RO         5352    .text               mf_w.l(fscalb.o)
    0x08005122   0x0000014e   Code   RO         5354    .text               mf_w.l(dadd.o)
    0x08005270   0x000000e4   Code   RO         5356    .text               mf_w.l(dmul.o)
    0x08005354   0x000000de   Code   RO         5358    .text               mf_w.l(ddiv.o)
    0x08005432   0x0000002e   Code   RO         5360    .text               mf_w.l(dscalb.o)
    0x08005460   0x00000012   Code   RO         5362    .text               mf_w.l(fflti.o)
    0x08005472   0x0000000a   Code   RO         5364    .text               mf_w.l(ffltui.o)
    0x0800547c   0x0000002c   Code   RO         5366    .text               mf_w.l(ffltl.o)
    0x080054a8   0x00000022   Code   RO         5368    .text               mf_w.l(dflti.o)
    0x080054ca   0x00000032   Code   RO         5370    .text               mf_w.l(ffixi.o)
    0x080054fc   0x00000028   Code   RO         5372    .text               mf_w.l(ffixui.o)
    0x08005524   0x00000042   Code   RO         5374    .text               mf_w.l(ffixl.o)
    0x08005566   0x0000003e   Code   RO         5376    .text               mf_w.l(dfixi.o)
    0x080055a4   0x00000026   Code   RO         5378    .text               mf_w.l(f2d.o)
    0x080055ca   0x00000002   PAD
    0x080055cc   0x00000030   Code   RO         5380    .text               mf_w.l(cdcmple.o)
    0x080055fc   0x00000030   Code   RO         5382    .text               mf_w.l(cdrcmple.o)
    0x0800562c   0x00000038   Code   RO         5384    .text               mf_w.l(d2f.o)
    0x08005664   0x00000014   Code   RO         5386    .text               mf_w.l(cfcmple.o)
    0x08005678   0x00000014   Code   RO         5388    .text               mf_w.l(cfrcmple.o)
    0x0800568c   0x00000000   Code   RO         5456    .text               mc_w.l(semi.o)
    0x0800568c   0x0000002c   Code   RO         5458    .text               mc_w.l(uidiv.o)
    0x080056b8   0x00000062   Code   RO         5460    .text               mc_w.l(uldiv.o)
    0x0800571a   0x00000020   Code   RO         5462    .text               mc_w.l(llushr.o)
    0x0800573a   0x00000000   Code   RO         5471    .text               mc_w.l(iusefp.o)
    0x0800573a   0x00000000   Code   RO         5472    .text               mc_w.l(iusesemip.o)
    0x0800573a   0x0000006e   Code   RO         5473    .text               mf_w.l(fepilogue.o)
    0x080057a8   0x0000005e   Code   RO         5475    .text               mf_w.l(fsqrt.o)
    0x08005806   0x0000003c   Code   RO         5477    .text               mf_w.l(frnd.o)
    0x08005842   0x000000ba   Code   RO         5479    .text               mf_w.l(depilogue.o)
    0x080058fc   0x000000a2   Code   RO         5481    .text               mf_w.l(dsqrt.o)
    0x0800599e   0x00000030   Code   RO         5483    .text               mf_w.l(dfixul.o)
    0x080059ce   0x00000002   PAD
    0x080059d0   0x00000024   Code   RO         5485    .text               mc_w.l(init.o)
    0x080059f4   0x0000001a   Code   RO         5487    .text               mf_w.l(dfltui.o)
    0x08005a0e   0x0000005e   Code   RO         5497    .text               mc_w.l(__dclz77c.o)
    0x08005a6c   0x000000cc   Code   RO           92    i.BSP_GPIOinit      bsp.o
    0x08005b38   0x00000068   Code   RO           93    i.BSP_dmaInit       bsp.o
    0x08005ba0   0x00000028   Code   RO           94    i.BSP_init          bsp.o
    0x08005bc8   0x00000020   Code   RO           95    i.BSP_nvicInit      bsp.o
    0x08005be8   0x00000002   Code   RO           96    i.BSP_spiInit       bsp.o
    0x08005bea   0x00000002   PAD
    0x08005bec   0x000001d8   Code   RO           97    i.BSP_timerInit     bsp.o
    0x08005dc4   0x00000048   Code   RO           98    i.BSP_usartInit     bsp.o
    0x08005e0c   0x00000002   Code   RO           99    i.Bsp_adcInit       bsp.o
    0x08005e0e   0x00000002   Code   RO          100    i.Bsp_extiInit      bsp.o
    0x08005e10   0x00000004   Code   RO         2580    i.BusFault_Handler  stm32f10x_it.o
    0x08005e14   0x00000128   Code   RO          246    i.Cal_Robot_Location  encoder.o
    0x08005f3c   0x00000054   Code   RO          101    i.Code_receive_speed  bsp.o
    0x08005f90   0x0000001c   Code   RO          964    i.DMA_ClearFlag     stm32f10x_dma.o
    0x08005fac   0x00000018   Code   RO          966    i.DMA_Cmd           stm32f10x_dma.o
    0x08005fc4   0x0000014c   Code   RO          967    i.DMA_DeInit        stm32f10x_dma.o
    0x08006110   0x0000003c   Code   RO          972    i.DMA_Init          stm32f10x_dma.o
    0x0800614c   0x00000002   Code   RO         2581    i.DebugMon_Handler  stm32f10x_it.o
    0x0800614e   0x00000002   PAD
    0x08006150   0x00000020   Code   RO          102    i.Delay_ms          bsp.o
    0x08006170   0x00000018   Code   RO          103    i.Delay_us          bsp.o
    0x08006188   0x00000116   Code   RO         1099    i.GPIO_Init         stm32f10x_gpio.o
    0x0800629e   0x00000004   Code   RO         1106    i.GPIO_ResetBits    stm32f10x_gpio.o
    0x080062a2   0x00000004   Code   RO         1107    i.GPIO_SetBits      stm32f10x_gpio.o
    0x080062a6   0x00000002   PAD
    0x080062a8   0x00000040   Code   RO          247    i.GetEncoder1_Pulse  encoder.o
    0x080062e8   0x00000040   Code   RO          248    i.GetEncoder2_Pulse  encoder.o
    0x08006328   0x00000004   Code   RO         2582    i.HardFault_Handler  stm32f10x_it.o
    0x0800632c   0x00000050   Code   RO          462    i.IIC_Ack           mpuiic.o
    0x0800637c   0x00000038   Code   RO          463    i.IIC_Init          mpuiic.o
    0x080063b4   0x00000050   Code   RO          464    i.IIC_NAck          mpuiic.o
    0x08006404   0x00000070   Code   RO          465    i.IIC_Read_Byte     mpuiic.o
    0x08006474   0x00000068   Code   RO          466    i.IIC_Send_Byte     mpuiic.o
    0x080064dc   0x0000004c   Code   RO          467    i.IIC_Start         mpuiic.o
    0x08006528   0x0000004c   Code   RO          468    i.IIC_Stop          mpuiic.o
    0x08006574   0x00000064   Code   RO          469    i.IIC_Wait_Ack      mpuiic.o
    0x080065d8   0x00000074   Code   RO          384    i.MPU_Read_Len      mpu9250.o
    0x0800664c   0x00000060   Code   RO          390    i.MPU_Write_Len     mpu9250.o
    0x080066ac   0x00000004   Code   RO         2583    i.MemManage_Handler  stm32f10x_it.o
    0x080066b0   0x0000004c   Code   RO          281    i.Motor_CtrlLR      motor.o
    0x080066fc   0x0000003c   Code   RO          282    i.Motor_CtrlLR2     motor.o
    0x08006738   0x0000007c   Code   RO          517    i.MyCos             trifunction.o
    0x080067b4   0x00000084   Code   RO          518    i.MySin             trifunction.o
    0x08006838   0x00000002   Code   RO         2584    i.NMI_Handler       stm32f10x_it.o
    0x0800683a   0x00000002   PAD
    0x0800683c   0x00000070   Code   RO          548    i.NVIC_Init         misc.o
    0x080068ac   0x00000014   Code   RO          549    i.NVIC_PriorityGroupConfig  misc.o
    0x080068c0   0x00000002   Code   RO         2585    i.PendSV_Handler    stm32f10x_it.o
    0x080068c2   0x00000002   PAD
    0x080068c4   0x00000020   Code   RO         1253    i.RCC_AHBPeriphClockCmd  stm32f10x_rcc.o
    0x080068e4   0x00000020   Code   RO         1254    i.RCC_APB1PeriphClockCmd  stm32f10x_rcc.o
    0x08006904   0x00000020   Code   RO         1255    i.RCC_APB1PeriphResetCmd  stm32f10x_rcc.o
    0x08006924   0x00000020   Code   RO         1256    i.RCC_APB2PeriphClockCmd  stm32f10x_rcc.o
    0x08006944   0x00000020   Code   RO         1257    i.RCC_APB2PeriphResetCmd  stm32f10x_rcc.o
    0x08006964   0x000000d4   Code   RO         1264    i.RCC_GetClocksFreq  stm32f10x_rcc.o
    0x08006a38   0x00000002   Code   RO         2586    i.SVC_Handler       stm32f10x_it.o
    0x08006a3a   0x00000002   PAD
    0x08006a3c   0x0000003c   Code   RO          283    i.SetMotor1PWM      motor.o
    0x08006a78   0x00000040   Code   RO          284    i.SetMotor2PWM      motor.o
    0x08006ab8   0x00000008   Code   RO           17    i.SetSysClock       system_stm32f10x.o
    0x08006ac0   0x000000e0   Code   RO           18    i.SetSysClockTo72   system_stm32f10x.o
    0x08006ba0   0x00000054   Code   RO          104    i.SysTick_Config    bsp.o
    0x08006bf4   0x00000010   Code   RO         2587    i.SysTick_Handler   stm32f10x_it.o
    0x08006c04   0x00000060   Code   RO           20    i.SystemInit        system_stm32f10x.o
    0x08006c64   0x00000024   Code   RO          105    i.Systick_Init      bsp.o
    0x08006c88   0x00000080   Code   RO         1599    i.TI1_Config        stm32f10x_tim.o
    0x08006d08   0x00000098   Code   RO         1600    i.TI2_Config        stm32f10x_tim.o
    0x08006da0   0x00000090   Code   RO         1601    i.TI3_Config        stm32f10x_tim.o
    0x08006e30   0x00000098   Code   RO         1602    i.TI4_Config        stm32f10x_tim.o
    0x08006ec8   0x00000088   Code   RO         2588    i.TIM3_IRQHandler   stm32f10x_it.o
    0x08006f50   0x00000084   Code   RO         2589    i.TIM4_IRQHandler   stm32f10x_it.o
    0x08006fd4   0x00000018   Code   RO         1603    i.TIM_ARRPreloadConfig  stm32f10x_tim.o
    0x08006fec   0x00000006   Code   RO         1610    i.TIM_ClearITPendingBit  stm32f10x_tim.o
    0x08006ff2   0x00000018   Code   RO         1615    i.TIM_Cmd           stm32f10x_tim.o
    0x0800700a   0x00000002   PAD
    0x0800700c   0x000001e8   Code   RO         1620    i.TIM_DeInit        stm32f10x_tim.o
    0x080071f4   0x00000042   Code   RO         1624    i.TIM_EncoderInterfaceConfig  stm32f10x_tim.o
    0x08007236   0x00000006   Code   RO         1634    i.TIM_GetCounter    stm32f10x_tim.o
    0x0800723c   0x00000022   Code   RO         1636    i.TIM_GetITStatus   stm32f10x_tim.o
    0x0800725e   0x00000002   PAD
    0x08007260   0x000000ac   Code   RO         1638    i.TIM_ICInit        stm32f10x_tim.o
    0x0800730c   0x00000012   Code   RO         1639    i.TIM_ICStructInit  stm32f10x_tim.o
    0x0800731e   0x00000012   Code   RO         1640    i.TIM_ITConfig      stm32f10x_tim.o
    0x08007330   0x00000098   Code   RO         1644    i.TIM_OC1Init       stm32f10x_tim.o
    0x080073c8   0x00000012   Code   RO         1647    i.TIM_OC1PreloadConfig  stm32f10x_tim.o
    0x080073da   0x00000002   PAD
    0x080073dc   0x000000a0   Code   RO         1654    i.TIM_OC3Init       stm32f10x_tim.o
    0x0800747c   0x00000012   Code   RO         1657    i.TIM_OC3PreloadConfig  stm32f10x_tim.o
    0x0800748e   0x00000004   Code   RO         1676    i.TIM_SetCompare1   stm32f10x_tim.o
    0x08007492   0x00000004   Code   RO         1678    i.TIM_SetCompare3   stm32f10x_tim.o
    0x08007496   0x00000004   Code   RO         1680    i.TIM_SetCounter    stm32f10x_tim.o
    0x0800749a   0x00000012   Code   RO         1681    i.TIM_SetIC1Prescaler  stm32f10x_tim.o
    0x080074ac   0x0000001a   Code   RO         1682    i.TIM_SetIC2Prescaler  stm32f10x_tim.o
    0x080074c6   0x00000012   Code   RO         1683    i.TIM_SetIC3Prescaler  stm32f10x_tim.o
    0x080074d8   0x0000001a   Code   RO         1684    i.TIM_SetIC4Prescaler  stm32f10x_tim.o
    0x080074f2   0x00000002   PAD
    0x080074f4   0x000000a4   Code   RO         1686    i.TIM_TimeBaseInit  stm32f10x_tim.o
    0x08007598   0x00000012   Code   RO         1687    i.TIM_TimeBaseStructInit  stm32f10x_tim.o
    0x080075aa   0x00000002   PAD
    0x080075ac   0x00000298   Code   RO          286    i.TwistSeed         motor.o
    0x08007844   0x00000018   Code   RO         2151    i.USART_Cmd         stm32f10x_usart.o
    0x0800785c   0x00000012   Code   RO         2152    i.USART_DMACmd      stm32f10x_usart.o
    0x0800786e   0x0000001a   Code   RO         2154    i.USART_GetFlagStatus  stm32f10x_usart.o
    0x08007888   0x000000d8   Code   RO         2158    i.USART_Init        stm32f10x_usart.o
    0x08007960   0x00000008   Code   RO         2168    i.USART_SendData    stm32f10x_usart.o
    0x08007968   0x00000004   Code   RO         2590    i.UsageFault_Handler  stm32f10x_it.o
    0x0800796c   0x00000094   Code   RO          323    i.V_PIDCalc         pid.o
    0x08007a00   0x00000038   Code   RO          324    i.V_PIDInit         pid.o
    0x08007a38   0x00000012   Code   RO          325    i.V_PIDreset        pid.o
    0x08007a4a   0x000000ca   Code   RO         4668    i._MLPrintLog       log_stm32.o
    0x08007b14   0x00000020   Code   RO         5318    i.__0printf         mc_w.l(printfa.o)
    0x08007b34   0x00000024   Code   RO         5324    i.__0vsprintf       mc_w.l(printfa.o)
    0x08007b58   0x00000028   Code   RO         5407    i.__ARM_fpclassify  m_ws.l(fpclassify.o)
    0x08007b80   0x00000026   Code   RO         5409    i.__ARM_fpclassifyf  m_ws.l(fpclassifyf.o)
    0x08007ba6   0x00000002   PAD
    0x08007ba8   0x00000388   Code   RO         5428    i.__ieee754_rem_pio2  m_ws.l(rred.o)
    0x08007f30   0x000000fc   Code   RO         5390    i.__kernel_cos      m_ws.l(cos_i.o)
    0x0800802c   0x000000aa   Code   RO         5425    i.__kernel_poly     m_ws.l(poly.o)
    0x080080d6   0x00000002   PAD
    0x080080d8   0x000000ec   Code   RO         5436    i.__kernel_sin      m_ws.l(sin_i.o)
    0x080081c4   0x00000010   Code   RO         5393    i.__mathlib_dbl_divzero  m_ws.l(dunder.o)
    0x080081d4   0x00000006   Code   RO         5394    i.__mathlib_dbl_infnan  m_ws.l(dunder.o)
    0x080081da   0x0000000c   Code   RO         5396    i.__mathlib_dbl_invalid  m_ws.l(dunder.o)
    0x080081e6   0x00000002   PAD
    0x080081e8   0x00000010   Code   RO         5399    i.__mathlib_dbl_underflow  m_ws.l(dunder.o)
    0x080081f8   0x00000006   Code   RO         5412    i.__mathlib_flt_infnan  m_ws.l(funder.o)
    0x080081fe   0x00000004   Code   RO         5413    i.__mathlib_flt_infnan2  m_ws.l(funder.o)
    0x08008202   0x00000008   Code   RO         5414    i.__mathlib_flt_invalid  m_ws.l(funder.o)
    0x0800820a   0x0000000a   Code   RO         5417    i.__mathlib_flt_underflow  m_ws.l(funder.o)
    0x08008214   0x00000168   Code   RO         5433    i.__mathlib_rredf2  m_ws.l(rredf.o)
    0x0800837c   0x00000034   Code   RO         3722    i.__print_result_location  mpl.o
    0x080083b0   0x0000000e   Code   RO         5491    i.__scatterload_copy  mc_w.l(handlers.o)
    0x080083be   0x00000002   Code   RO         5492    i.__scatterload_null  mc_w.l(handlers.o)
    0x080083c0   0x0000000e   Code   RO         5493    i.__scatterload_zeroinit  mc_w.l(handlers.o)
    0x080083ce   0x00000002   PAD
    0x080083d0   0x0000000c   Code   RO         5466    i.__set_errno       mc_w.l(errno.o)
    0x080083dc   0x00000164   Code   RO         5325    i._fp_digits        mc_w.l(printfa.o)
    0x08008540   0x000006dc   Code   RO         5326    i._printf_core      mc_w.l(printfa.o)
    0x08008c1c   0x00000024   Code   RO         5327    i._printf_post_padding  mc_w.l(printfa.o)
    0x08008c40   0x0000002e   Code   RO         5328    i._printf_pre_padding  mc_w.l(printfa.o)
    0x08008c6e   0x0000000a   Code   RO         5330    i._sputc            mc_w.l(printfa.o)
    0x08008c78   0x0000053c   Code   RO         4070    i.accel_6500_self_test  inv_mpu.o
    0x080091b4   0x0000011c   Code   RO         4935    i.acosf             m_ws.l(acosf.o)
    0x080092d0   0x0000025c   Code   RO         4979    i.atan2f            m_ws.l(atan2f.o)
    0x0800952c   0x0000014c   Code   RO         4071    i.compass_self_test  inv_mpu.o
    0x08009678   0x0000009c   Code   RO         4991    i.cos               m_ws.l(cos.o)
    0x08009714   0x0000017c   Code   RO         4999    i.cosf              m_ws.l(cosf.o)
    0x08009890   0x00000064   Code   RO         4486    i.decode_gesture    inv_mpu_dmp_motion_driver.o
    0x080098f4   0x0000003c   Code   RO         4487    i.dmp_enable_6x_lp_quat  inv_mpu_dmp_motion_driver.o
    0x08009930   0x0000021c   Code   RO         4488    i.dmp_enable_feature  inv_mpu_dmp_motion_driver.o
    0x08009b4c   0x00000058   Code   RO         4489    i.dmp_enable_gyro_cal  inv_mpu_dmp_motion_driver.o
    0x08009ba4   0x0000003c   Code   RO         4490    i.dmp_enable_lp_quat  inv_mpu_dmp_motion_driver.o
    0x08009be0   0x00000018   Code   RO         4495    i.dmp_load_motion_driver_firmware  inv_mpu_dmp_motion_driver.o
    0x08009bf8   0x000001cc   Code   RO         4496    i.dmp_read_fifo     inv_mpu_dmp_motion_driver.o
    0x08009dc4   0x00000130   Code   RO         4499    i.dmp_set_accel_bias  inv_mpu_dmp_motion_driver.o
    0x08009ef4   0x00000070   Code   RO         4500    i.dmp_set_fifo_rate  inv_mpu_dmp_motion_driver.o
    0x08009f64   0x00000130   Code   RO         4501    i.dmp_set_gyro_bias  inv_mpu_dmp_motion_driver.o
    0x0800a094   0x00000138   Code   RO         4503    i.dmp_set_orientation  inv_mpu_dmp_motion_driver.o
    0x0800a1cc   0x00000038   Code   RO         4506    i.dmp_set_shake_reject_thresh  inv_mpu_dmp_motion_driver.o
    0x0800a204   0x00000026   Code   RO         4507    i.dmp_set_shake_reject_time  inv_mpu_dmp_motion_driver.o
    0x0800a22a   0x00000026   Code   RO         4508    i.dmp_set_shake_reject_timeout  inv_mpu_dmp_motion_driver.o
    0x0800a250   0x00000046   Code   RO         4509    i.dmp_set_tap_axes  inv_mpu_dmp_motion_driver.o
    0x0800a296   0x00000026   Code   RO         4510    i.dmp_set_tap_count  inv_mpu_dmp_motion_driver.o
    0x0800a2bc   0x000001a0   Code   RO         4511    i.dmp_set_tap_thresh  inv_mpu_dmp_motion_driver.o
    0x0800a45c   0x00000026   Code   RO         4512    i.dmp_set_tap_time  inv_mpu_dmp_motion_driver.o
    0x0800a482   0x00000026   Code   RO         4513    i.dmp_set_tap_time_multi  inv_mpu_dmp_motion_driver.o
    0x0800a4a8   0x00000012   Code   RO         5065    i.fputc             mc_w.l(fputc.o)
    0x0800a4ba   0x00000022   Code   RO          354    i.fun_nvicSetNormal  function.o
    0x0800a4dc   0x0000001e   Code   RO          356    i.fun_usartSend     function.o
    0x0800a4fa   0x00000002   PAD
    0x0800a4fc   0x00000650   Code   RO         4072    i.get_st_6500_biases  inv_mpu.o
    0x0800ab4c   0x000004e8   Code   RO         4074    i.gyro_6500_self_test  inv_mpu.o
    0x0800b034   0x0000006a   Code   RO         2771    i.inv_apply_calibration  data_builder.o
    0x0800b09e   0x00000002   PAD
    0x0800b0a0   0x0000008c   Code   RO         2772    i.inv_build_accel   data_builder.o
    0x0800b12c   0x000000b0   Code   RO         2773    i.inv_build_compass  data_builder.o
    0x0800b1dc   0x00000038   Code   RO         2774    i.inv_build_gyro    data_builder.o
    0x0800b214   0x0000002c   Code   RO         2776    i.inv_build_temp    data_builder.o
    0x0800b240   0x000000a2   Code   RO         3362    i.inv_compass_angle  ml_math_func.o
    0x0800b2e2   0x00000072   Code   RO         3364    i.inv_convert_to_body_with_scale  ml_math_func.o
    0x0800b354   0x00000050   Code   RO         2778    i.inv_db_load_func  data_builder.o
    0x0800b3a4   0x00000018   Code   RO         2779    i.inv_db_save_func  data_builder.o
    0x0800b3bc   0x00000010   Code   RO         2780    i.inv_disable_compass_soft_iron_matrix  data_builder.o
    0x0800b3cc   0x0000001c   Code   RO         2656    i.inv_enable_eMPL_outputs  empl_outputs.o
    0x0800b3e8   0x00000020   Code   RO         3760    i.inv_enable_results_holder  results_holder.o
    0x0800b408   0x0000002c   Code   RO         3995    i.inv_execute_mpl_start_notification  start_manager.o
    0x0800b434   0x000000a0   Code   RO         2782    i.inv_execute_on_data  data_builder.o
    0x0800b4d4   0x000000f0   Code   RO         2657    i.inv_generate_eMPL_outputs  empl_outputs.o
    0x0800b5c4   0x00000010   Code   RO         3761    i.inv_generate_results  results_holder.o
    0x0800b5d4   0x00000018   Code   RO         3762    i.inv_get_6axis_quaternion  results_holder.o
    0x0800b5ec   0x0000000c   Code   RO         3763    i.inv_get_acc_state  results_holder.o
    0x0800b5f8   0x0000000c   Code   RO         2783    i.inv_get_accel_accuracy  data_builder.o
    0x0800b604   0x00000010   Code   RO         2785    i.inv_get_accel_on  data_builder.o
    0x0800b614   0x0000002c   Code   RO         2789    i.inv_get_accel_set  data_builder.o
    0x0800b640   0x00000018   Code   RO         2790    i.inv_get_compass_bias  data_builder.o
    0x0800b658   0x00000018   Code   RO         3767    i.inv_get_compass_correction  results_holder.o
    0x0800b670   0x00000010   Code   RO         2792    i.inv_get_compass_on  data_builder.o
    0x0800b680   0x0000001c   Code   RO         2799    i.inv_get_compass_soft_iron_output_data  data_builder.o
    0x0800b69c   0x0000000c   Code   RO         3768    i.inv_get_compass_state  results_holder.o
    0x0800b6a8   0x00000060   Code   RO         3769    i.inv_get_gravity   results_holder.o
    0x0800b708   0x00000010   Code   RO         2800    i.inv_get_gyro      data_builder.o
    0x0800b718   0x0000000c   Code   RO         2801    i.inv_get_gyro_accuracy  data_builder.o
    0x0800b724   0x00000024   Code   RO         2802    i.inv_get_gyro_bias  data_builder.o
    0x0800b748   0x00000020   Code   RO         2803    i.inv_get_gyro_bias_tc_set  data_builder.o
    0x0800b768   0x00000010   Code   RO         2804    i.inv_get_gyro_on   data_builder.o
    0x0800b778   0x0000001c   Code   RO         3368    i.inv_get_gyro_sum_of_sqr  ml_math_func.o
    0x0800b794   0x0000000c   Code   RO         3772    i.inv_get_large_mag_field  results_holder.o
    0x0800b7a0   0x00000068   Code   RO         2810    i.inv_get_last_timestamp  data_builder.o
    0x0800b808   0x0000003c   Code   RO         3773    i.inv_get_linear_accel  results_holder.o
    0x0800b844   0x00000038   Code   RO         3774    i.inv_get_linear_accel_float  results_holder.o
    0x0800b87c   0x00000010   Code   RO         3775    i.inv_get_local_field  results_holder.o
    0x0800b88c   0x0000001c   Code   RO         2811    i.inv_get_mag_accuracy  data_builder.o
    0x0800b8a8   0x00000014   Code   RO         3777    i.inv_get_motion_state  results_holder.o
    0x0800b8bc   0x0000003c   Code   RO         3778    i.inv_get_quaternion  results_holder.o
    0x0800b8f8   0x00000044   Code   RO         3780    i.inv_get_quaternion_set  results_holder.o
    0x0800b93c   0x00000230   Code   RO         2660    i.inv_get_sensor_type_euler  empl_outputs.o
    0x0800bb6c   0x00000060   Code   RO         3232    i.inv_get_sensor_type_gravity  hal_outputs.o
    0x0800bbcc   0x0000000c   Code   RO         3782    i.inv_got_compass_bias  results_holder.o
    0x0800bbd8   0x0000003c   Code   RO         2814    i.inv_init_data_builder  data_builder.o
    0x0800bc14   0x00000014   Code   RO         2665    i.inv_init_eMPL_outputs  empl_outputs.o
    0x0800bc28   0x0000008c   Code   RO         3724    i.inv_init_mpl      mpl.o
    0x0800bcb4   0x00000038   Code   RO         3783    i.inv_init_results_holder  results_holder.o
    0x0800bcec   0x00000014   Code   RO         3996    i.inv_init_start_manager  start_manager.o
    0x0800bd00   0x00000018   Code   RO         4029    i.inv_init_storage_manager  storage_manager.o
    0x0800bd18   0x00000028   Code   RO         3377    i.inv_orientation_matrix_to_scalar  ml_math_func.o
    0x0800bd40   0x00000012   Code   RO         3378    i.inv_q29_mult      ml_math_func.o
    0x0800bd52   0x00000012   Code   RO         3380    i.inv_q30_mult      ml_math_func.o
    0x0800bd64   0x00000016   Code   RO         3382    i.inv_q30_to_float  ml_math_func.o
    0x0800bd7a   0x00000024   Code   RO         3383    i.inv_q_add         ml_math_func.o
    0x0800bd9e   0x00000032   Code   RO         3384    i.inv_q_addf        ml_math_func.o
    0x0800bdd0   0x00000018   Code   RO         3385    i.inv_q_invert      ml_math_func.o
    0x0800bde8   0x0000001e   Code   RO         3386    i.inv_q_invertf     ml_math_func.o
    0x0800be06   0x000000b2   Code   RO         3387    i.inv_q_mult        ml_math_func.o
    0x0800beb8   0x0000010e   Code   RO         3388    i.inv_q_multf       ml_math_func.o
    0x0800bfc6   0x00000092   Code   RO         3389    i.inv_q_norm4       ml_math_func.o
    0x0800c058   0x0000016e   Code   RO         3391    i.inv_q_normalizef  ml_math_func.o
    0x0800c1c6   0x00000042   Code   RO         3392    i.inv_q_rotate      ml_math_func.o
    0x0800c208   0x000000da   Code   RO         3394    i.inv_quaternion_to_rotation  ml_math_func.o
    0x0800c2e2   0x00000002   PAD
    0x0800c2e4   0x000000f8   Code   RO         2817    i.inv_register_data_cb  data_builder.o
    0x0800c3dc   0x00000090   Code   RO         4031    i.inv_register_load_store  storage_manager.o
    0x0800c46c   0x0000002c   Code   RO         3997    i.inv_register_mpl_start_notification  start_manager.o
    0x0800c498   0x0000004c   Code   RO         2818    i.inv_reset_compass_soft_iron_matrix  data_builder.o
    0x0800c4e4   0x0000004e   Code   RO         3396    i.inv_row_2_scale   ml_math_func.o
    0x0800c532   0x00000002   PAD
    0x0800c534   0x00000024   Code   RO         2819    i.inv_set_accel_accuracy  data_builder.o
    0x0800c558   0x0000000c   Code   RO         3786    i.inv_set_accel_bias_found  results_holder.o
    0x0800c564   0x00000060   Code   RO         2822    i.inv_set_accel_bias_mask  data_builder.o
    0x0800c5c4   0x00000018   Code   RO         2823    i.inv_set_accel_orientation_and_scale  data_builder.o
    0x0800c5dc   0x0000002c   Code   RO         2824    i.inv_set_accel_sample_rate  data_builder.o
    0x0800c608   0x0000004c   Code   RO         2826    i.inv_set_compass_bias  data_builder.o
    0x0800c654   0x00000014   Code   RO         3787    i.inv_set_compass_bias_error  results_holder.o
    0x0800c668   0x0000000c   Code   RO         3788    i.inv_set_compass_bias_found  results_holder.o
    0x0800c674   0x00000024   Code   RO         3789    i.inv_set_compass_correction  results_holder.o
    0x0800c698   0x0000000c   Code   RO         2827    i.inv_set_compass_disturbance  data_builder.o
    0x0800c6a4   0x00000018   Code   RO         2828    i.inv_set_compass_orientation_and_scale  data_builder.o
    0x0800c6bc   0x00000030   Code   RO         2829    i.inv_set_compass_sample_rate  data_builder.o
    0x0800c6ec   0x00000054   Code   RO         2830    i.inv_set_compass_soft_iron_input_data  data_builder.o
    0x0800c740   0x0000000c   Code   RO         3790    i.inv_set_compass_state  results_holder.o
    0x0800c74c   0x00000120   Code   RO         2833    i.inv_set_contiguous  data_builder.o
    0x0800c86c   0x00000074   Code   RO         2835    i.inv_set_gyro_bias  data_builder.o
    0x0800c8e0   0x00000018   Code   RO         2836    i.inv_set_gyro_orientation_and_scale  data_builder.o
    0x0800c8f8   0x00000028   Code   RO         2837    i.inv_set_gyro_sample_rate  data_builder.o
    0x0800c920   0x0000001c   Code   RO         3337    i.inv_set_message   message_layer.o
    0x0800c93c   0x00000050   Code   RO         3795    i.inv_set_motion_state  results_holder.o
    0x0800c98c   0x00000014   Code   RO         2666    i.inv_start_eMPL_outputs  empl_outputs.o
    0x0800c9a0   0x00000048   Code   RO         3725    i.inv_start_mpl     mpl.o
    0x0800c9e8   0x00000018   Code   RO         3796    i.inv_start_results_holder  results_holder.o
    0x0800ca00   0x00000024   Code   RO         3797    i.inv_store_gaming_quaternion  results_holder.o
    0x0800ca24   0x00000064   Code   RO         2840    i.inv_unregister_data_cb  data_builder.o
    0x0800ca88   0x00000060   Code   RO         3998    i.inv_unregister_mpl_start_notification  start_manager.o
    0x0800cae8   0x0000035c   Code   RO         5011    i.log               m_ws.l(log.o)
    0x0800ce44   0x00000170   Code   RO         2558    i.main              main.o
    0x0800cfb4   0x00000002   Code   RO         4076    i.mget_ms           inv_mpu.o
    0x0800cfb6   0x0000003e   Code   RO         3401    i.mlMatrixVectorMult  ml_math_func.o
    0x0800cff4   0x00000070   Code   RO         4077    i.mpu_configure_fifo  inv_mpu.o
    0x0800d064   0x0000016c   Code   RO         4079    i.mpu_dmp_init      inv_mpu.o
    0x0800d1d0   0x0000004c   Code   RO         4080    i.mpu_get_accel_fsr  inv_mpu.o
    0x0800d21c   0x00000054   Code   RO         4082    i.mpu_get_accel_sens  inv_mpu.o
    0x0800d270   0x00000014   Code   RO         4083    i.mpu_get_compass_fsr  inv_mpu.o
    0x0800d284   0x000000d4   Code   RO         4084    i.mpu_get_compass_reg  inv_mpu.o
    0x0800d358   0x00000010   Code   RO         4087    i.mpu_get_fifo_config  inv_mpu.o
    0x0800d368   0x00000044   Code   RO         4088    i.mpu_get_gyro_fsr  inv_mpu.o
    0x0800d3ac   0x00000050   Code   RO         4090    i.mpu_get_gyro_sens  inv_mpu.o
    0x0800d3fc   0x00000050   Code   RO         4092    i.mpu_get_lpf       inv_mpu.o
    0x0800d44c   0x00000020   Code   RO         4094    i.mpu_get_sample_rate  inv_mpu.o
    0x0800d46c   0x000000a0   Code   RO         4095    i.mpu_get_temperature  inv_mpu.o
    0x0800d50c   0x0000012c   Code   RO         4096    i.mpu_init          inv_mpu.o
    0x0800d638   0x000000b8   Code   RO         4097    i.mpu_load_firmware  inv_mpu.o
    0x0800d6f0   0x0000011c   Code   RO         4098    i.mpu_lp_accel_mode  inv_mpu.o
    0x0800d80c   0x000000e2   Code   RO         4100    i.mpu_mpl_get_data  inv_mpu.o
    0x0800d8ee   0x00000002   PAD
    0x0800d8f0   0x000000c0   Code   RO         4105    i.mpu_read_fifo_stream  inv_mpu.o
    0x0800d9b0   0x00000080   Code   RO         4106    i.mpu_read_mem      inv_mpu.o
    0x0800da30   0x000001c8   Code   RO         4109    i.mpu_reset_fifo    inv_mpu.o
    0x0800dbf8   0x0000029c   Code   RO         4110    i.mpu_run_6500_self_test  inv_mpu.o
    0x0800de94   0x00000084   Code   RO         4114    i.mpu_set_accel_fsr  inv_mpu.o
    0x0800df18   0x0000014c   Code   RO         4115    i.mpu_set_bypass    inv_mpu.o
    0x0800e064   0x00000060   Code   RO         4116    i.mpu_set_compass_sample_rate  inv_mpu.o
    0x0800e0c4   0x00000090   Code   RO         4117    i.mpu_set_dmp_state  inv_mpu.o
    0x0800e154   0x00000088   Code   RO         4119    i.mpu_set_gyro_fsr  inv_mpu.o
    0x0800e1dc   0x0000006c   Code   RO         4120    i.mpu_set_int_latched  inv_mpu.o
    0x0800e248   0x00000084   Code   RO         4122    i.mpu_set_lpf       inv_mpu.o
    0x0800e2cc   0x000000b4   Code   RO         4123    i.mpu_set_sample_rate  inv_mpu.o
    0x0800e380   0x00000168   Code   RO         4124    i.mpu_set_sensors   inv_mpu.o
    0x0800e4e8   0x00000080   Code   RO         4125    i.mpu_write_mem     inv_mpu.o
    0x0800e568   0x00000096   Code   RO         4126    i.run_self_test     inv_mpu.o
    0x0800e5fe   0x00000002   PAD
    0x0800e600   0x00000090   Code   RO         4127    i.set_int_enable    inv_mpu.o
    0x0800e690   0x00000006   Code   RO         2841    i.set_sensor_orientation_and_scale  data_builder.o
    0x0800e696   0x00000002   PAD
    0x0800e698   0x00000238   Code   RO         4128    i.setup_compass     inv_mpu.o
    0x0800e8d0   0x00000188   Code   RO         5039    i.sinf              m_ws.l(sinf.o)
    0x0800ea58   0x0000004c   Code   RO         5047    i.sqrt              m_ws.l(sqrt.o)
    0x0800eaa4   0x0000002c   Code   RO         5055    i.sqrtf             m_ws.l(sqrtf.o)
    0x0800ead0   0x0000002f   Data   RO         3726    .constdata          mpl.o
    0x0800eaff   0x00000001   PAD
    0x0800eb00   0x00000268   Data   RO         4129    .constdata          inv_mpu.o
    0x0800ed68   0x00000bf6   Data   RO         4515    .constdata          inv_mpu_dmp_motion_driver.o
    0x0800f95e   0x00000002   PAD
    0x0800f960   0x00000038   Data   RO         5012    .constdata          m_ws.l(log.o)
    0x0800f998   0x00000030   Data   RO         5391    .constdata          m_ws.l(cos_i.o)
    0x0800f9c8   0x00000008   Data   RO         5427    .constdata          m_ws.l(qnan.o)
    0x0800f9d0   0x000000c8   Data   RO         5430    .constdata          m_ws.l(rred.o)
    0x0800fa98   0x00000020   Data   RO         5434    .constdata          m_ws.l(rredf.o)
    0x0800fab8   0x00000028   Data   RO         5437    .constdata          m_ws.l(sin_i.o)
    0x0800fae0   0x00000044   Data   RO         2843    .conststring        data_builder.o
    0x0800fb24   0x00000009   Data   RO         4130    .conststring        inv_mpu.o
    0x0800fb2d   0x00000003   PAD
    0x0800fb30   0x00000020   Data   RO         5489    Region$$Table       anon$$obj.o


    Execution Region RW_IRAM1 (Base: 0x20000000, Size: 0x000029b8, Max: 0x00010000, ABSOLUTE, COMPRESSED[0x00000e88])

    Base Addr    Size         Type   Attr      Idx    E Section Name        Object

    0x20000000   0x00000014   Data   RW           21    .data               system_stm32f10x.o
    0x20000014   0x00000004   Data   RW          107    .data               bsp.o
    0x20000018   0x00000028   Data   RW          250    .data               encoder.o
    0x20000040   0x0000000c   Data   RW          327    .data               pid.o
    0x2000004c   0x00000e14   Data   RW          520    .data               trifunction.o
    0x20000e60   0x00000014   Data   RW         1284    .data               stm32f10x_rcc.o
    0x20000e74   0x00000038   Data   RW         2560    .data               main.o
    0x20000eac   0x00000004   Data   RW         2591    .data               stm32f10x_it.o
    0x20000eb0   0x00000004   Data   RW         3338    .data               message_layer.o
    0x20000eb4   0x0000004e   Data   RW         4131    .data               inv_mpu.o
    0x20000f02   0x00000002   PAD
    0x20000f04   0x00000010   Data   RW         4694    .data               libmpllib.lib(compass_vec_cal.o)
    0x20000f14   0x00000004   Data   RW         5457    .data               mc_w.l(stdout.o)
    0x20000f18   0x00000004   Data   RW         5467    .data               mc_w.l(errno.o)
    0x20000f1c   0x0000001c   Zero   RW          249    .bss                encoder.o
    0x20000f38   0x00000050   Zero   RW          326    .bss                pid.o
    0x20000f88   0x00000009   Zero   RW         2559    .bss                main.o
    0x20000f91   0x00000003   PAD
    0x20000f94   0x00000028   Zero   RW         2668    .bss                empl_outputs.o
    0x20000fbc   0x000002d8   Zero   RW         2842    .bss                data_builder.o
    0x20001294   0x000000c4   Zero   RW         3242    .bss                hal_outputs.o
    0x20001358   0x00000088   Zero   RW         3798    .bss                results_holder.o
    0x200013e0   0x00000054   Zero   RW         3999    .bss                start_manager.o
    0x20001434   0x00000198   Zero   RW         4033    .bss                storage_manager.o
    0x200015cc   0x00000010   Zero   RW         4514    .bss                inv_mpu_dmp_motion_driver.o
    0x200015dc   0x00000004   PAD
    0x200015e0   0x00000460   Zero   RW         4693    .bss                libmpllib.lib(compass_vec_cal.o)
    0x20001a40   0x000002a0   Zero   RW         4783    .bss                libmpllib.lib(fast_no_motion.o)
    0x20001ce0   0x00000138   Zero   RW         4816    .bss                libmpllib.lib(fusion_9axis.o)
    0x20001e18   0x000001c4   Zero   RW         4838    .bss                libmpllib.lib(gyro_tc.o)
    0x20001fdc   0x000000b8   Zero   RW         4856    .bss                libmpllib.lib(mag_disturb.o)
    0x20002094   0x0000006c   Zero   RW         4878    .bss                libmpllib.lib(quaternion_supervisor.o)
    0x20002100   0x000004b8   Zero   RW         4896    .bss                libmpllib.lib(accel_auto_cal.o)
    0x200025b8   0x00000400   Zero   RW           85    STACK               startup_stm32f10x_hd.o


==============================================================================

Image component sizes


      Code (inc. data)   RO Data    RW Data    ZI Data      Debug   Object Name

      1190         86          0          4          0      25678   bsp.o
         0          0          0          0          0       4524   core_cm3.o
      2588        284         68          0        728      25068   data_builder.o
       868         44          0          0         40      11318   empl_outputs.o
       424         48          0         40         28       2813   encoder.o
        64          0          0          0          0       1416   function.o
        96         10          0          0        196       1986   hal_outputs.o
     10898       1494        625         78          0      37880   inv_mpu.o
      3096        122       3062          0         16      20242   inv_mpu_dmp_motion_driver.o
       202         10          0          0          0       1102   log_stm32.o
       368         66          0         56          9       1893   main.o
        28          4          0          4          0       1158   message_layer.o
       132         22          0          0          0       1411   misc.o
      1926          0          0          0          0      13389   ml_math_func.o
       924         40          0          0          0       3109   motor.o
       264         92         47          0          0       2392   mpl.o
       212          0          0          0          0       1807   mpu9250.o
       684        102          0          0          0       3942   mpuiic.o
       222         20          0         12         80       2052   pid.o
       808        122          0          0        136      14545   results_holder.o
       204         20          0          0         84       3120   start_manager.o
        48         12        304          0       1024        820   startup_stm32f10x_hd.o
       444         18          0          0          0       3730   stm32f10x_dma.o
       286          0          0          0          0       2868   stm32f10x_gpio.o
       308         58          0          4          0       4772   stm32f10x_it.o
       372         50          0         20          0       5844   stm32f10x_rcc.o
      2062        244          0          0          0      16424   stm32f10x_tim.o
       292          6          0          0          0       4367   stm32f10x_usart.o
       168         10          0          0        408       2361   storage_manager.o
       328         28          0         20          0     259929   system_stm32f10x.o
       256         10          0       3604          0       1612   trifunction.o

    ----------------------------------------------------------------------
     29798       3022       4144       3844       2756     483572   Object Totals
         0          0         32          0          0          0   (incl. Generated)
        36          0          6          2          7          0   (incl. Padding)

    ----------------------------------------------------------------------

      Code (inc. data)   RO Data    RW Data    ZI Data      Debug   Library Member Name

      2796        150          0          0       1208       9108   accel_auto_cal.o
      7772        154          0         16       1120      19264   compass_vec_cal.o
      2548         42          0          0        672      13408   fast_no_motion.o
      1628         54          0          0        312       5308   fusion_9axis.o
      1212         30          0          0        452       5515   gyro_tc.o
      1360         46          0          0        184       7270   mag_disturb.o
      2368        102          0          0        108       5409   quaternion_supervisor.o
       284         42          0          0          0        120   acosf.o
       604         76          0          0          0        116   atan2f.o
       156          8          0          0          0        104   cos.o
       252         22         48          0          0        124   cos_i.o
       380         52          0          0          0        124   cosf.o
        50         10          0          0          0        272   dunder.o
        40          0          0          0          0         68   fpclassify.o
        38          0          0          0          0         68   fpclassifyf.o
        28          0          0          0          0        272   funder.o
       860         52         56          0          0        256   log.o
       170          0          0          0          0         96   poly.o
         0          0          8          0          0          0   qnan.o
       904         76        200          0          0        140   rred.o
       360         16         32          0          0         88   rredf.o
       236         12         40          0          0        128   sin_i.o
       392         54          0          0          0        124   sinf.o
        76          0          0          0          0         84   sqrt.o
        44          0          0          0          0         80   sqrtf.o
        94          0          0          0          0          0   __dclz77c.o
         0          0          0          0          0          0   entry.o
         0          0          0          0          0          0   entry10a.o
         0          0          0          0          0          0   entry11a.o
         8          4          0          0          0          0   entry2.o
         4          0          0          0          0          0   entry5.o
         0          0          0          0          0          0   entry7b.o
         0          0          0          0          0          0   entry8b.o
         8          4          0          0          0          0   entry9a.o
        12          6          0          4          0         68   errno.o
        18          0          0          0          0         80   fputc.o
        30          0          0          0          0          0   handlers.o
        36          8          0          0          0         68   init.o
         0          0          0          0          0          0   iusefp.o
         0          0          0          0          0          0   iusesemip.o
        98          0          0          0          0         84   ldiv.o
        30          0          0          0          0         68   llshl.o
        36          0          0          0          0         68   llsshr.o
        32          0          0          0          0         68   llushr.o
        26          0          0          0          0         80   memcmp.o
        64          0          0          0          0         76   memmovea.o
        36          0          0          0          0        108   memseta.o
      2272         96          0          0          0        592   printfa.o
         0          0          0          0          0          0   semi.o
         0          0          0          4          0          0   stdout.o
        44          0          0          0          0         80   uidiv.o
        98          0          0          0          0         92   uldiv.o
        48          0          0          0          0         68   cdcmple.o
        48          0          0          0          0         68   cdrcmple.o
        20          0          0          0          0         68   cfcmple.o
        20          0          0          0          0         68   cfrcmple.o
        56          0          0          0          0         88   d2f.o
       334          0          0          0          0        148   dadd.o
       222          0          0          0          0        100   ddiv.o
       186          0          0          0          0        176   depilogue.o
        62          0          0          0          0         80   dfixi.o
        48          0          0          0          0         68   dfixul.o
        34          0          0          0          0         76   dflti.o
        26          0          0          0          0         76   dfltui.o
       228          0          0          0          0         96   dmul.o
        46          0          0          0          0         80   dscalb.o
       162          0          0          0          0        100   dsqrt.o
        38          0          0          0          0         68   f2d.o
       176          0          0          0          0        140   fadd.o
       124          0          0          0          0         88   fdiv.o
       110          0          0          0          0        168   fepilogue.o
        50          0          0          0          0         68   ffixi.o
        66          0          0          0          0         76   ffixl.o
        40          0          0          0          0         68   ffixui.o
        18          0          0          0          0         68   fflti.o
        44          0          0          0          0         92   ffltl.o
        10          0          0          0          0         68   ffltui.o
       100          0          0          0          0         76   fmul.o
        60          0          0          0          0         76   frnd.o
        24          0          0          0          0         68   fscalb.o
        94          0          0          0          0         96   fsqrt.o

    ----------------------------------------------------------------------
     30010       1116        384         24       4056      71658   Library Totals
        12          0          0          0          0          0   (incl. Padding)

    ----------------------------------------------------------------------

      Code (inc. data)   RO Data    RW Data    ZI Data      Debug   Library Name

     19684        578          0         16       4056      65282   libmpllib.lib
      4874        420        384          0          0       2264   m_ws.l
      2946        118          0          8          0       1532   mc_w.l
      2494          0          0          0          0       2580   mf_w.l

    ----------------------------------------------------------------------
     30010       1116        384         24       4056      71658   Library Totals

    ----------------------------------------------------------------------

==============================================================================


      Code (inc. data)   RO Data    RW Data    ZI Data      Debug   

     59808       4138       4528       3868       6812     537626   Grand Totals
     59808       4138       4528       3720       6812     537626   ELF Image Totals (compressed)
     59808       4138       4528       3720          0          0   ROM Totals

==============================================================================

    Total RO  Size (Code + RO Data)                64336 (  62.83kB)
    Total RW  Size (RW Data + ZI Data)             10680 (  10.43kB)
    Total ROM Size (Code + RO Data + RW Data)      68056 (  66.46kB)

==============================================================================

