Component: ARM Compiler 5.06 (build 20) Tool: armlink [4d35a3]

==============================================================================

Section Cross References

    startup_stm32f10x_md.o(RESET) refers to startup_stm32f10x_md.o(STACK) for __initial_sp
    startup_stm32f10x_md.o(RESET) refers to startup_stm32f10x_md.o(.text) for Reset_Handler
    startup_stm32f10x_md.o(RESET) refers to stm32f10x_it.o(i.NMI_Handler) for NMI_Handler
    startup_stm32f10x_md.o(RESET) refers to stm32f10x_it.o(i.HardFault_Handler) for HardFault_Handler
    startup_stm32f10x_md.o(RESET) refers to stm32f10x_it.o(i.MemManage_Handler) for MemManage_Handler
    startup_stm32f10x_md.o(RESET) refers to stm32f10x_it.o(i.BusFault_Handler) for BusFault_Handler
    startup_stm32f10x_md.o(RESET) refers to stm32f10x_it.o(i.UsageFault_Handler) for UsageFault_Handler
    startup_stm32f10x_md.o(RESET) refers to stm32f10x_it.o(i.SVC_Handler) for SVC_Handler
    startup_stm32f10x_md.o(RESET) refers to stm32f10x_it.o(i.DebugMon_Handler) for DebugMon_Handler
    startup_stm32f10x_md.o(RESET) refers to stm32f10x_it.o(i.PendSV_Handler) for PendSV_Handler
    startup_stm32f10x_md.o(RESET) refers to stm32f10x_it.o(i.SysTick_Handler) for SysTick_Handler
    startup_stm32f10x_md.o(RESET) refers to stm32f10x_it.o(i.TIM2_IRQHandler) for TIM2_IRQHandler
    startup_stm32f10x_md.o(RESET) refers to tim.o(i.TIM3_IRQHandler) for TIM3_IRQHandler
    startup_stm32f10x_md.o(RESET) refers to stm32f10x_it.o(i.TIM4_IRQHandler) for TIM4_IRQHandler
    startup_stm32f10x_md.o(RESET) refers to usart.o(i.USART1_IRQHandler) for USART1_IRQHandler
    startup_stm32f10x_md.o(.text) refers to system_stm32f10x.o(i.SystemInit) for SystemInit
    startup_stm32f10x_md.o(.text) refers to entry.o(.ARM.Collect$$$$00000000) for __main
    system_stm32f10x.o(i.SetSysClock) refers to system_stm32f10x.o(i.SetSysClockTo72) for SetSysClockTo72
    system_stm32f10x.o(i.SystemCoreClockUpdate) refers to system_stm32f10x.o(.data) for SystemCoreClock
    system_stm32f10x.o(i.SystemInit) refers to system_stm32f10x.o(i.SetSysClock) for SetSysClock
    dataflash.o(i.Flash_Write) refers to stm32f10x_flash.o(i.FLASH_Unlock) for FLASH_Unlock
    dataflash.o(i.Flash_Write) refers to dataflash.o(i.Flash_Read) for Flash_Read
    dataflash.o(i.Flash_Write) refers to stm32f10x_flash.o(i.FLASH_ErasePage) for FLASH_ErasePage
    dataflash.o(i.Flash_Write) refers to dataflash.o(i.Flash_Write_Without_check) for Flash_Write_Without_check
    dataflash.o(i.Flash_Write) refers to stm32f10x_flash.o(i.FLASH_Lock) for FLASH_Lock
    dataflash.o(i.Flash_Write_Without_check) refers to stm32f10x_flash.o(i.FLASH_UnlockBank1) for FLASH_UnlockBank1
    dataflash.o(i.Flash_Write_Without_check) refers to stm32f10x_flash.o(i.FLASH_ProgramHalfWord) for FLASH_ProgramHalfWord
    dataflash.o(i.data_read) refers to dataflash.o(i.Flash_Read) for Flash_Read
    dataflash.o(i.data_read) refers to dataflash.o(.bss) for SaveData
    dataflash.o(i.data_read) refers to mpu9250.o(.bss) for mag_param
    dataflash.o(i.data_save) refers to dataflash.o(i.Flash_Write) for Flash_Write
    dataflash.o(i.data_save) refers to mpu9250.o(.bss) for mag_param
    dataflash.o(i.data_save) refers to dataflash.o(.bss) for SaveData
    dataflash.o(i.init_data_save) refers to dataflash.o(i.Flash_Read) for Flash_Read
    dataflash.o(i.init_data_save) refers to dataflash.o(i.Flash_Write) for Flash_Write
    dataflash.o(i.init_data_save) refers to dataflash.o(i.data_read) for data_read
    dataflash.o(i.init_data_save) refers to bsp.o(i.Delay_ms) for Delay_ms
    encoder.o(i.EncoderIOInit) refers to stm32f10x_rcc.o(i.RCC_APB2PeriphClockCmd) for RCC_APB2PeriphClockCmd
    encoder.o(i.EncoderIOInit) refers to stm32f10x_gpio.o(i.GPIO_Init) for GPIO_Init
    encoder.o(i.EncoderInit) refers to encoder.o(i.EncoderIOInit) for EncoderIOInit
    encoder.o(i.EncoderInit) refers to encoder.o(i.EncoderTIMInit) for EncoderTIMInit
    encoder.o(i.EncoderTIMInit) refers to stm32f10x_rcc.o(i.RCC_APB2PeriphClockCmd) for RCC_APB2PeriphClockCmd
    encoder.o(i.EncoderTIMInit) refers to stm32f10x_tim.o(i.TIM_DeInit) for TIM_DeInit
    encoder.o(i.EncoderTIMInit) refers to stm32f10x_tim.o(i.TIM_TimeBaseStructInit) for TIM_TimeBaseStructInit
    encoder.o(i.EncoderTIMInit) refers to stm32f10x_tim.o(i.TIM_TimeBaseInit) for TIM_TimeBaseInit
    encoder.o(i.EncoderTIMInit) refers to stm32f10x_tim.o(i.TIM_EncoderInterfaceConfig) for TIM_EncoderInterfaceConfig
    encoder.o(i.EncoderTIMInit) refers to stm32f10x_tim.o(i.TIM_ICStructInit) for TIM_ICStructInit
    encoder.o(i.EncoderTIMInit) refers to stm32f10x_tim.o(i.TIM_ICInit) for TIM_ICInit
    encoder.o(i.EncoderTIMInit) refers to stm32f10x_tim.o(i.TIM_SetCounter) for TIM_SetCounter
    encoder.o(i.EncoderTIMInit) refers to stm32f10x_tim.o(i.TIM_Cmd) for TIM_Cmd
    encoder.o(i.GetEncoder1_Pulse) refers to stm32f10x_tim.o(i.TIM_GetCounter) for TIM_GetCounter
[...]
    Removing mpu9250.o(i.iic_recv_ack), (80 bytes).
    Removing mpu9250.o(i.iic_recv_byte), (96 bytes).
    Removing mpu9250.o(i.iic_send_ack), (64 bytes).
    Removing mpu9250.o(i.iic_send_byte), (88 bytes).
    Removing mpu9250.o(i.iic_start), (56 bytes).
    Removing mpu9250.o(i.iic_stop), (48 bytes).
    Removing mpu9250.o(i.iic_write), (56 bytes).
    Removing mpu9250.o(i.init_mpu9250), (320 bytes).
    Removing mpu9250.o(i.mpu9250_read_reg), (22 bytes).
    Removing mpu9250.o(i.mpu9250_write_reg), (22 bytes).
    Removing mpu9250.o(i.mpu_data_prepare), (400 bytes).
    Removing mpu9250.o(i.sensorCalibrate), (380 bytes).
    Removing mpu9250.o(i.sensor_process), (56 bytes).
    Removing mpu9250.o(i.xbm_atan), (536 bytes).
    Removing mpu9250.o(i.xbm_atan2), (136 bytes).
    Removing mpu9250.o(.bss), (204 bytes).
    Removing mpu9250.o(.data), (45 bytes).
    Removing pid.o(i.POSE_PIDCalc), (180 bytes).
    Removing pid.o(i.TURN_PIDCalc), (180 bytes).
    Removing pid.o(i.V_PIDInit), (188 bytes).
    Removing sensor.o(i.GetADCValue), (80 bytes).
    Removing sensor.o(i.SensorADCInit), (112 bytes).
    Removing sensor.o(i.SensorIOInit), (68 bytes).
    Removing sensor.o(i.SensorInit), (12 bytes).
    Removing sensor.o(.constdata), (6 bytes).
    Removing servo.o(i.ServoIOInit), (44 bytes).
    Removing servo.o(i.ServoInit), (12 bytes).
    Removing servo.o(i.ServoTIMInit), (156 bytes).
    Removing servo.o(i.SetServo1PWM), (20 bytes).
    Removing servo.o(i.SetServo2PWM), (20 bytes).
    Removing bsp.o(i.BSP_GPIOinit), (204 bytes).
    Removing bsp.o(i.BSP_dmaInit), (104 bytes).
    Removing bsp.o(i.BSP_init), (36 bytes).
    Removing bsp.o(i.BSP_nvicInit), (32 bytes).
    Removing bsp.o(i.BSP_spiInit), (2 bytes).
    Removing bsp.o(i.BSP_timerInit), (280 bytes).
    Removing bsp.o(i.BSP_usartInit), (72 bytes).
    Removing bsp.o(i.Bsp_adcInit), (2 bytes).
    Removing bsp.o(i.Bsp_extiInit), (2 bytes).
    Removing bsp.o(i.Delay_us), (24 bytes).
    Removing bsp.o(i.delay_init), (108 bytes).
    Removing function.o(i.fun_nvicSetNormal), (34 bytes).
    Removing function.o(i.fun_usartRec), (28 bytes).
    Removing misc.o(i.NVIC_SetVectorTable), (20 bytes).
    Removing misc.o(i.NVIC_SystemLPConfig), (32 bytes).
    Removing misc.o(i.SysTick_CLKSourceConfig), (40 bytes).
    Removing stm32f10x_adc.o(i.ADC_AnalogWatchdogCmd), (20 bytes).
    Removing stm32f10x_adc.o(i.ADC_AnalogWatchdogSingleChannelConfig), (16 bytes).
    Removing stm32f10x_adc.o(i.ADC_AnalogWatchdogThresholdsConfig), (6 bytes).
    Removing stm32f10x_adc.o(i.ADC_AutoInjectedConvCmd), (22 bytes).
    Removing stm32f10x_adc.o(i.ADC_ClearFlag), (6 bytes).
    Removing stm32f10x_adc.o(i.ADC_ClearITPendingBit), (10 bytes).
    Removing stm32f10x_adc.o(i.ADC_Cmd), (22 bytes).
    Removing stm32f10x_adc.o(i.ADC_DMACmd), (22 bytes).
    Removing stm32f10x_adc.o(i.ADC_DeInit), (92 bytes).
    Removing stm32f10x_adc.o(i.ADC_DiscModeChannelCountConfig), (24 bytes).
    Removing stm32f10x_adc.o(i.ADC_DiscModeCmd), (22 bytes).
    Removing stm32f10x_adc.o(i.ADC_ExternalTrigConvCmd), (22 bytes).
    Removing stm32f10x_adc.o(i.ADC_ExternalTrigInjectedConvCmd), (22 bytes).
    Removing stm32f10x_adc.o(i.ADC_ExternalTrigInjectedConvConfig), (16 bytes).
    Removing stm32f10x_adc.o(i.ADC_GetCalibrationStatus), (20 bytes).
    Removing stm32f10x_adc.o(i.ADC_GetConversionValue), (8 bytes).
    Removing stm32f10x_adc.o(i.ADC_GetDualModeConversionValue), (12 bytes).
    Removing stm32f10x_adc.o(i.ADC_GetFlagStatus), (18 bytes).
    Removing stm32f10x_adc.o(i.ADC_GetITStatus), (36 bytes).
    Removing stm32f10x_adc.o(i.ADC_GetInjectedConversionValue), (28 bytes).
    Removing stm32f10x_adc.o(i.ADC_GetResetCalibrationStatus), (20 bytes).
    Removing stm32f10x_adc.o(i.ADC_GetSoftwareStartConvStatus), (20 bytes).
    Removing stm32f10x_adc.o(i.ADC_GetSoftwareStartInjectedConvCmdStatus), (20 bytes).
    Removing stm32f10x_adc.o(i.ADC_ITConfig), (24 bytes).
    Removing stm32f10x_adc.o(i.ADC_Init), (80 bytes).
    Removing stm32f10x_adc.o(i.ADC_InjectedChannelConfig), (130 bytes).
    Removing stm32f10x_adc.o(i.ADC_InjectedDiscModeCmd), (22 bytes).
    Removing stm32f10x_adc.o(i.ADC_InjectedSequencerLengthConfig), (24 bytes).
    Removing stm32f10x_adc.o(i.ADC_RegularChannelConfig), (184 bytes).
    Removing stm32f10x_adc.o(i.ADC_ResetCalibration), (10 bytes).
    Removing stm32f10x_adc.o(i.ADC_SetInjectedOffset), (20 bytes).
    Removing stm32f10x_adc.o(i.ADC_SoftwareStartConvCmd), (22 bytes).
    Removing stm32f10x_adc.o(i.ADC_SoftwareStartInjectedConvCmd), (22 bytes).
    Removing stm32f10x_adc.o(i.ADC_StartCalibration), (10 bytes).
    Removing stm32f10x_adc.o(i.ADC_StructInit), (18 bytes).
    Removing stm32f10x_adc.o(i.ADC_TempSensorVrefintCmd), (36 bytes).
    Removing stm32f10x_can.o(i.CAN_CancelTransmit), (48 bytes).
    Removing stm32f10x_can.o(i.CAN_ClearFlag), (56 bytes).
    Removing stm32f10x_can.o(i.CAN_ClearITPendingBit), (168 bytes).
    Removing stm32f10x_can.o(i.CAN_DBGFreeze), (22 bytes).
    Removing stm32f10x_can.o(i.CAN_DeInit), (56 bytes).
    Removing stm32f10x_can.o(i.CAN_FIFORelease), (22 bytes).
    Removing stm32f10x_can.o(i.CAN_FilterInit), (264 bytes).
    Removing stm32f10x_can.o(i.CAN_GetFlagStatus), (120 bytes).
    Removing stm32f10x_can.o(i.CAN_GetITStatus), (288 bytes).
    Removing stm32f10x_can.o(i.CAN_GetLSBTransmitErrorCounter), (12 bytes).
    Removing stm32f10x_can.o(i.CAN_GetLastErrorCode), (12 bytes).
    Removing stm32f10x_can.o(i.CAN_GetReceiveErrorCounter), (10 bytes).
    Removing stm32f10x_can.o(i.CAN_ITConfig), (18 bytes).
    Removing stm32f10x_can.o(i.CAN_Init), (276 bytes).
    Removing stm32f10x_can.o(i.CAN_MessagePending), (30 bytes).
    Removing stm32f10x_can.o(i.CAN_OperatingModeRequest), (162 bytes).
    Removing stm32f10x_can.o(i.CAN_Receive), (240 bytes).
    Removing stm32f10x_can.o(i.CAN_SlaveStartBank), (52 bytes).
    Removing stm32f10x_can.o(i.CAN_Sleep), (30 bytes).
    Removing stm32f10x_can.o(i.CAN_StructInit), (32 bytes).
    Removing stm32f10x_can.o(i.CAN_TTComModeCmd), (118 bytes).
    Removing stm32f10x_can.o(i.CAN_Transmit), (294 bytes).
    Removing stm32f10x_can.o(i.CAN_TransmitStatus), (160 bytes).
    Removing stm32f10x_can.o(i.CAN_WakeUp), (48 bytes).
    Removing stm32f10x_can.o(i.CheckITStatus), (18 bytes).
    Removing stm32f10x_dma.o(i.DMA_ClearITPendingBit), (28 bytes).
    Removing stm32f10x_dma.o(i.DMA_GetCurrDataCounter), (8 bytes).
    Removing stm32f10x_dma.o(i.DMA_GetFlagStatus), (44 bytes).
    Removing stm32f10x_dma.o(i.DMA_GetITStatus), (44 bytes).
    Removing stm32f10x_dma.o(i.DMA_ITConfig), (18 bytes).
    Removing stm32f10x_dma.o(i.DMA_SetCurrDataCounter), (4 bytes).
    Removing stm32f10x_dma.o(i.DMA_StructInit), (26 bytes).
    Removing stm32f10x_exti.o(i.EXTI_ClearFlag), (12 bytes).
    Removing stm32f10x_exti.o(i.EXTI_ClearITPendingBit), (12 bytes).
    Removing stm32f10x_exti.o(i.EXTI_DeInit), (36 bytes).
    Removing stm32f10x_exti.o(i.EXTI_GenerateSWInterrupt), (16 bytes).
    Removing stm32f10x_exti.o(i.EXTI_GetFlagStatus), (24 bytes).
    Removing stm32f10x_exti.o(i.EXTI_GetITStatus), (40 bytes).
    Removing stm32f10x_exti.o(i.EXTI_Init), (148 bytes).
    Removing stm32f10x_exti.o(i.EXTI_StructInit), (16 bytes).
    Removing stm32f10x_gpio.o(i.GPIO_AFIODeInit), (20 bytes).
    Removing stm32f10x_gpio.o(i.GPIO_DeInit), (200 bytes).
    Removing stm32f10x_gpio.o(i.GPIO_ETH_MediaInterfaceConfig), (12 bytes).
    Removing stm32f10x_gpio.o(i.GPIO_EXTILineConfig), (64 bytes).
    Removing stm32f10x_gpio.o(i.GPIO_EventOutputCmd), (12 bytes).
    Removing stm32f10x_gpio.o(i.GPIO_EventOutputConfig), (32 bytes).
    Removing stm32f10x_gpio.o(i.GPIO_PinLockConfig), (18 bytes).
    Removing stm32f10x_gpio.o(i.GPIO_PinRemapConfig), (144 bytes).
    Removing stm32f10x_gpio.o(i.GPIO_ReadInputData), (8 bytes).
    Removing stm32f10x_gpio.o(i.GPIO_ReadInputDataBit), (18 bytes).
    Removing stm32f10x_gpio.o(i.GPIO_ReadOutputData), (8 bytes).
    Removing stm32f10x_gpio.o(i.GPIO_ReadOutputDataBit), (18 bytes).
    Removing stm32f10x_gpio.o(i.GPIO_StructInit), (16 bytes).
    Removing stm32f10x_gpio.o(i.GPIO_Write), (4 bytes).
    Removing stm32f10x_gpio.o(i.GPIO_WriteBit), (10 bytes).
    Removing stm32f10x_iwdg.o(i.IWDG_Enable), (16 bytes).
    Removing stm32f10x_iwdg.o(i.IWDG_GetFlagStatus), (24 bytes).
    Removing stm32f10x_iwdg.o(i.IWDG_ReloadCounter), (16 bytes).
    Removing stm32f10x_iwdg.o(i.IWDG_SetPrescaler), (12 bytes).
    Removing stm32f10x_iwdg.o(i.IWDG_SetReload), (12 bytes).
    Removing stm32f10x_iwdg.o(i.IWDG_WriteAccessCmd), (12 bytes).
    Removing stm32f10x_rcc.o(i.RCC_ADCCLKConfig), (24 bytes).
    Removing stm32f10x_rcc.o(i.RCC_AdjustHSICalibrationValue), (24 bytes).
    Removing stm32f10x_rcc.o(i.RCC_BackupResetCmd), (12 bytes).
    Removing stm32f10x_rcc.o(i.RCC_ClearFlag), (20 bytes).
    Removing stm32f10x_rcc.o(i.RCC_ClearITPendingBit), (12 bytes).
    Removing stm32f10x_rcc.o(i.RCC_ClockSecuritySystemCmd), (12 bytes).
    Removing stm32f10x_rcc.o(i.RCC_DeInit), (76 bytes).
    Removing stm32f10x_rcc.o(i.RCC_GetFlagStatus), (60 bytes).
    Removing stm32f10x_rcc.o(i.RCC_GetITStatus), (24 bytes).
    Removing stm32f10x_rcc.o(i.RCC_GetSYSCLKSource), (16 bytes).
    Removing stm32f10x_rcc.o(i.RCC_HCLKConfig), (24 bytes).
    Removing stm32f10x_rcc.o(i.RCC_HSEConfig), (76 bytes).
    Removing stm32f10x_rcc.o(i.RCC_HSICmd), (12 bytes).
    Removing stm32f10x_rcc.o(i.RCC_ITConfig), (32 bytes).
    Removing stm32f10x_rcc.o(i.RCC_LSEConfig), (52 bytes).
    Removing stm32f10x_rcc.o(i.RCC_LSICmd), (12 bytes).
    Removing stm32f10x_rcc.o(i.RCC_MCOConfig), (12 bytes).
    Removing stm32f10x_rcc.o(i.RCC_PCLK1Config), (24 bytes).
    Removing stm32f10x_rcc.o(i.RCC_PCLK2Config), (24 bytes).
    Removing stm32f10x_rcc.o(i.RCC_PLLCmd), (12 bytes).
    Removing stm32f10x_rcc.o(i.RCC_PLLConfig), (28 bytes).
    Removing stm32f10x_rcc.o(i.RCC_RTCCLKCmd), (12 bytes).
    Removing stm32f10x_rcc.o(i.RCC_RTCCLKConfig), (16 bytes).
    Removing stm32f10x_rcc.o(i.RCC_SYSCLKConfig), (24 bytes).
    Removing stm32f10x_rcc.o(i.RCC_USBCLKConfig), (12 bytes).
    Removing stm32f10x_rcc.o(i.RCC_WaitForHSEStartUp), (56 bytes).
    Removing stm32f10x_spi.o(i.I2S_Cmd), (24 bytes).
    Removing stm32f10x_spi.o(i.I2S_Init), (232 bytes).
    Removing stm32f10x_spi.o(i.I2S_StructInit), (20 bytes).
    Removing stm32f10x_spi.o(i.SPI_BiDirectionalLineConfig), (28 bytes).
    Removing stm32f10x_spi.o(i.SPI_CalculateCRC), (24 bytes).
    Removing stm32f10x_spi.o(i.SPI_Cmd), (24 bytes).
    Removing stm32f10x_spi.o(i.SPI_DataSizeConfig), (18 bytes).
    Removing stm32f10x_spi.o(i.SPI_GetCRC), (16 bytes).
    Removing stm32f10x_spi.o(i.SPI_GetCRCPolynomial), (6 bytes).
    Removing stm32f10x_spi.o(i.SPI_I2S_ClearFlag), (6 bytes).
    Removing stm32f10x_spi.o(i.SPI_I2S_ClearITPendingBit), (20 bytes).
    Removing stm32f10x_spi.o(i.SPI_I2S_DMACmd), (18 bytes).
    Removing stm32f10x_spi.o(i.SPI_I2S_DeInit), (88 bytes).
    Removing stm32f10x_spi.o(i.SPI_I2S_GetFlagStatus), (18 bytes).
    Removing stm32f10x_spi.o(i.SPI_I2S_GetITStatus), (52 bytes).
    Removing stm32f10x_spi.o(i.SPI_I2S_ITConfig), (32 bytes).
    Removing stm32f10x_spi.o(i.SPI_I2S_ReceiveData), (6 bytes).
    Removing stm32f10x_spi.o(i.SPI_I2S_SendData), (4 bytes).
    Removing stm32f10x_spi.o(i.SPI_Init), (60 bytes).
    Removing stm32f10x_spi.o(i.SPI_NSSInternalSoftwareConfig), (30 bytes).
    Removing stm32f10x_spi.o(i.SPI_SSOutputCmd), (24 bytes).
    Removing stm32f10x_spi.o(i.SPI_StructInit), (24 bytes).
    Removing stm32f10x_spi.o(i.SPI_TransmitCRC), (10 bytes).
    Removing stm32f10x_tim.o(i.TIM_BDTRConfig), (32 bytes).
    Removing stm32f10x_tim.o(i.TIM_BDTRStructInit), (18 bytes).
    Removing stm32f10x_tim.o(i.TIM_CCPreloadControl), (24 bytes).
    Removing stm32f10x_tim.o(i.TIM_CCxCmd), (30 bytes).
    Removing stm32f10x_tim.o(i.TIM_CCxNCmd), (30 bytes).
    Removing stm32f10x_tim.o(i.TIM_ClearFlag), (6 bytes).
    Removing stm32f10x_tim.o(i.TIM_ClearOC1Ref), (18 bytes).
    Removing stm32f10x_tim.o(i.TIM_ClearOC2Ref), (24 bytes).
    Removing stm32f10x_tim.o(i.TIM_ClearOC3Ref), (18 bytes).
    Removing stm32f10x_tim.o(i.TIM_ClearOC4Ref), (24 bytes).
    Removing stm32f10x_tim.o(i.TIM_CounterModeConfig), (18 bytes).
    Removing stm32f10x_tim.o(i.TIM_CtrlPWMOutputs), (30 bytes).
    Removing stm32f10x_tim.o(i.TIM_DMACmd), (18 bytes).
    Removing stm32f10x_tim.o(i.TIM_DMAConfig), (10 bytes).
    Removing stm32f10x_tim.o(i.TIM_ETRClockMode1Config), (54 bytes).
    Removing stm32f10x_tim.o(i.TIM_ETRClockMode2Config), (32 bytes).
    Removing stm32f10x_tim.o(i.TIM_ETRConfig), (28 bytes).
    Removing stm32f10x_tim.o(i.TIM_ForcedOC1Config), (18 bytes).
    Removing stm32f10x_tim.o(i.TIM_ForcedOC2Config), (26 bytes).
    Removing stm32f10x_tim.o(i.TIM_ForcedOC3Config), (18 bytes).
    Removing stm32f10x_tim.o(i.TIM_ForcedOC4Config), (26 bytes).
    Removing stm32f10x_tim.o(i.TIM_GenerateEvent), (4 bytes).
    Removing stm32f10x_tim.o(i.TIM_GetCapture1), (6 bytes).
    Removing stm32f10x_tim.o(i.TIM_GetCapture2), (6 bytes).
    Removing stm32f10x_tim.o(i.TIM_GetCapture3), (6 bytes).
    Removing stm32f10x_tim.o(i.TIM_GetCapture4), (8 bytes).
    Removing stm32f10x_tim.o(i.TIM_GetFlagStatus), (18 bytes).
    Removing stm32f10x_tim.o(i.TIM_GetPrescaler), (6 bytes).
    Removing stm32f10x_tim.o(i.TIM_ITRxExternalClockConfig), (24 bytes).
    Removing stm32f10x_tim.o(i.TIM_InternalClockConfig), (12 bytes).
    Removing stm32f10x_tim.o(i.TIM_OC1FastConfig), (18 bytes).
    Removing stm32f10x_tim.o(i.TIM_OC1NPolarityConfig), (18 bytes).
    Removing stm32f10x_tim.o(i.TIM_OC1PolarityConfig), (18 bytes).
    Removing stm32f10x_tim.o(i.TIM_OC2FastConfig), (26 bytes).
    Removing stm32f10x_tim.o(i.TIM_OC2Init), (164 bytes).
    Removing stm32f10x_tim.o(i.TIM_OC2NPolarityConfig), (26 bytes).
    Removing stm32f10x_tim.o(i.TIM_OC2PolarityConfig), (26 bytes).
    Removing stm32f10x_tim.o(i.TIM_OC2PreloadConfig), (26 bytes).
    Removing stm32f10x_tim.o(i.TIM_OC3FastConfig), (18 bytes).
    Removing stm32f10x_tim.o(i.TIM_OC3NPolarityConfig), (26 bytes).
    Removing stm32f10x_tim.o(i.TIM_OC3PolarityConfig), (26 bytes).
    Removing stm32f10x_tim.o(i.TIM_OC4FastConfig), (26 bytes).
    Removing stm32f10x_tim.o(i.TIM_OC4Init), (124 bytes).
    Removing stm32f10x_tim.o(i.TIM_OC4PolarityConfig), (26 bytes).
    Removing stm32f10x_tim.o(i.TIM_OC4PreloadConfig), (26 bytes).
    Removing stm32f10x_tim.o(i.TIM_OCStructInit), (20 bytes).
    Removing stm32f10x_tim.o(i.TIM_PWMIConfig), (124 bytes).
    Removing stm32f10x_tim.o(i.TIM_PrescalerConfig), (6 bytes).
    Removing stm32f10x_tim.o(i.TIM_SelectCCDMA), (24 bytes).
    Removing stm32f10x_tim.o(i.TIM_SelectCOM), (24 bytes).
    Removing stm32f10x_tim.o(i.TIM_SelectHallSensor), (24 bytes).
    Removing stm32f10x_tim.o(i.TIM_SelectInputTrigger), (18 bytes).
    Removing stm32f10x_tim.o(i.TIM_SelectMasterSlaveMode), (18 bytes).
    Removing stm32f10x_tim.o(i.TIM_SelectOCxM), (82 bytes).
    Removing stm32f10x_tim.o(i.TIM_SelectOnePulseMode), (18 bytes).
    Removing stm32f10x_tim.o(i.TIM_SelectOutputTrigger), (18 bytes).
    Removing stm32f10x_tim.o(i.TIM_SelectSlaveMode), (18 bytes).
    Removing stm32f10x_tim.o(i.TIM_SetAutoreload), (4 bytes).
    Removing stm32f10x_tim.o(i.TIM_SetClockDivision), (18 bytes).
    Removing stm32f10x_tim.o(i.TIM_SetCompare2), (4 bytes).
    Removing stm32f10x_tim.o(i.TIM_SetCompare4), (6 bytes).
    Removing stm32f10x_tim.o(i.TIM_TIxExternalClockConfig), (62 bytes).
    Removing stm32f10x_tim.o(i.TIM_UpdateDisableConfig), (24 bytes).
    Removing stm32f10x_tim.o(i.TIM_UpdateRequestConfig), (24 bytes).
    Removing stm32f10x_usart.o(i.USART_ClearFlag), (18 bytes).
    Removing stm32f10x_usart.o(i.USART_ClockInit), (34 bytes).
    Removing stm32f10x_usart.o(i.USART_ClockStructInit), (12 bytes).
    Removing stm32f10x_usart.o(i.USART_DeInit), (156 bytes).
    Removing stm32f10x_usart.o(i.USART_HalfDuplexCmd), (24 bytes).
    Removing stm32f10x_usart.o(i.USART_ITConfig), (74 bytes).
    Removing stm32f10x_usart.o(i.USART_IrDACmd), (24 bytes).
    Removing stm32f10x_usart.o(i.USART_IrDAConfig), (18 bytes).
    Removing stm32f10x_usart.o(i.USART_LINBreakDetectLengthConfig), (18 bytes).
    Removing stm32f10x_usart.o(i.USART_LINCmd), (24 bytes).
    Removing stm32f10x_usart.o(i.USART_OneBitMethodCmd), (24 bytes).
    Removing stm32f10x_usart.o(i.USART_OverSampling8Cmd), (22 bytes).
    Removing stm32f10x_usart.o(i.USART_ReceiverWakeUpCmd), (24 bytes).
    Removing stm32f10x_usart.o(i.USART_SendBreak), (10 bytes).
    Removing stm32f10x_usart.o(i.USART_SetAddress), (18 bytes).
    Removing stm32f10x_usart.o(i.USART_SetGuardTime), (16 bytes).
    Removing stm32f10x_usart.o(i.USART_SetPrescaler), (16 bytes).
    Removing stm32f10x_usart.o(i.USART_SmartCardCmd), (24 bytes).
    Removing stm32f10x_usart.o(i.USART_SmartCardNACKCmd), (24 bytes).
    Removing stm32f10x_usart.o(i.USART_StructInit), (24 bytes).
    Removing stm32f10x_usart.o(i.USART_WakeUpConfig), (18 bytes).
    Removing stm32f10x_wwdg.o(i.WWDG_ClearFlag), (12 bytes).
    Removing stm32f10x_wwdg.o(i.WWDG_DeInit), (22 bytes).
    Removing stm32f10x_wwdg.o(i.WWDG_Enable), (16 bytes).
    Removing stm32f10x_wwdg.o(i.WWDG_EnableIT), (12 bytes).
    Removing stm32f10x_wwdg.o(i.WWDG_GetFlagStatus), (12 bytes).
    Removing stm32f10x_wwdg.o(i.WWDG_SetCounter), (16 bytes).
    Removing stm32f10x_wwdg.o(i.WWDG_SetPrescaler), (24 bytes).
    Removing stm32f10x_wwdg.o(i.WWDG_SetWindowValue), (40 bytes).
    Removing stm32f10x_flash.o(i.FLASH_ClearFlag), (12 bytes).
    Removing stm32f10x_flash.o(i.FLASH_EnableWriteProtection), (196 bytes).
    Removing stm32f10x_flash.o(i.FLASH_EraseAllBank1Pages), (72 bytes).
    Removing stm32f10x_flash.o(i.FLASH_EraseAllPages), (72 bytes).
    Removing stm32f10x_flash.o(i.FLASH_EraseOptionBytes), (168 bytes).
    Removing stm32f10x_flash.o(i.FLASH_ErasePage), (76 bytes).
    Removing stm32f10x_flash.o(i.FLASH_GetBank1Status), (52 bytes).
    Removing stm32f10x_flash.o(i.FLASH_GetFlagStatus), (48 bytes).
    Removing stm32f10x_flash.o(i.FLASH_GetPrefetchBufferStatus), (24 bytes).
    Removing stm32f10x_flash.o(i.FLASH_GetReadOutProtectionStatus), (24 bytes).
    Removing stm32f10x_flash.o(i.FLASH_GetStatus), (52 bytes).
    Removing stm32f10x_flash.o(i.FLASH_GetUserOptionByte), (12 bytes).
    Removing stm32f10x_flash.o(i.FLASH_GetWriteProtectionOptionByte), (12 bytes).
    Removing stm32f10x_flash.o(i.FLASH_HalfCycleAccessCmd), (28 bytes).
    Removing stm32f10x_flash.o(i.FLASH_ITConfig), (32 bytes).
    Removing stm32f10x_flash.o(i.FLASH_Lock), (20 bytes).
    Removing stm32f10x_flash.o(i.FLASH_LockBank1), (20 bytes).
    Removing stm32f10x_flash.o(i.FLASH_PrefetchBufferCmd), (28 bytes).
    Removing stm32f10x_flash.o(i.FLASH_ProgramHalfWord), (64 bytes).
    Removing stm32f10x_flash.o(i.FLASH_ProgramOptionByteData), (84 bytes).
    Removing stm32f10x_flash.o(i.FLASH_ProgramWord), (108 bytes).
    Removing stm32f10x_flash.o(i.FLASH_ReadOutProtection), (172 bytes).
    Removing stm32f10x_flash.o(i.FLASH_SetLatency), (24 bytes).
    Removing stm32f10x_flash.o(i.FLASH_Unlock), (24 bytes).
    Removing stm32f10x_flash.o(i.FLASH_UnlockBank1), (24 bytes).
    Removing stm32f10x_flash.o(i.FLASH_UserOptionByteConfig), (104 bytes).
    Removing stm32f10x_flash.o(i.FLASH_WaitForLastBank1Operation), (38 bytes).
    Removing stm32f10x_flash.o(i.FLASH_WaitForLastOperation), (38 bytes).
    Removing datatrans.o(i.DT_Analysis), (96 bytes).
    Removing datatrans.o(i.DT_SetMagData), (92 bytes).
    Removing datatrans.o(i.DT_U4_Send), (80 bytes).
    Removing datatrans.o(i.uart4_receiveProcess), (332 bytes).
    Removing datatrans.o(.bss), (128 bytes).
    Removing datatrans.o(.data), (12 bytes).
    Removing schedule.o(i.Duty_Loop), (128 bytes).
    Removing schedule.o(i.duty_10ms), (164 bytes).
    Removing schedule.o(i.duty_1ms), (40 bytes).
    Removing schedule.o(i.duty_20ms), (2 bytes).
    Removing schedule.o(i.duty_2ms), (2 bytes).
    Removing schedule.o(i.duty_50ms), (2 bytes).
    Removing schedule.o(i.duty_5ms), (8 bytes).
    Removing schedule.o(i.schedule_check), (88 bytes).
    Removing schedule.o(i.schedule_init), (44 bytes).
    Removing schedule.o(i.system_init), (2 bytes).
    Removing schedule.o(.bss), (32 bytes).
    Removing schedule.o(.data), (4 bytes).
    Removing systick.o(i.GetSysTime_us), (60 bytes).
    Removing systick.o(i.delay_ms), (26 bytes).
    Removing systick.o(i.delay_us), (32 bytes).
    Removing systick.o(i.getCycleTime), (120 bytes).
    Removing systick.o(i.sys_time), (56 bytes).
    Removing systick.o(.bss), (60 bytes).
    Removing systick.o(.data), (24 bytes).
    Removing fdiv.o(.text), (124 bytes).
    Removing ffltul.o(.text), (28 bytes).

366 unused section(s) (total 19711 bytes) removed from the image.

==============================================================================

Image Symbol Table

    Local Symbols

    Symbol Name                              Value     Ov Type        Size  Object(Section)

    ../clib/microlib/errno.c                 0x00000000   Number         0  errno.o ABSOLUTE
    ../clib/microlib/init/entry.s            0x00000000   Number         0  entry7b.o ABSOLUTE
    ../clib/microlib/init/entry.s            0x00000000   Number         0  entry8a.o ABSOLUTE
    ../clib/microlib/init/entry.s            0x00000000   Number         0  entry8b.o ABSOLUTE
    ../clib/microlib/init/entry.s            0x00000000   Number         0  entry9b.o ABSOLUTE
    ../clib/microlib/init/entry.s            0x00000000   Number         0  entry9a.o ABSOLUTE
    ../clib/microlib/init/entry.s            0x00000000   Number         0  entry10a.o ABSOLUTE
    ../clib/microlib/init/entry.s            0x00000000   Number         0  entry10b.o ABSOLUTE
    ../clib/microlib/init/entry.s            0x00000000   Number         0  entry11a.o ABSOLUTE
    ../clib/microlib/init/entry.s            0x00000000   Number         0  entry.o ABSOLUTE
    ../clib/microlib/init/entry.s            0x00000000   Number         0  entry2.o ABSOLUTE
    ../clib/microlib/init/entry.s            0x00000000   Number         0  entry11b.o ABSOLUTE
    ../clib/microlib/init/entry.s            0x00000000   Number         0  entry5.o ABSOLUTE
    ../clib/microlib/init/entry.s            0x00000000   Number         0  entry7a.o ABSOLUTE
    ../clib/microlib/longlong.c              0x00000000   Number         0  llushr.o ABSOLUTE
    ../clib/microlib/longlong.c              0x00000000   Number         0  llshl.o ABSOLUTE
    ../clib/microlib/longlong.c              0x00000000   Number         0  llsshr.o ABSOLUTE
    ../clib/microlib/stubs.s                 0x00000000   Number         0  iusefp.o ABSOLUTE
    ../fplib/microlib/d2f.c                  0x00000000   Number         0  d2f.o ABSOLUTE
    ../fplib/microlib/f2d.c                  0x00000000   Number         0  f2d.o ABSOLUTE
    ../fplib/microlib/fpadd.c                0x00000000   Number         0  dadd.o ABSOLUTE
    ../fplib/microlib/fpadd.c                0x00000000   Number         0  fadd.o ABSOLUTE
    ../fplib/microlib/fpdiv.c                0x00000000   Number         0  ddiv.o ABSOLUTE
    ../fplib/microlib/fpdiv.c                0x00000000   Number         0  fdiv.o ABSOLUTE
    ../fplib/microlib/fpepilogue.c           0x00000000   Number         0  depilogue.o ABSOLUTE
    ../fplib/microlib/fpepilogue.c           0x00000000   Number         0  fepilogue.o ABSOLUTE
    ../fplib/microlib/fpfix.c                0x00000000   Number         0  ffixi.o ABSOLUTE
    ../fplib/microlib/fpfix.c                0x00000000   Number         0  dfixi.o ABSOLUTE
    ../fplib/microlib/fpflt.c                0x00000000   Number         0  ffltul.o ABSOLUTE
    ../fplib/microlib/fpflt.c                0x00000000   Number         0  dflti.o ABSOLUTE
    ../fplib/microlib/fpflt.c                0x00000000   Number         0  dfltui.o ABSOLUTE
    ../fplib/microlib/fpflt.c                0x00000000   Number         0  fflti.o ABSOLUTE
    ../fplib/microlib/fpmul.c                0x00000000   Number         0  dmul.o ABSOLUTE
    ../fplib/microlib/fpmul.c                0x00000000   Number         0  fmul.o ABSOLUTE
    ../fplib/microlib/fpscalb.c              0x00000000   Number         0  dscalb.o ABSOLUTE
    ../mathlib/cos.c                         0x00000000   Number         0  cos.o ABSOLUTE
    ../mathlib/cos.c                         0x00000000   Number         0  cos_x.o ABSOLUTE
    ../mathlib/cos_i.c                       0x00000000   Number         0  cos_i.o ABSOLUTE
    ../mathlib/dunder.c                      0x00000000   Number         0  dunder.o ABSOLUTE
    ../mathlib/fpclassify.c                  0x00000000   Number         0  fpclassify.o ABSOLUTE
    ../mathlib/poly.c                        0x00000000   Number         0  poly.o ABSOLUTE
    ../mathlib/rred.c                        0x00000000   Number         0  rred.o ABSOLUTE
    ../mathlib/sin.c                         0x00000000   Number         0  sin.o ABSOLUTE
    ../mathlib/sin.c                         0x00000000   Number         0  sin_x.o ABSOLUTE
    ../mathlib/sin_i.c                       0x00000000   Number         0  sin_i_x.o ABSOLUTE
    ../mathlib/sin_i.c                       0x00000000   Number         0  sin_i.o ABSOLUTE
    ..\CMSIS\core_cm3.c                      0x00000000   Number         0  core_cm3.o ABSOLUTE
    ..\CMSIS\startup_stm32f10x_md.s          0x00000000   Number         0  startup_stm32f10x_md.o ABSOLUTE
    ..\CMSIS\system_stm32f10x.c              0x00000000   Number         0  system_stm32f10x.o ABSOLUTE
    ..\Drivers\Bsp.c                         0x00000000   Number         0  bsp.o ABSOLUTE
    ..\Drivers\Delay.c                       0x00000000   Number         0  delay.o ABSOLUTE
    ..\Drivers\Encoder.c                     0x00000000   Number         0  encoder.o ABSOLUTE
    ..\Drivers\IOinput.c                     0x00000000   Number         0  ioinput.o ABSOLUTE
    ..\Drivers\IOoutput.c                    0x00000000   Number         0  iooutput.o ABSOLUTE
    ..\Drivers\Motor.c                       0x00000000   Number         0  motor.o ABSOLUTE
    ..\Drivers\Pid.c                         0x00000000   Number         0  pid.o ABSOLUTE
    ..\Drivers\Sensor.c                      0x00000000   Number         0  sensor.o ABSOLUTE
    ..\Drivers\Servo.c                       0x00000000   Number         0  servo.o ABSOLUTE
    ..\Drivers\Tim.c                         0x00000000   Number         0  tim.o ABSOLUTE
    ..\Drivers\Usart.c                       0x00000000   Number         0  usart.o ABSOLUTE
    ..\Drivers\dataflash.c                   0x00000000   Number         0  dataflash.o ABSOLUTE
    ..\Drivers\function.c                    0x00000000   Number         0  function.o ABSOLUTE
    ..\Drivers\mpu9250.c                     0x00000000   Number         0  mpu9250.o ABSOLUTE
    ..\Drivers\stm32f10x_it.c                0x00000000   Number         0  stm32f10x_it.o ABSOLUTE
    ..\Libraries\src\misc.c                  0x00000000   Number         0  misc.o ABSOLUTE
    ..\Libraries\src\stm32f10x_adc.c         0x00000000   Number         0  stm32f10x_adc.o ABSOLUTE
    ..\Libraries\src\stm32f10x_can.c         0x00000000   Number         0  stm32f10x_can.o ABSOLUTE
    ..\Libraries\src\stm32f10x_dma.c         0x00000000   Number         0  stm32f10x_dma.o ABSOLUTE
    ..\Libraries\src\stm32f10x_exti.c        0x00000000   Number         0  stm32f10x_exti.o ABSOLUTE
    ..\Libraries\src\stm32f10x_flash.c       0x00000000   Number         0  stm32f10x_flash.o ABSOLUTE
    ..\Libraries\src\stm32f10x_gpio.c        0x00000000   Number         0  stm32f10x_gpio.o ABSOLUTE
    ..\Libraries\src\stm32f10x_iwdg.c        0x00000000   Number         0  stm32f10x_iwdg.o ABSOLUTE
    ..\Libraries\src\stm32f10x_rcc.c         0x00000000   Number         0  stm32f10x_rcc.o ABSOLUTE
    ..\Libraries\src\stm32f10x_spi.c         0x00000000   Number         0  stm32f10x_spi.o ABSOLUTE
    ..\Libraries\src\stm32f10x_tim.c         0x00000000   Number         0  stm32f10x_tim.o ABSOLUTE
    ..\Libraries\src\stm32f10x_usart.c       0x00000000   Number         0  stm32f10x_usart.o ABSOLUTE
    ..\Libraries\src\stm32f10x_wwdg.c        0x00000000   Number         0  stm32f10x_wwdg.o ABSOLUTE
    ..\User\datatrans.c                      0x00000000   Number         0  datatrans.o ABSOLUTE
    ..\User\main.c                           0x00000000   Number         0  main.o ABSOLUTE
    ..\User\schedule.c                       0x00000000   Number         0  schedule.o ABSOLUTE
    ..\User\systick.c                        0x00000000   Number         0  systick.o ABSOLUTE
    ..\\CMSIS\\core_cm3.c                    0x00000000   Number         0  core_cm3.o ABSOLUTE
    cfcmple.s                                0x00000000   Number         0  cfcmple.o ABSOLUTE
    cfrcmple.s                               0x00000000   Number         0  cfrcmple.o ABSOLUTE
    dc.s                                     0x00000000   Number         0  dc.o ABSOLUTE
    handlers.s                               0x00000000   Number         0  handlers.o ABSOLUTE
    init.s                                   0x00000000   Number         0  init.o ABSOLUTE
    RESET                                    0x08000000   Section      236  startup_stm32f10x_md.o(RESET)
    .ARM.Collect$$$$00000000                 0x080000ec   Section        0  entry.o(.ARM.Collect$$$$00000000)
    .ARM.Collect$$$$00000001                 0x080000ec   Section        4  entry2.o(.ARM.Collect$$$$00000001)
    .ARM.Collect$$$$00000004                 0x080000f0   Section        4  entry5.o(.ARM.Collect$$$$00000004)
    .ARM.Collect$$$$00000008                 0x080000f4   Section        0  entry7b.o(.ARM.Collect$$$$00000008)
    .ARM.Collect$$$$0000000A                 0x080000f4   Section        0  entry8b.o(.ARM.Collect$$$$0000000A)
    .ARM.Collect$$$$0000000B                 0x080000f4   Section        8  entry9a.o(.ARM.Collect$$$$0000000B)
    .ARM.Collect$$$$0000000D                 0x080000fc   Section        0  entry10a.o(.ARM.Collect$$$$0000000D)
    .ARM.Collect$$$$0000000F                 0x080000fc   Section        0  entry11a.o(.ARM.Collect$$$$0000000F)
    .ARM.Collect$$$$00002712                 0x080000fc   Section        4  entry2.o(.ARM.Collect$$$$00002712)
    __lit__00000000                          0x080000fc   Data           4  entry2.o(.ARM.Collect$$$$00002712)
    .text                                    0x08000100   Section       36  startup_stm32f10x_md.o(.text)
    .text                                    0x08000124   Section        0  fadd.o(.text)
    .text                                    0x080001d4   Section        0  fmul.o(.text)
    .text                                    0x08000238   Section        0  dadd.o(.text)
    .text                                    0x08000386   Section        0  dmul.o(.text)
    .text                                    0x0800046a   Section        0  ddiv.o(.text)
    .text                                    0x08000548   Section        0  fflti.o(.text)
    .text                                    0x0800055a   Section        0  dflti.o(.text)
    .text                                    0x0800057c   Section        0  ffixi.o(.text)
    .text                                    0x080005ae   Section        0  f2d.o(.text)
    .text                                    0x080005d4   Section        0  d2f.o(.text)
    .text                                    0x0800060c   Section       20  cfcmple.o(.text)
    .text                                    0x08000620   Section       20  cfrcmple.o(.text)
    .text                                    0x08000634   Section        0  llshl.o(.text)
    .text                                    0x08000652   Section        0  llsshr.o(.text)
    .text                                    0x08000676   Section        0  fepilogue.o(.text)
    .text                                    0x08000676   Section        0  iusefp.o(.text)
    .text                                    0x080006e4   Section        0  depilogue.o(.text)
    .text                                    0x080007a0   Section       36  init.o(.text)
    .text                                    0x080007c4   Section        0  llushr.o(.text)
    .text                                    0x080007e4   Section        0  dscalb.o(.text)
    .text                                    0x08000812   Section        0  dfltui.o(.text)
    .text                                    0x0800082c   Section        0  dfixi.o(.text)
    i.BSP_dmaInit                            0x0800086c   Section        0  usart.o(i.BSP_dmaInit)
    BSP_dmaInit                              0x0800086d   Thumb Code    88  usart.o(i.BSP_dmaInit)
    i.BusFault_Handler                       0x080008d4   Section        0  stm32f10x_it.o(i.BusFault_Handler)
    i.Code_receive_speed                     0x080008d8   Section        0  usart.o(i.Code_receive_speed)
    i.DMA_ClearFlag                          0x0800092c   Section        0  stm32f10x_dma.o(i.DMA_ClearFlag)
    i.DMA_Cmd                                0x08000948   Section        0  stm32f10x_dma.o(i.DMA_Cmd)
    i.DMA_DeInit                             0x08000960   Section        0  stm32f10x_dma.o(i.DMA_DeInit)
    i.DMA_Init                               0x08000aac   Section        0  stm32f10x_dma.o(i.DMA_Init)
    i.DebugMon_Handler                       0x08000ae8   Section        0  stm32f10x_it.o(i.DebugMon_Handler)
    i.Delay_ms                               0x08000aec   Section        0  bsp.o(i.Delay_ms)
    i.EncoderIOInit                          0x08000b0c   Section        0  encoder.o(i.EncoderIOInit)
    i.EncoderInit                            0x08000b60   Section        0  encoder.o(i.EncoderInit)
    i.EncoderTIMInit                         0x08000b6c   Section        0  encoder.o(i.EncoderTIMInit)
    i.GPIO_Init                              0x08000c44   Section        0  stm32f10x_gpio.o(i.GPIO_Init)
    i.GPIO_ResetBits                         0x08000d5a   Section        0  stm32f10x_gpio.o(i.GPIO_ResetBits)
    i.GPIO_SetBits                           0x08000d5e   Section        0  stm32f10x_gpio.o(i.GPIO_SetBits)
    i.GetEncoder1_Pulse                      0x08000d64   Section        0  encoder.o(i.GetEncoder1_Pulse)
    i.GetEncoder2_Pulse                      0x08000da0   Section        0  encoder.o(i.GetEncoder2_Pulse)
    i.HardFault_Handler                      0x08000ddc   Section        0  stm32f10x_it.o(i.HardFault_Handler)
    i.MemManage_Handler                      0x08000de0   Section        0  stm32f10x_it.o(i.MemManage_Handler)
    i.MotorIOInit                            0x08000de4   Section        0  motor.o(i.MotorIOInit)
    i.MotorInit                              0x08000e30   Section        0  motor.o(i.MotorInit)
    i.MotorTIMInit                           0x08000e48   Section        0  motor.o(i.MotorTIMInit)
    i.Motor_CtrlLR                           0x08000ed0   Section        0  main.o(i.Motor_CtrlLR)
    i.Motor_CtrlLR2                          0x08000f1c   Section        0  main.o(i.Motor_CtrlLR2)
    i.NMI_Handler                            0x08000f58   Section        0  stm32f10x_it.o(i.NMI_Handler)
    i.NVIC_Init                              0x08000f5c   Section        0  misc.o(i.NVIC_Init)
    i.NVIC_PriorityGroupConfig               0x08000fcc   Section        0  misc.o(i.NVIC_PriorityGroupConfig)
    i.PendSV_Handler                         0x08000fe0   Section        0  stm32f10x_it.o(i.PendSV_Handler)
    i.RCC_AHBPeriphClockCmd                  0x08000fe4   Section        0  stm32f10x_rcc.o(i.RCC_AHBPeriphClockCmd)
    i.RCC_APB1PeriphClockCmd                 0x08001004   Section        0  stm32f10x_rcc.o(i.RCC_APB1PeriphClockCmd)
    i.RCC_APB1PeriphResetCmd                 0x08001024   Section        0  stm32f10x_rcc.o(i.RCC_APB1PeriphResetCmd)
    i.RCC_APB2PeriphClockCmd                 0x08001044   Section        0  stm32f10x_rcc.o(i.RCC_APB2PeriphClockCmd)
    i.RCC_APB2PeriphResetCmd                 0x08001064   Section        0  stm32f10x_rcc.o(i.RCC_APB2PeriphResetCmd)
    i.RCC_GetClocksFreq                      0x08001084   Section        0  stm32f10x_rcc.o(i.RCC_GetClocksFreq)
    i.Robot_Loaction                         0x08001158   Section        0  encoder.o(i.Robot_Loaction)
    i.SVC_Handler                            0x080012c4   Section        0  stm32f10x_it.o(i.SVC_Handler)
    i.SetMotor1PWM                           0x080012c8   Section        0  motor.o(i.SetMotor1PWM)
    i.SetMotor2PWM                           0x08001304   Section        0  motor.o(i.SetMotor2PWM)
    i.SetSysClock                            0x08001344   Section        0  system_stm32f10x.o(i.SetSysClock)
    SetSysClock                              0x08001345   Thumb Code     8  system_stm32f10x.o(i.SetSysClock)
    i.SetSysClockTo72                        0x0800134c   Section        0  system_stm32f10x.o(i.SetSysClockTo72)
    SetSysClockTo72                          0x0800134d   Thumb Code   214  system_stm32f10x.o(i.SetSysClockTo72)
    i.SpeedSeed                              0x0800142c   Section        0  main.o(i.SpeedSeed)
    i.SysTick_Handler                        0x08001498   Section        0  stm32f10x_it.o(i.SysTick_Handler)
    i.SystemInit                             0x080014a8   Section        0  system_stm32f10x.o(i.SystemInit)
    i.Systick_Init                           0x08001508   Section        0  systick.o(i.Systick_Init)
    i.TI1_Config                             0x08001574   Section        0  stm32f10x_tim.o(i.TI1_Config)
    TI1_Config                               0x08001575   Thumb Code   108  stm32f10x_tim.o(i.TI1_Config)
    i.TI2_Config                             0x080015f4   Section        0  stm32f10x_tim.o(i.TI2_Config)
    TI2_Config                               0x080015f5   Thumb Code   130  stm32f10x_tim.o(i.TI2_Config)
    i.TI3_Config                             0x0800168c   Section        0  stm32f10x_tim.o(i.TI3_Config)
    TI3_Config                               0x0800168d   Thumb Code   122  stm32f10x_tim.o(i.TI3_Config)
    i.TI4_Config                             0x0800171c   Section        0  stm32f10x_tim.o(i.TI4_Config)
    TI4_Config                               0x0800171d   Thumb Code   130  stm32f10x_tim.o(i.TI4_Config)
    i.TIM2_IRQHandler                        0x080017b4   Section        0  stm32f10x_it.o(i.TIM2_IRQHandler)
    i.TIM3_IRQHandler                        0x080017cc   Section        0  tim.o(i.TIM3_IRQHandler)
    i.TIM4_IRQHandler                        0x08001904   Section        0  stm32f10x_it.o(i.TIM4_IRQHandler)
    i.TIM_ARRPreloadConfig                   0x08001920   Section        0  stm32f10x_tim.o(i.TIM_ARRPreloadConfig)
    i.TIM_ClearITPendingBit                  0x08001938   Section        0  stm32f10x_tim.o(i.TIM_ClearITPendingBit)
    i.TIM_Cmd                                0x0800193e   Section        0  stm32f10x_tim.o(i.TIM_Cmd)
    i.TIM_DeInit                             0x08001958   Section        0  stm32f10x_tim.o(i.TIM_DeInit)
    i.TIM_EncoderInterfaceConfig             0x08001b40   Section        0  stm32f10x_tim.o(i.TIM_EncoderInterfaceConfig)
    i.TIM_GetCounter                         0x08001b82   Section        0  stm32f10x_tim.o(i.TIM_GetCounter)
    i.TIM_GetITStatus                        0x08001b88   Section        0  stm32f10x_tim.o(i.TIM_GetITStatus)
    i.TIM_ICInit                             0x08001bac   Section        0  stm32f10x_tim.o(i.TIM_ICInit)
    i.TIM_ICStructInit                       0x08001c58   Section        0  stm32f10x_tim.o(i.TIM_ICStructInit)
    i.TIM_ITConfig                           0x08001c6a   Section        0  stm32f10x_tim.o(i.TIM_ITConfig)
    i.TIM_OC1Init                            0x08001c7c   Section        0  stm32f10x_tim.o(i.TIM_OC1Init)
    i.TIM_OC1PreloadConfig                   0x08001d14   Section        0  stm32f10x_tim.o(i.TIM_OC1PreloadConfig)
    i.TIM_OC3Init                            0x08001d28   Section        0  stm32f10x_tim.o(i.TIM_OC3Init)
    i.TIM_OC3PreloadConfig                   0x08001dc8   Section        0  stm32f10x_tim.o(i.TIM_OC3PreloadConfig)
    i.TIM_SetCompare1                        0x08001dda   Section        0  stm32f10x_tim.o(i.TIM_SetCompare1)
    i.TIM_SetCompare3                        0x08001dde   Section        0  stm32f10x_tim.o(i.TIM_SetCompare3)
    i.TIM_SetCounter                         0x08001de2   Section        0  stm32f10x_tim.o(i.TIM_SetCounter)
    i.TIM_SetIC1Prescaler                    0x08001de6   Section        0  stm32f10x_tim.o(i.TIM_SetIC1Prescaler)
    i.TIM_SetIC2Prescaler                    0x08001df8   Section        0  stm32f10x_tim.o(i.TIM_SetIC2Prescaler)
    i.TIM_SetIC3Prescaler                    0x08001e12   Section        0  stm32f10x_tim.o(i.TIM_SetIC3Prescaler)
    i.TIM_SetIC4Prescaler                    0x08001e24   Section        0  stm32f10x_tim.o(i.TIM_SetIC4Prescaler)
    i.TIM_TimeBaseInit                       0x08001e40   Section        0  stm32f10x_tim.o(i.TIM_TimeBaseInit)
    i.TIM_TimeBaseStructInit                 0x08001ee4   Section        0  stm32f10x_tim.o(i.TIM_TimeBaseStructInit)
    i.TimerInit                              0x08001ef8   Section        0  tim.o(i.TimerInit)
    i.USART1_IRQHandler                      0x08001f58   Section        0  usart.o(i.USART1_IRQHandler)
    i.USART_ClearITPendingBit                0x08001f90   Section        0  stm32f10x_usart.o(i.USART_ClearITPendingBit)
    i.USART_Cmd                              0x08001fae   Section        0  stm32f10x_usart.o(i.USART_Cmd)
    i.USART_DMACmd                           0x08001fc6   Section        0  stm32f10x_usart.o(i.USART_DMACmd)
    i.USART_GetFlagStatus                    0x08001fd8   Section        0  stm32f10x_usart.o(i.USART_GetFlagStatus)
    i.USART_GetITStatus                      0x08001ff2   Section        0  stm32f10x_usart.o(i.USART_GetITStatus)
    i.USART_Init                             0x08002048   Section        0  stm32f10x_usart.o(i.USART_Init)
    i.USART_ReceiveData                      0x08002120   Section        0  stm32f10x_usart.o(i.USART_ReceiveData)
    i.USART_SendData                         0x0800212a   Section        0  stm32f10x_usart.o(i.USART_SendData)
    i.UsageFault_Handler                     0x08002132   Section        0  stm32f10x_it.o(i.UsageFault_Handler)
    i.UsartConfig                            0x08002138   Section        0  usart.o(i.UsartConfig)
    i.UsartIOInit                            0x080021a8   Section        0  usart.o(i.UsartIOInit)
    i.UsartInit                              0x080021ec   Section        0  usart.o(i.UsartInit)
    i.V_PIDCalc                              0x080021fc   Section        0  pid.o(i.V_PIDCalc)
    i.V_PIDreset                             0x08002294   Section        0  pid.o(i.V_PIDreset)
    i.__ARM_fpclassify                       0x080022a6   Section        0  fpclassify.o(i.__ARM_fpclassify)
    i.__ieee754_rem_pio2                     0x080022d0   Section        0  rred.o(i.__ieee754_rem_pio2)
    i.__kernel_cos                           0x08002658   Section        0  cos_i.o(i.__kernel_cos)
    i.__kernel_poly                          0x08002754   Section        0  poly.o(i.__kernel_poly)
    i.__kernel_sin                           0x08002800   Section        0  sin_i.o(i.__kernel_sin)
    i.__mathlib_dbl_infnan                   0x080028ec   Section        0  dunder.o(i.__mathlib_dbl_infnan)
    i.__mathlib_dbl_invalid                  0x080028f2   Section        0  dunder.o(i.__mathlib_dbl_invalid)
    i.__mathlib_dbl_underflow                0x08002900   Section        0  dunder.o(i.__mathlib_dbl_underflow)
    i.__scatterload_copy                     0x08002910   Section       14  handlers.o(i.__scatterload_copy)
    i.__scatterload_null                     0x0800291e   Section        2  handlers.o(i.__scatterload_null)
    i.__scatterload_zeroinit                 0x08002920   Section       14  handlers.o(i.__scatterload_zeroinit)
    i.__set_errno                            0x08002930   Section        0  errno.o(i.__set_errno)
    i.cos                                    0x0800293c   Section        0  cos.o(i.cos)
    i.final_PIDInit                          0x080029d8   Section        0  pid.o(i.final_PIDInit)
    i.fun_usartSend                          0x08002a10   Section        0  function.o(i.fun_usartSend)
    i.main                                   0x08002a30   Section        0  main.o(i.main)
    i.sin                                    0x08002b38   Section        0  sin.o(i.sin)
    .constdata                               0x08002bd8   Section       48  cos_i.o(.constdata)
    C                                        0x08002bd8   Data          48  cos_i.o(.constdata)
    .constdata                               0x08002c08   Section      200  rred.o(.constdata)
    pio2s                                    0x08002c08   Data          48  rred.o(.constdata)
    twooverpi                                0x08002c38   Data         152  rred.o(.constdata)
    .constdata                               0x08002cd0   Section       40  sin_i.o(.constdata)
    S                                        0x08002cd0   Data          40  sin_i.o(.constdata)
    .data                                    0x20000000   Section       20  system_stm32f10x.o(.data)
    .data                                    0x20000018   Section       76  encoder.o(.data)
    PrePulse                                 0x20000054   Data           4  encoder.o(.data)
    PrePulse                                 0x20000058   Data           4  encoder.o(.data)
    PrePulse                                 0x2000005c   Data           4  encoder.o(.data)
    PrePulse                                 0x20000060   Data           4  encoder.o(.data)
    .data                                    0x20000064   Section       28  pid.o(.data)
    .data                                    0x20000080   Section       12  tim.o(.data)
    .data                                    0x2000008c   Section        1  usart.o(.data)
    .data                                    0x20000090   Section        4  bsp.o(.data)
    .data                                    0x20000094   Section       20  stm32f10x_rcc.o(.data)
    APBAHBPrescTable                         0x20000094   Data          16  stm32f10x_rcc.o(.data)
    ADCPrescTable                            0x200000a4   Data           4  stm32f10x_rcc.o(.data)
    .data                                    0x200000a8   Section       23  main.o(.data)
    .data                                    0x200000c0   Section        4  errno.o(.data)
    _errno                                   0x200000c0   Data           4  errno.o(.data)
    .bss                                     0x200000c4   Section       12  encoder.o(.bss)
    .bss                                     0x200000d0   Section      240  pid.o(.bss)
    .bss                                     0x200001c0   Section       18  main.o(.bss)
    STACK                                    0x200001d8   Section     1024  startup_stm32f10x_md.o(STACK)

    Global Symbols

    Symbol Name                              Value     Ov Type        Size  Object(Section)

    BuildAttributes$$THM_ISAv4$P$D$K$B$S$PE$A:L22UL41UL21$X:L11$S22US41US21$IEEE1$IW$USESV6$~STKCKD$USESV7$~SHL$OTIME$ROPI$IEEEX$EBA8$MICROLIB$REQ8$PRES8$EABIv2 0x00000000   Number         0  anon$$obj.o ABSOLUTE
    __ARM_use_no_argv                        0x00000000   Number         0  main.o ABSOLUTE
    __cpp_initialize__aeabi_                  - Undefined Weak Reference
    __cxa_finalize                            - Undefined Weak Reference
    __decompress                              - Undefined Weak Reference
    _clock_init                               - Undefined Weak Reference
    _microlib_exit                            - Undefined Weak Reference
    __Vectors_Size                           0x000000ec   Number         0  startup_stm32f10x_md.o ABSOLUTE
    __Vectors                                0x08000000   Data           4  startup_stm32f10x_md.o(RESET)
    __Vectors_End                            0x080000ec   Data           0  startup_stm32f10x_md.o(RESET)
    __main                                   0x080000ed   Thumb Code     0  entry.o(.ARM.Collect$$$$00000000)
    _main_stk                                0x080000ed   Thumb Code     0  entry2.o(.ARM.Collect$$$$00000001)
    _main_scatterload                        0x080000f1   Thumb Code     0  entry5.o(.ARM.Collect$$$$00000004)
    __main_after_scatterload                 0x080000f5   Thumb Code     0  entry5.o(.ARM.Collect$$$$00000004)
    _main_clock                              0x080000f5   Thumb Code     0  entry7b.o(.ARM.Collect$$$$00000008)
    _main_cpp_init                           0x080000f5   Thumb Code     0  entry8b.o(.ARM.Collect$$$$0000000A)
    _main_init                               0x080000f5   Thumb Code     0  entry9a.o(.ARM.Collect$$$$0000000B)
    __rt_final_cpp                           0x080000fd   Thumb Code     0  entry10a.o(.ARM.Collect$$$$0000000D)
    __rt_final_exit                          0x080000fd   Thumb Code     0  entry11a.o(.ARM.Collect$$$$0000000F)
    Reset_Handler                            0x08000101   Thumb Code     8  startup_stm32f10x_md.o(.text)
    ADC1_2_IRQHandler                        0x0800011b   Thumb Code     0  startup_stm32f10x_md.o(.text)
    CAN1_RX1_IRQHandler                      0x0800011b   Thumb Code     0  startup_stm32f10x_md.o(.text)
    CAN1_SCE_IRQHandler                      0x0800011b   Thumb Code     0  startup_stm32f10x_md.o(.text)
    DMA1_Channel1_IRQHandler                 0x0800011b   Thumb Code     0  startup_stm32f10x_md.o(.text)
    DMA1_Channel2_IRQHandler                 0x0800011b   Thumb Code     0  startup_stm32f10x_md.o(.text)
    DMA1_Channel3_IRQHandler                 0x0800011b   Thumb Code     0  startup_stm32f10x_md.o(.text)
    DMA1_Channel4_IRQHandler                 0x0800011b   Thumb Code     0  startup_stm32f10x_md.o(.text)
    DMA1_Channel5_IRQHandler                 0x0800011b   Thumb Code     0  startup_stm32f10x_md.o(.text)
    DMA1_Channel6_IRQHandler                 0x0800011b   Thumb Code     0  startup_stm32f10x_md.o(.text)
    DMA1_Channel7_IRQHandler                 0x0800011b   Thumb Code     0  startup_stm32f10x_md.o(.text)
    EXTI0_IRQHandler                         0x0800011b   Thumb Code     0  startup_stm32f10x_md.o(.text)
    EXTI15_10_IRQHandler                     0x0800011b   Thumb Code     0  startup_stm32f10x_md.o(.text)
    EXTI1_IRQHandler                         0x0800011b   Thumb Code     0  startup_stm32f10x_md.o(.text)
    EXTI2_IRQHandler                         0x0800011b   Thumb Code     0  startup_stm32f10x_md.o(.text)
    EXTI3_IRQHandler                         0x0800011b   Thumb Code     0  startup_stm32f10x_md.o(.text)
    EXTI4_IRQHandler                         0x0800011b   Thumb Code     0  startup_stm32f10x_md.o(.text)
    EXTI9_5_IRQHandler                       0x0800011b   Thumb Code     0  startup_stm32f10x_md.o(.text)
    FLASH_IRQHandler                         0x0800011b   Thumb Code     0  startup_stm32f10x_md.o(.text)
    I2C1_ER_IRQHandler                       0x0800011b   Thumb Code     0  startup_stm32f10x_md.o(.text)
    I2C1_EV_IRQHandler                       0x0800011b   Thumb Code     0  startup_stm32f10x_md.o(.text)
    I2C2_ER_IRQHandler                       0x0800011b   Thumb Code     0  startup_stm32f10x_md.o(.text)
    I2C2_EV_IRQHandler                       0x0800011b   Thumb Code     0  startup_stm32f10x_md.o(.text)
    PVD_IRQHandler                           0x0800011b   Thumb Code     0  startup_stm32f10x_md.o(.text)
    RCC_IRQHandler                           0x0800011b   Thumb Code     0  startup_stm32f10x_md.o(.text)
    RTCAlarm_IRQHandler                      0x0800011b   Thumb Code     0  startup_stm32f10x_md.o(.text)
    RTC_IRQHandler                           0x0800011b   Thumb Code     0  startup_stm32f10x_md.o(.text)
    SPI1_IRQHandler                          0x0800011b   Thumb Code     0  startup_stm32f10x_md.o(.text)
    SPI2_IRQHandler                          0x0800011b   Thumb Code     0  startup_stm32f10x_md.o(.text)
    TAMPER_IRQHandler                        0x0800011b   Thumb Code     0  startup_stm32f10x_md.o(.text)
    TIM1_BRK_IRQHandler                      0x0800011b   Thumb Code     0  startup_stm32f10x_md.o(.text)
    TIM1_CC_IRQHandler                       0x0800011b   Thumb Code     0  startup_stm32f10x_md.o(.text)
    TIM1_TRG_COM_IRQHandler                  0x0800011b   Thumb Code     0  startup_stm32f10x_md.o(.text)
    TIM1_UP_IRQHandler                       0x0800011b   Thumb Code     0  startup_stm32f10x_md.o(.text)
    USART2_IRQHandler                        0x0800011b   Thumb Code     0  startup_stm32f10x_md.o(.text)
    USART3_IRQHandler                        0x0800011b   Thumb Code     0  startup_stm32f10x_md.o(.text)
    USBWakeUp_IRQHandler                     0x0800011b   Thumb Code     0  startup_stm32f10x_md.o(.text)
    USB_HP_CAN1_TX_IRQHandler                0x0800011b   Thumb Code     0  startup_stm32f10x_md.o(.text)
    USB_LP_CAN1_RX0_IRQHandler               0x0800011b   Thumb Code     0  startup_stm32f10x_md.o(.text)
    WWDG_IRQHandler                          0x0800011b   Thumb Code     0  startup_stm32f10x_md.o(.text)
    __aeabi_fadd                             0x08000125   Thumb Code   164  fadd.o(.text)
    __aeabi_fsub                             0x080001c9   Thumb Code     6  fadd.o(.text)
    __aeabi_frsub                            0x080001cf   Thumb Code     6  fadd.o(.text)
    __aeabi_fmul                             0x080001d5   Thumb Code   100  fmul.o(.text)
    __aeabi_dadd                             0x08000239   Thumb Code   322  dadd.o(.text)
    __aeabi_dsub                             0x0800037b   Thumb Code     6  dadd.o(.text)
    __aeabi_drsub                            0x08000381   Thumb Code     6  dadd.o(.text)
    __aeabi_dmul                             0x08000387   Thumb Code   228  dmul.o(.text)
    __aeabi_ddiv                             0x0800046b   Thumb Code   222  ddiv.o(.text)
    __aeabi_i2f                              0x08000549   Thumb Code    18  fflti.o(.text)
    __aeabi_i2d                              0x0800055b   Thumb Code    34  dflti.o(.text)
    __aeabi_f2iz                             0x0800057d   Thumb Code    50  ffixi.o(.text)
    __aeabi_f2d                              0x080005af   Thumb Code    38  f2d.o(.text)
    __aeabi_d2f                              0x080005d5   Thumb Code    56  d2f.o(.text)
    __aeabi_cfcmpeq                          0x0800060d   Thumb Code     0  cfcmple.o(.text)
    __aeabi_cfcmple                          0x0800060d   Thumb Code    20  cfcmple.o(.text)
    __aeabi_cfrcmple                         0x08000621   Thumb Code    20  cfrcmple.o(.text)
    __aeabi_llsl                             0x08000635   Thumb Code    30  llshl.o(.text)
    _ll_shift_l                              0x08000635   Thumb Code     0  llshl.o(.text)
    __aeabi_lasr                             0x08000653   Thumb Code    36  llsshr.o(.text)
    _ll_sshift_r                             0x08000653   Thumb Code     0  llsshr.o(.text)
    __I$use$fp                               0x08000677   Thumb Code     0  iusefp.o(.text)
    _float_round                             0x08000677   Thumb Code    18  fepilogue.o(.text)
    _float_epilogue                          0x08000689   Thumb Code    92  fepilogue.o(.text)
    _double_round                            0x080006e5   Thumb Code    30  depilogue.o(.text)
    _double_epilogue                         0x08000703   Thumb Code   156  depilogue.o(.text)
    __scatterload                            0x080007a1   Thumb Code    28  init.o(.text)
    __scatterload_rt2                        0x080007a1   Thumb Code     0  init.o(.text)
    __aeabi_llsr                             0x080007c5   Thumb Code    32  llushr.o(.text)
    _ll_ushift_r                             0x080007c5   Thumb Code     0  llushr.o(.text)
    __ARM_scalbn                             0x080007e5   Thumb Code    46  dscalb.o(.text)
    scalbn                                   0x080007e5   Thumb Code     0  dscalb.o(.text)
    __aeabi_ui2d                             0x08000813   Thumb Code    26  dfltui.o(.text)
    __aeabi_d2iz                             0x0800082d   Thumb Code    62  dfixi.o(.text)
    BusFault_Handler                         0x080008d5   Thumb Code     4  stm32f10x_it.o(i.BusFault_Handler)
    Code_receive_speed                       0x080008d9   Thumb Code    74  usart.o(i.Code_receive_speed)
    DMA_ClearFlag                            0x0800092d   Thumb Code    18  stm32f10x_dma.o(i.DMA_ClearFlag)
    DMA_Cmd                                  0x08000949   Thumb Code    24  stm32f10x_dma.o(i.DMA_Cmd)
    DMA_DeInit                               0x08000961   Thumb Code   324  stm32f10x_dma.o(i.DMA_DeInit)
    DMA_Init                                 0x08000aad   Thumb Code    60  stm32f10x_dma.o(i.DMA_Init)
    DebugMon_Handler                         0x08000ae9   Thumb Code     2  stm32f10x_it.o(i.DebugMon_Handler)
    Delay_ms                                 0x08000aed   Thumb Code    28  bsp.o(i.Delay_ms)
    EncoderIOInit                            0x08000b0d   Thumb Code    74  encoder.o(i.EncoderIOInit)
    EncoderInit                              0x08000b61   Thumb Code    12  encoder.o(i.EncoderInit)
    EncoderTIMInit                           0x08000b6d   Thumb Code   208  encoder.o(i.EncoderTIMInit)
    GPIO_Init                                0x08000c45   Thumb Code   278  stm32f10x_gpio.o(i.GPIO_Init)
    GPIO_ResetBits                           0x08000d5b   Thumb Code     4  stm32f10x_gpio.o(i.GPIO_ResetBits)
    GPIO_SetBits                             0x08000d5f   Thumb Code     4  stm32f10x_gpio.o(i.GPIO_SetBits)
    GetEncoder1_Pulse                        0x08000d65   Thumb Code    56  encoder.o(i.GetEncoder1_Pulse)
    GetEncoder2_Pulse                        0x08000da1   Thumb Code    56  encoder.o(i.GetEncoder2_Pulse)
    HardFault_Handler                        0x08000ddd   Thumb Code     4  stm32f10x_it.o(i.HardFault_Handler)
    MemManage_Handler                        0x08000de1   Thumb Code     4  stm32f10x_it.o(i.MemManage_Handler)
    MotorIOInit                              0x08000de5   Thumb Code    72  motor.o(i.MotorIOInit)
    MotorInit                                0x08000e31   Thumb Code    24  motor.o(i.MotorInit)
    MotorTIMInit                             0x08000e49   Thumb Code   136  motor.o(i.MotorTIMInit)
    Motor_CtrlLR                             0x08000ed1   Thumb Code    60  main.o(i.Motor_CtrlLR)
    Motor_CtrlLR2                            0x08000f1d   Thumb Code    56  main.o(i.Motor_CtrlLR2)
    NMI_Handler                              0x08000f59   Thumb Code     2  stm32f10x_it.o(i.NMI_Handler)
    NVIC_Init                                0x08000f5d   Thumb Code   100  misc.o(i.NVIC_Init)
    NVIC_PriorityGroupConfig                 0x08000fcd   Thumb Code    10  misc.o(i.NVIC_PriorityGroupConfig)
    PendSV_Handler                           0x08000fe1   Thumb Code     2  stm32f10x_it.o(i.PendSV_Handler)
    RCC_AHBPeriphClockCmd                    0x08000fe5   Thumb Code    26  stm32f10x_rcc.o(i.RCC_AHBPeriphClockCmd)
    RCC_APB1PeriphClockCmd                   0x08001005   Thumb Code    26  stm32f10x_rcc.o(i.RCC_APB1PeriphClockCmd)
    RCC_APB1PeriphResetCmd                   0x08001025   Thumb Code    26  stm32f10x_rcc.o(i.RCC_APB1PeriphResetCmd)
    RCC_APB2PeriphClockCmd                   0x08001045   Thumb Code    26  stm32f10x_rcc.o(i.RCC_APB2PeriphClockCmd)
    RCC_APB2PeriphResetCmd                   0x08001065   Thumb Code    26  stm32f10x_rcc.o(i.RCC_APB2PeriphResetCmd)
    RCC_GetClocksFreq                        0x08001085   Thumb Code   192  stm32f10x_rcc.o(i.RCC_GetClocksFreq)
    Robot_Loaction                           0x08001159   Thumb Code   326  encoder.o(i.Robot_Loaction)
    SVC_Handler                              0x080012c5   Thumb Code     2  stm32f10x_it.o(i.SVC_Handler)
    SetMotor1PWM                             0x080012c9   Thumb Code    54  motor.o(i.SetMotor1PWM)
    SetMotor2PWM                             0x08001305   Thumb Code    58  motor.o(i.SetMotor2PWM)
    SpeedSeed                                0x0800142d   Thumb Code    96  main.o(i.SpeedSeed)
    SysTick_Handler                          0x08001499   Thumb Code    12  stm32f10x_it.o(i.SysTick_Handler)
    SystemInit                               0x080014a9   Thumb Code    78  system_stm32f10x.o(i.SystemInit)
    Systick_Init                             0x08001509   Thumb Code    90  systick.o(i.Systick_Init)
    TIM2_IRQHandler                          0x080017b5   Thumb Code    22  stm32f10x_it.o(i.TIM2_IRQHandler)
    TIM3_IRQHandler                          0x080017cd   Thumb Code   268  tim.o(i.TIM3_IRQHandler)
    TIM4_IRQHandler                          0x08001905   Thumb Code    22  stm32f10x_it.o(i.TIM4_IRQHandler)
    TIM_ARRPreloadConfig                     0x08001921   Thumb Code    24  stm32f10x_tim.o(i.TIM_ARRPreloadConfig)
    TIM_ClearITPendingBit                    0x08001939   Thumb Code     6  stm32f10x_tim.o(i.TIM_ClearITPendingBit)
    TIM_Cmd                                  0x0800193f   Thumb Code    24  stm32f10x_tim.o(i.TIM_Cmd)
    TIM_DeInit                               0x08001959   Thumb Code   424  stm32f10x_tim.o(i.TIM_DeInit)
    TIM_EncoderInterfaceConfig               0x08001b41   Thumb Code    66  stm32f10x_tim.o(i.TIM_EncoderInterfaceConfig)
    TIM_GetCounter                           0x08001b83   Thumb Code     6  stm32f10x_tim.o(i.TIM_GetCounter)
    TIM_GetITStatus                          0x08001b89   Thumb Code    34  stm32f10x_tim.o(i.TIM_GetITStatus)
    TIM_ICInit                               0x08001bad   Thumb Code   150  stm32f10x_tim.o(i.TIM_ICInit)
    TIM_ICStructInit                         0x08001c59   Thumb Code    18  stm32f10x_tim.o(i.TIM_ICStructInit)
    TIM_ITConfig                             0x08001c6b   Thumb Code    18  stm32f10x_tim.o(i.TIM_ITConfig)
    TIM_OC1Init                              0x08001c7d   Thumb Code   132  stm32f10x_tim.o(i.TIM_OC1Init)
    TIM_OC1PreloadConfig                     0x08001d15   Thumb Code    18  stm32f10x_tim.o(i.TIM_OC1PreloadConfig)
    TIM_OC3Init                              0x08001d29   Thumb Code   150  stm32f10x_tim.o(i.TIM_OC3Init)
    TIM_OC3PreloadConfig                     0x08001dc9   Thumb Code    18  stm32f10x_tim.o(i.TIM_OC3PreloadConfig)
    TIM_SetCompare1                          0x08001ddb   Thumb Code     4  stm32f10x_tim.o(i.TIM_SetCompare1)
    TIM_SetCompare3                          0x08001ddf   Thumb Code     4  stm32f10x_tim.o(i.TIM_SetCompare3)
    TIM_SetCounter                           0x08001de3   Thumb Code     4  stm32f10x_tim.o(i.TIM_SetCounter)
    TIM_SetIC1Prescaler                      0x08001de7   Thumb Code    18  stm32f10x_tim.o(i.TIM_SetIC1Prescaler)
    TIM_SetIC2Prescaler                      0x08001df9   Thumb Code    26  stm32f10x_tim.o(i.TIM_SetIC2Prescaler)
    TIM_SetIC3Prescaler                      0x08001e13   Thumb Code    18  stm32f10x_tim.o(i.TIM_SetIC3Prescaler)
    TIM_SetIC4Prescaler                      0x08001e25   Thumb Code    26  stm32f10x_tim.o(i.TIM_SetIC4Prescaler)
    TIM_TimeBaseInit                         0x08001e41   Thumb Code   122  stm32f10x_tim.o(i.TIM_TimeBaseInit)
    TIM_TimeBaseStructInit                   0x08001ee5   Thumb Code    18  stm32f10x_tim.o(i.TIM_TimeBaseStructInit)
    TimerInit                                0x08001ef9   Thumb Code    92  tim.o(i.TimerInit)
    USART1_IRQHandler                        0x08001f59   Thumb Code    46  usart.o(i.USART1_IRQHandler)
    USART_ClearITPendingBit                  0x08001f91   Thumb Code    30  stm32f10x_usart.o(i.USART_ClearITPendingBit)
    USART_Cmd                                0x08001faf   Thumb Code    24  stm32f10x_usart.o(i.USART_Cmd)
    USART_DMACmd                             0x08001fc7   Thumb Code    18  stm32f10x_usart.o(i.USART_DMACmd)
    USART_GetFlagStatus                      0x08001fd9   Thumb Code    26  stm32f10x_usart.o(i.USART_GetFlagStatus)
    USART_GetITStatus                        0x08001ff3   Thumb Code    84  stm32f10x_usart.o(i.USART_GetITStatus)
    USART_Init                               0x08002049   Thumb Code   210  stm32f10x_usart.o(i.USART_Init)
    USART_ReceiveData                        0x08002121   Thumb Code    10  stm32f10x_usart.o(i.USART_ReceiveData)
    USART_SendData                           0x0800212b   Thumb Code     8  stm32f10x_usart.o(i.USART_SendData)
    UsageFault_Handler                       0x08002133   Thumb Code     4  stm32f10x_it.o(i.UsageFault_Handler)
    UsartConfig                              0x08002139   Thumb Code   106  usart.o(i.UsartConfig)
    UsartIOInit                              0x080021a9   Thumb Code    62  usart.o(i.UsartIOInit)
    UsartInit                                0x080021ed   Thumb Code    16  usart.o(i.UsartInit)
    V_PIDCalc                                0x080021fd   Thumb Code   138  pid.o(i.V_PIDCalc)
    V_PIDreset                               0x08002295   Thumb Code    18  pid.o(i.V_PIDreset)
    __ARM_fpclassify                         0x080022a7   Thumb Code    40  fpclassify.o(i.__ARM_fpclassify)
    __ieee754_rem_pio2                       0x080022d1   Thumb Code   828  rred.o(i.__ieee754_rem_pio2)
    __kernel_cos                             0x08002659   Thumb Code   230  cos_i.o(i.__kernel_cos)
    __kernel_poly                            0x08002755   Thumb Code   170  poly.o(i.__kernel_poly)
    __kernel_sin                             0x08002801   Thumb Code   224  sin_i.o(i.__kernel_sin)
    __mathlib_dbl_infnan                     0x080028ed   Thumb Code     6  dunder.o(i.__mathlib_dbl_infnan)
    __mathlib_dbl_invalid                    0x080028f3   Thumb Code    12  dunder.o(i.__mathlib_dbl_invalid)
    __mathlib_dbl_underflow                  0x08002901   Thumb Code    10  dunder.o(i.__mathlib_dbl_underflow)
    __scatterload_copy                       0x08002911   Thumb Code    14  handlers.o(i.__scatterload_copy)
    __scatterload_null                       0x0800291f   Thumb Code     2  handlers.o(i.__scatterload_null)
    __scatterload_zeroinit                   0x08002921   Thumb Code    14  handlers.o(i.__scatterload_zeroinit)
    __set_errno                              0x08002931   Thumb Code     6  errno.o(i.__set_errno)
    cos                                      0x0800293d   Thumb Code   148  cos.o(i.cos)
    final_PIDInit                            0x080029d9   Thumb Code    48  pid.o(i.final_PIDInit)
    fun_usartSend                            0x08002a11   Thumb Code    30  function.o(i.fun_usartSend)
    main                                     0x08002a31   Thumb Code   222  main.o(i.main)
    sin                                      0x08002b39   Thumb Code   150  sin.o(i.sin)
    Region$$Table$$Base                      0x08002cf8   Number         0  anon$$obj.o(Region$$Table)
    Region$$Table$$Limit                     0x08002d18   Number         0  anon$$obj.o(Region$$Table)
    SystemCoreClock                          0x20000000   Data           4  system_stm32f10x.o(.data)
    AHBPrescTable                            0x20000004   Data          16  system_stm32f10x.o(.data)
    Speed_L_Get                              0x20000018   Data           4  encoder.o(.data)
    Speed_R_Get                              0x2000001c   Data           4  encoder.o(.data)
    Speed_L_Get_NEW                          0x20000020   Data           4  encoder.o(.data)
    Speed_R_Get_NEW                          0x20000024   Data           4  encoder.o(.data)
    Last_Speed_L_Get                         0x20000028   Data           4  encoder.o(.data)
    Last_Speed_R_Get                         0x2000002c   Data           4  encoder.o(.data)
    R_Sum_Step                               0x20000030   Data           8  encoder.o(.data)
    L_Sum_Step                               0x20000038   Data           8  encoder.o(.data)
    Sum_Step                                 0x20000040   Data           8  encoder.o(.data)
    motorflag                                0x20000048   Data           4  encoder.o(.data)
    SpeedL                                   0x2000004c   Data           4  encoder.o(.data)
    SpeedR                                   0x20000050   Data           4  encoder.o(.data)
    VV_MAX                                   0x20000064   Data           4  pid.o(.data)
    VV_MIN                                   0x20000068   Data           4  pid.o(.data)
    TV_ADD_MAX                               0x2000006c   Data           2  pid.o(.data)
    TV_ADD_MIN                               0x2000006e   Data           2  pid.o(.data)
    PV_ADD_MAX                               0x20000070   Data           2  pid.o(.data)
    PV_ADD_MIN                               0x20000072   Data           2  pid.o(.data)
    POSE_DEADLINE                            0x20000074   Data           4  pid.o(.data)
    VV_DEADLINE                              0x20000078   Data           4  pid.o(.data)
    TT_DEADLINE                              0x2000007c   Data           4  pid.o(.data)
    num                                      0x20000080   Data           4  tim.o(.data)
    flag                                     0x20000084   Data           4  tim.o(.data)
    l                                        0x20000088   Data           4  tim.o(.data)
    rece                                     0x2000008c   Data           1  usart.o(.data)
    bspData                                  0x20000090   Data           4  bsp.o(.data)
    recvSpeed                                0x200000a8   Data           2  main.o(.data)
    recvAngle                                0x200000aa   Data           2  main.o(.data)
    deltaSpeed                               0x200000ac   Data           4  main.o(.data)
    UART4_RecvFin                            0x200000b0   Data           4  main.o(.data)
    speedLeftGet                             0x200000b4   Data           4  main.o(.data)
    speedRightGet                            0x200000b8   Data           4  main.o(.data)
    speedLsend                               0x200000bc   Data           1  main.o(.data)
    speedRsend                               0x200000bd   Data           1  main.o(.data)
    rrr                                      0x200000be   Data           1  main.o(.data)
    rl                                       0x200000c4   Data          12  encoder.o(.bss)
    L_PID                                    0x200000d0   Data          40  pid.o(.bss)
    R_PID                                    0x200000f8   Data          40  pid.o(.bss)
    TURN_PID                                 0x20000120   Data          40  pid.o(.bss)
    POSE_PID                                 0x20000148   Data          40  pid.o(.bss)
    left                                     0x20000170   Data          40  pid.o(.bss)
    right                                    0x20000198   Data          40  pid.o(.bss)
    UART4rec                                 0x200001c0   Data           9  main.o(.bss)
    UART4recdma                              0x200001c9   Data           9  main.o(.bss)
    __initial_sp                             0x200005d8   Data           0  startup_stm32f10x_md.o(STACK)



==============================================================================

Memory Map of the image

  Image Entry point : 0x080000ed

  Load Region LR_IROM1 (Base: 0x08000000, Size: 0x00002ddc, Max: 0x00080000, ABSOLUTE)

    Execution Region ER_IROM1 (Base: 0x08000000, Size: 0x00002d18, Max: 0x00080000, ABSOLUTE)

    Base Addr    Size         Type   Attr      Idx    E Section Name        Object

    0x08000000   0x000000ec   Data   RO           19    RESET               startup_stm32f10x_md.o
    0x080000ec   0x00000000   Code   RO         3100  * .ARM.Collect$$$$00000000  mc_w.l(entry.o)
    0x080000ec   0x00000004   Code   RO         3159    .ARM.Collect$$$$00000001  mc_w.l(entry2.o)
    0x080000f0   0x00000004   Code   RO         3162    .ARM.Collect$$$$00000004  mc_w.l(entry5.o)
    0x080000f4   0x00000000   Code   RO         3164    .ARM.Collect$$$$00000008  mc_w.l(entry7b.o)
    0x080000f4   0x00000000   Code   RO         3166    .ARM.Collect$$$$0000000A  mc_w.l(entry8b.o)
    0x080000f4   0x00000008   Code   RO         3167    .ARM.Collect$$$$0000000B  mc_w.l(entry9a.o)
    0x080000fc   0x00000000   Code   RO         3169    .ARM.Collect$$$$0000000D  mc_w.l(entry10a.o)
    0x080000fc   0x00000000   Code   RO         3171    .ARM.Collect$$$$0000000F  mc_w.l(entry11a.o)
    0x080000fc   0x00000004   Code   RO         3160    .ARM.Collect$$$$00002712  mc_w.l(entry2.o)
    0x08000100   0x00000024   Code   RO           20    .text               startup_stm32f10x_md.o
    0x08000124   0x000000b0   Code   RO         3103    .text               mf_w.l(fadd.o)
    0x080001d4   0x00000064   Code   RO         3105    .text               mf_w.l(fmul.o)
    0x08000238   0x0000014e   Code   RO         3109    .text               mf_w.l(dadd.o)
    0x08000386   0x000000e4   Code   RO         3111    .text               mf_w.l(dmul.o)
    0x0800046a   0x000000de   Code   RO         3113    .text               mf_w.l(ddiv.o)
    0x08000548   0x00000012   Code   RO         3115    .text               mf_w.l(fflti.o)
    0x0800055a   0x00000022   Code   RO         3119    .text               mf_w.l(dflti.o)
    0x0800057c   0x00000032   Code   RO         3121    .text               mf_w.l(ffixi.o)
    0x080005ae   0x00000026   Code   RO         3123    .text               mf_w.l(f2d.o)
    0x080005d4   0x00000038   Code   RO         3125    .text               mf_w.l(d2f.o)
    0x0800060c   0x00000014   Code   RO         3127    .text               mf_w.l(cfcmple.o)
    0x08000620   0x00000014   Code   RO         3129    .text               mf_w.l(cfrcmple.o)
    0x08000634   0x0000001e   Code   RO         3173    .text               mc_w.l(llshl.o)
    0x08000652   0x00000024   Code   RO         3175    .text               mc_w.l(llsshr.o)
    0x08000676   0x00000000   Code   RO         3184    .text               mc_w.l(iusefp.o)
    0x08000676   0x0000006e   Code   RO         3185    .text               mf_w.l(fepilogue.o)
    0x080006e4   0x000000ba   Code   RO         3187    .text               mf_w.l(depilogue.o)
    0x0800079e   0x00000002   PAD
    0x080007a0   0x00000024   Code   RO         3193    .text               mc_w.l(init.o)
    0x080007c4   0x00000020   Code   RO         3195    .text               mc_w.l(llushr.o)
    0x080007e4   0x0000002e   Code   RO         3197    .text               mf_w.l(dscalb.o)
    0x08000812   0x0000001a   Code   RO         3199    .text               mf_w.l(dfltui.o)
    0x0800082c   0x0000003e   Code   RO         3201    .text               mf_w.l(dfixi.o)
    0x0800086a   0x00000002   PAD
    0x0800086c   0x00000068   Code   RO          726    i.BSP_dmaInit       usart.o
    0x080008d4   0x00000004   Code   RO          633    i.BusFault_Handler  stm32f10x_it.o
    0x080008d8   0x00000054   Code   RO          727    i.Code_receive_speed  usart.o
    0x0800092c   0x0000001c   Code   RO         1297    i.DMA_ClearFlag     stm32f10x_dma.o
    0x08000948   0x00000018   Code   RO         1299    i.DMA_Cmd           stm32f10x_dma.o
    0x08000960   0x0000014c   Code   RO         1300    i.DMA_DeInit        stm32f10x_dma.o
    0x08000aac   0x0000003c   Code   RO         1305    i.DMA_Init          stm32f10x_dma.o
    0x08000ae8   0x00000002   Code   RO          634    i.DebugMon_Handler  stm32f10x_it.o
    0x08000aea   0x00000002   PAD
    0x08000aec   0x00000020   Code   RO          786    i.Delay_ms          bsp.o
    0x08000b0c   0x00000054   Code   RO          225    i.EncoderIOInit     encoder.o
    0x08000b60   0x0000000c   Code   RO          226    i.EncoderInit       encoder.o
    0x08000b6c   0x000000d8   Code   RO          227    i.EncoderTIMInit    encoder.o
    0x08000c44   0x00000116   Code   RO         1432    i.GPIO_Init         stm32f10x_gpio.o
    0x08000d5a   0x00000004   Code   RO         1439    i.GPIO_ResetBits    stm32f10x_gpio.o
    0x08000d5e   0x00000004   Code   RO         1440    i.GPIO_SetBits      stm32f10x_gpio.o
    0x08000d62   0x00000002   PAD
    0x08000d64   0x0000003c   Code   RO          228    i.GetEncoder1_Pulse  encoder.o
    0x08000da0   0x0000003c   Code   RO          229    i.GetEncoder2_Pulse  encoder.o
    0x08000ddc   0x00000004   Code   RO          635    i.HardFault_Handler  stm32f10x_it.o
    0x08000de0   0x00000004   Code   RO          636    i.MemManage_Handler  stm32f10x_it.o
    0x08000de4   0x0000004c   Code   RO          340    i.MotorIOInit       motor.o
    0x08000e30   0x00000018   Code   RO          341    i.MotorInit         motor.o
    0x08000e48   0x00000088   Code   RO          342    i.MotorTIMInit      motor.o
    0x08000ed0   0x0000004c   Code   RO         2925    i.Motor_CtrlLR      main.o
    0x08000f1c   0x0000003c   Code   RO         2926    i.Motor_CtrlLR2     main.o
    0x08000f58   0x00000002   Code   RO          637    i.NMI_Handler       stm32f10x_it.o
    0x08000f5a   0x00000002   PAD
    0x08000f5c   0x00000070   Code   RO          881    i.NVIC_Init         misc.o
    0x08000fcc   0x00000014   Code   RO          882    i.NVIC_PriorityGroupConfig  misc.o
    0x08000fe0   0x00000002   Code   RO          638    i.PendSV_Handler    stm32f10x_it.o
    0x08000fe2   0x00000002   PAD
    0x08000fe4   0x00000020   Code   RO         1586    i.RCC_AHBPeriphClockCmd  stm32f10x_rcc.o
    0x08001004   0x00000020   Code   RO         1587    i.RCC_APB1PeriphClockCmd  stm32f10x_rcc.o
    0x08001024   0x00000020   Code   RO         1588    i.RCC_APB1PeriphResetCmd  stm32f10x_rcc.o
    0x08001044   0x00000020   Code   RO         1589    i.RCC_APB2PeriphClockCmd  stm32f10x_rcc.o
    0x08001064   0x00000020   Code   RO         1590    i.RCC_APB2PeriphResetCmd  stm32f10x_rcc.o
    0x08001084   0x000000d4   Code   RO         1597    i.RCC_GetClocksFreq  stm32f10x_rcc.o
    0x08001158   0x0000016c   Code   RO          233    i.Robot_Loaction    encoder.o
    0x080012c4   0x00000002   Code   RO          639    i.SVC_Handler       stm32f10x_it.o
    0x080012c6   0x00000002   PAD
    0x080012c8   0x0000003c   Code   RO          343    i.SetMotor1PWM      motor.o
    0x08001304   0x00000040   Code   RO          344    i.SetMotor2PWM      motor.o
    0x08001344   0x00000008   Code   RO           24    i.SetSysClock       system_stm32f10x.o
    0x0800134c   0x000000e0   Code   RO           25    i.SetSysClockTo72   system_stm32f10x.o
    0x0800142c   0x0000006c   Code   RO         2927    i.SpeedSeed         main.o
    0x08001498   0x00000010   Code   RO          640    i.SysTick_Handler   stm32f10x_it.o
    0x080014a8   0x00000060   Code   RO           27    i.SystemInit        system_stm32f10x.o
    0x08001508   0x0000006c   Code   RO         3036    i.Systick_Init      systick.o
    0x08001574   0x00000080   Code   RO         1932    i.TI1_Config        stm32f10x_tim.o
    0x080015f4   0x00000098   Code   RO         1933    i.TI2_Config        stm32f10x_tim.o
    0x0800168c   0x00000090   Code   RO         1934    i.TI3_Config        stm32f10x_tim.o
    0x0800171c   0x00000098   Code   RO         1935    i.TI4_Config        stm32f10x_tim.o
    0x080017b4   0x00000016   Code   RO          641    i.TIM2_IRQHandler   stm32f10x_it.o
    0x080017ca   0x00000002   PAD
    0x080017cc   0x00000138   Code   RO          705    i.TIM3_IRQHandler   tim.o
    0x08001904   0x0000001c   Code   RO          642    i.TIM4_IRQHandler   stm32f10x_it.o
    0x08001920   0x00000018   Code   RO         1936    i.TIM_ARRPreloadConfig  stm32f10x_tim.o
    0x08001938   0x00000006   Code   RO         1943    i.TIM_ClearITPendingBit  stm32f10x_tim.o
    0x0800193e   0x00000018   Code   RO         1948    i.TIM_Cmd           stm32f10x_tim.o
    0x08001956   0x00000002   PAD
    0x08001958   0x000001e8   Code   RO         1953    i.TIM_DeInit        stm32f10x_tim.o
    0x08001b40   0x00000042   Code   RO         1957    i.TIM_EncoderInterfaceConfig  stm32f10x_tim.o
    0x08001b82   0x00000006   Code   RO         1967    i.TIM_GetCounter    stm32f10x_tim.o
    0x08001b88   0x00000022   Code   RO         1969    i.TIM_GetITStatus   stm32f10x_tim.o
    0x08001baa   0x00000002   PAD
    0x08001bac   0x000000ac   Code   RO         1971    i.TIM_ICInit        stm32f10x_tim.o
    0x08001c58   0x00000012   Code   RO         1972    i.TIM_ICStructInit  stm32f10x_tim.o
    0x08001c6a   0x00000012   Code   RO         1973    i.TIM_ITConfig      stm32f10x_tim.o
    0x08001c7c   0x00000098   Code   RO         1977    i.TIM_OC1Init       stm32f10x_tim.o
    0x08001d14   0x00000012   Code   RO         1980    i.TIM_OC1PreloadConfig  stm32f10x_tim.o
    0x08001d26   0x00000002   PAD
    0x08001d28   0x000000a0   Code   RO         1987    i.TIM_OC3Init       stm32f10x_tim.o
    0x08001dc8   0x00000012   Code   RO         1990    i.TIM_OC3PreloadConfig  stm32f10x_tim.o
    0x08001dda   0x00000004   Code   RO         2009    i.TIM_SetCompare1   stm32f10x_tim.o
    0x08001dde   0x00000004   Code   RO         2011    i.TIM_SetCompare3   stm32f10x_tim.o
    0x08001de2   0x00000004   Code   RO         2013    i.TIM_SetCounter    stm32f10x_tim.o
    0x08001de6   0x00000012   Code   RO         2014    i.TIM_SetIC1Prescaler  stm32f10x_tim.o
    0x08001df8   0x0000001a   Code   RO         2015    i.TIM_SetIC2Prescaler  stm32f10x_tim.o
    0x08001e12   0x00000012   Code   RO         2016    i.TIM_SetIC3Prescaler  stm32f10x_tim.o
    0x08001e24   0x0000001a   Code   RO         2017    i.TIM_SetIC4Prescaler  stm32f10x_tim.o
    0x08001e3e   0x00000002   PAD
    0x08001e40   0x000000a4   Code   RO         2019    i.TIM_TimeBaseInit  stm32f10x_tim.o
    0x08001ee4   0x00000012   Code   RO         2020    i.TIM_TimeBaseStructInit  stm32f10x_tim.o
    0x08001ef6   0x00000002   PAD
    0x08001ef8   0x00000060   Code   RO          706    i.TimerInit         tim.o
    0x08001f58   0x00000038   Code   RO          728    i.USART1_IRQHandler  usart.o
    0x08001f90   0x0000001e   Code   RO         2481    i.USART_ClearITPendingBit  stm32f10x_usart.o
    0x08001fae   0x00000018   Code   RO         2484    i.USART_Cmd         stm32f10x_usart.o
    0x08001fc6   0x00000012   Code   RO         2485    i.USART_DMACmd      stm32f10x_usart.o
    0x08001fd8   0x0000001a   Code   RO         2487    i.USART_GetFlagStatus  stm32f10x_usart.o
    0x08001ff2   0x00000054   Code   RO         2488    i.USART_GetITStatus  stm32f10x_usart.o
    0x08002046   0x00000002   PAD
    0x08002048   0x000000d8   Code   RO         2491    i.USART_Init        stm32f10x_usart.o
    0x08002120   0x0000000a   Code   RO         2498    i.USART_ReceiveData  stm32f10x_usart.o
    0x0800212a   0x00000008   Code   RO         2501    i.USART_SendData    stm32f10x_usart.o
    0x08002132   0x00000004   Code   RO          643    i.UsageFault_Handler  stm32f10x_it.o
    0x08002136   0x00000002   PAD
    0x08002138   0x00000070   Code   RO          729    i.UsartConfig       usart.o
    0x080021a8   0x00000044   Code   RO          730    i.UsartIOInit       usart.o
    0x080021ec   0x00000010   Code   RO          731    i.UsartInit         usart.o
    0x080021fc   0x00000098   Code   RO          517    i.V_PIDCalc         pid.o
    0x08002294   0x00000012   Code   RO          519    i.V_PIDreset        pid.o
    0x080022a6   0x00000028   Code   RO         3189    i.__ARM_fpclassify  m_ws.l(fpclassify.o)
    0x080022ce   0x00000002   PAD
    0x080022d0   0x00000388   Code   RO         3148    i.__ieee754_rem_pio2  m_ws.l(rred.o)
    0x08002658   0x000000fc   Code   RO         3131    i.__kernel_cos      m_ws.l(cos_i.o)
    0x08002754   0x000000aa   Code   RO         3191    i.__kernel_poly     m_ws.l(poly.o)
    0x080027fe   0x00000002   PAD
    0x08002800   0x000000ec   Code   RO         3153    i.__kernel_sin      m_ws.l(sin_i.o)
    0x080028ec   0x00000006   Code   RO         3135    i.__mathlib_dbl_infnan  m_ws.l(dunder.o)
    0x080028f2   0x0000000c   Code   RO         3137    i.__mathlib_dbl_invalid  m_ws.l(dunder.o)
    0x080028fe   0x00000002   PAD
    0x08002900   0x00000010   Code   RO         3140    i.__mathlib_dbl_underflow  m_ws.l(dunder.o)
    0x08002910   0x0000000e   Code   RO         3205    i.__scatterload_copy  mc_w.l(handlers.o)
    0x0800291e   0x00000002   Code   RO         3206    i.__scatterload_null  mc_w.l(handlers.o)
    0x08002920   0x0000000e   Code   RO         3207    i.__scatterload_zeroinit  mc_w.l(handlers.o)
    0x0800292e   0x00000002   PAD
    0x08002930   0x0000000c   Code   RO         3179    i.__set_errno       mc_w.l(errno.o)
    0x0800293c   0x0000009c   Code   RO         3085    i.cos               m_ws.l(cos.o)
    0x080029d8   0x00000038   Code   RO          520    i.final_PIDInit     pid.o
    0x08002a10   0x0000001e   Code   RO          859    i.fun_usartSend     function.o
    0x08002a2e   0x00000002   PAD
    0x08002a30   0x00000108   Code   RO         2928    i.main              main.o
    0x08002b38   0x000000a0   Code   RO         3093    i.sin               m_ws.l(sin.o)
    0x08002bd8   0x00000030   Data   RO         3132    .constdata          m_ws.l(cos_i.o)
    0x08002c08   0x000000c8   Data   RO         3150    .constdata          m_ws.l(rred.o)
    0x08002cd0   0x00000028   Data   RO         3154    .constdata          m_ws.l(sin_i.o)
    0x08002cf8   0x00000020   Data   RO         3203    Region$$Table       anon$$obj.o


    Execution Region RW_IRAM1 (Base: 0x20000000, Size: 0x000005d8, Max: 0x00010000, ABSOLUTE)

    Base Addr    Size         Type   Attr      Idx    E Section Name        Object

    0x20000000   0x00000014   Data   RW           28    .data               system_stm32f10x.o
    0x20000014   0x00000004   PAD
    0x20000018   0x0000004c   Data   RW          235    .data               encoder.o
    0x20000064   0x0000001c   Data   RW          522    .data               pid.o
    0x20000080   0x0000000c   Data   RW          707    .data               tim.o
    0x2000008c   0x00000001   Data   RW          732    .data               usart.o
    0x2000008d   0x00000003   PAD
    0x20000090   0x00000004   Data   RW          789    .data               bsp.o
    0x20000094   0x00000014   Data   RW         1617    .data               stm32f10x_rcc.o
    0x200000a8   0x00000017   Data   RW         2930    .data               main.o
    0x200000bf   0x00000001   PAD
    0x200000c0   0x00000004   Data   RW         3180    .data               mc_w.l(errno.o)
    0x200000c4   0x0000000c   Zero   RW          234    .bss                encoder.o
    0x200000d0   0x000000f0   Zero   RW          521    .bss                pid.o
    0x200001c0   0x00000012   Zero   RW         2929    .bss                main.o
    0x200001d2   0x00000006   PAD
    0x200001d8   0x00000400   Zero   RW           17    STACK               startup_stm32f10x_md.o


==============================================================================

Image component sizes


      Code (inc. data)   RO Data    RW Data    ZI Data      Debug   Object Name

        32          4          0          4          0      17612   bsp.o
         0          0          0          0          0       4524   core_cm3.o
         0          0          0          0          0       1072   dataflash.o
       796         64          0         76         12       5914   encoder.o
        30          0          0          0          0        780   function.o
       508         74          0         23         18       2903   main.o
       132         22          0          0          0       1399   misc.o
       360         16          0          0          0       2431   motor.o
       226         22          0         28        240       2432   pid.o
        36          8        236          0       1024        760   startup_stm32f10x_md.o
       444         18          0          0          0       3710   stm32f10x_dma.o
       286          0          0          0          0       2852   stm32f10x_gpio.o
        90         10          0          0          0       4534   stm32f10x_it.o
       372         50          0         20          0       5812   stm32f10x_rcc.o
      2062        244          0          0          0      16312   stm32f10x_tim.o
       416          6          0          0          0       6165   stm32f10x_usart.o
       328         28          0         20          0     259881   system_stm32f10x.o
       108         18          0          0          0        639   systick.o
       408         48          0         12          0       1223   tim.o
       440         48          0          1          0       3092   usart.o

    ----------------------------------------------------------------------
      7102        680        268        192       1300     344047   Object Totals
         0          0         32          0          0          0   (incl. Generated)
        28          0          0          8          6          0   (incl. Padding)

    ----------------------------------------------------------------------

      Code (inc. data)   RO Data    RW Data    ZI Data      Debug   Library Member Name

       156          8          0          0          0        104   cos.o
       252         22         48          0          0        124   cos_i.o
        34          6          0          0          0        204   dunder.o
        40          0          0          0          0         68   fpclassify.o
       170          0          0          0          0         96   poly.o
       904         76        200          0          0        140   rred.o
       160         10          0          0          0        108   sin.o
       236         12         40          0          0        128   sin_i.o
         0          0          0          0          0          0   entry.o
         0          0          0          0          0          0   entry10a.o
         0          0          0          0          0          0   entry11a.o
         8          4          0          0          0          0   entry2.o
         4          0          0          0          0          0   entry5.o
         0          0          0          0          0          0   entry7b.o
         0          0          0          0          0          0   entry8b.o
         8          4          0          0          0          0   entry9a.o
        12          6          0          4          0         68   errno.o
        30          0          0          0          0          0   handlers.o
        36          8          0          0          0         68   init.o
         0          0          0          0          0          0   iusefp.o
        30          0          0          0          0         68   llshl.o
        36          0          0          0          0         68   llsshr.o
        32          0          0          0          0         68   llushr.o
        20          0          0          0          0         68   cfcmple.o
        20          0          0          0          0         68   cfrcmple.o
        56          0          0          0          0         88   d2f.o
       334          0          0          0          0        148   dadd.o
       222          0          0          0          0        100   ddiv.o
       186          0          0          0          0        176   depilogue.o
        62          0          0          0          0         80   dfixi.o
        34          0          0          0          0         76   dflti.o
        26          0          0          0          0         76   dfltui.o
       228          0          0          0          0         96   dmul.o
        46          0          0          0          0         80   dscalb.o
        38          0          0          0          0         68   f2d.o
       176          0          0          0          0        140   fadd.o
       110          0          0          0          0        168   fepilogue.o
        50          0          0          0          0         68   ffixi.o
        18          0          0          0          0         68   fflti.o
       100          0          0          0          0         76   fmul.o

    ----------------------------------------------------------------------
      3886        156        288          4          0       2956   Library Totals
        12          0          0          0          0          0   (incl. Padding)

    ----------------------------------------------------------------------

      Code (inc. data)   RO Data    RW Data    ZI Data      Debug   Library Name

      1952        134        288          0          0        972   m_ws.l
       196         22          0          4          0        340   mc_w.l
      1726          0          0          0          0       1644   mf_w.l

    ----------------------------------------------------------------------
      3886        156        288          4          0       2956   Library Totals

    ----------------------------------------------------------------------

==============================================================================


      Code (inc. data)   RO Data    RW Data    ZI Data      Debug   

     10988        836        556        196       1300     340967   Grand Totals
     10988        836        556        196       1300     340967   ELF Image Totals
     10988        836        556        196          0          0   ROM Totals

==============================================================================

    Total RO  Size (Code + RO Data)                11544 (  11.27kB)
    Total RW  Size (RW Data + ZI Data)              1496 (   1.46kB)
    Total ROM Size (Code + RO Data + RW Data)      11740 (  11.46kB)

==============================================================================

