<html>
<body>
<pre>
<h1>礦ision Build Log</h1>
<h2>Tool Versions:</h2>
IDE-Version: μVision V5.16a
Copyright (C) 2015 ARM Ltd and ARM Germany GmbH. All rights reserved.
License Information: ye zheng, mei, LIC=W96Y8-3M0PZ-QGF7I-TFIP7-FS84T-08Y3E
 
Tool Versions:
Toolchain:       MDK-ARM Professional  Version: 5.16a
Toolchain Path:  C:\Keil_v5\ARM\ARMCC\Bin
C Compiler:      Armcc.exe V5.06 (build 20)
Assembler:       Armasm.exe V5.06 (build 20)
Linker/Locator:  ArmLink.exe V5.06 (build 20)
Library Manager: ArmAr.exe V5.06 (build 20)
Hex Converter:   FromElf.exe V5.06 (build 20)
CPU DLL:         SARMCM3.DLL V5.16a
Dialog DLL:      DCM.DLL V1.13.2.0
Target DLL:      Segger\JL2CM3.dll V2.99.15.2
Dialog DLL:      TCM.DLL V1.14.5.0
 
<h2>Project:</h2>
D:\mygit\lindong\pionnerSTM32\PIO改\PIO改\XiaoNeiSai.uvprojx
Project File Date:  07/05/2017

<h2>Output:</h2>
*** Using Compiler 'V5.06 (build 20)', folder: 'C:\Keil_v5\ARM\ARMCC\Bin'
Build target 'xiaoneisai'
assembling startup_stm32f10x_hd.s...
compiling core_cm3.c...
compiling system_stm32f10x.c...
compiling misc.c...
compiling stm32f10x_rcc.c...
compiling stm32f10x_gpio.c...
compiling stm32f10x_dma.c...
compiling stm32f10x_usart.c...
compiling stm32f10x_adc.c...
compiling stm32f10x_tim.c...
compiling stm32f10x_pwr.c...
compiling stm32f10x_exti.c...
compiling stm32f10x_dac.c...
compiling stm32f10x_flash.c...
compiling Delay.c...
compiling IOinput.c...
compiling IOoutput.c...
compiling Encoder.c...
Drivers\Encoder.c(379): warning:  #940-D: missing return statement at end of non-void function "Robot_Loaction"
  }
Drivers\Encoder.c: 1 warning, 0 errors
compiling Motor.c...
compiling Sensor.c...
compiling Servo.c...
compiling Usart.c...
Drivers\Usart.c(225): warning:  #940-D: missing return statement at end of non-void function "Code_receive_speed"
  }
Drivers\Usart.c: 1 warning, 0 errors
compiling Pid.c...
Drivers\Pid.c(125): warning:  #177-D: variable "dd_error" was declared but never referenced
  	  SINT32 dd_error = 0;
Drivers\Pid.c: 1 warning, 0 errors
compiling Tim.c...
compiling mpu9250.c...
compiling main.c...
User\main.c(41): warning:  #177-D: variable "i" was declared but never referenced
  		int i,j;
User\main.c(41): warning:  #177-D: variable "j" was declared but never referenced
  		int i,j;
User\main.c(68): warning:  #177-D: variable "flagg" was declared but never referenced
  		int flagg=0;
User\main.c: 3 warnings, 0 errors
compiling stm32f10x_it.c...
compiling schedule.c...
compiling systick.c...
compiling datatrans.c...
User\datatrans.c(179): warning:  #550-D: variable "u4_cnt" was set but never used
      static unsigned char u4_cnt = 0;
User\datatrans.c(180): warning:  #550-D: variable "u4_len" was set but never used
      static unsigned char u4_len = 0;
User\datatrans.c: 2 warnings, 0 errors
linking...
Program Size: Code=25368 RO-data=632 RW-data=388 ZI-data=2772  
FromELF: creating hex file...
".\Output\XiaoNeiSai.axf" - 0 Error(s), 8 Warning(s).

<h2>Collection of Component include folders:</h2>
  D:\mygit\lindong\pionnerSTM32\PIO改\PIO改\RTE
  C:\Keil_v5\ARM\PACK\Keil\STM32F1xx_DFP\1.0.5\Device\Include

<h2>Collection of Component Files used:</h2>
Build Time Elapsed:  00:00:06
</pre>
</body>
</html>
